Archive member included to satisfy reference by file (symbol)

c:/program files/microchip/xc32/v4.60/bin/bin/../../lib/gcc/pic32c/8.3.1/../../../../pic32c/lib/thumb/v7e-m+fp/hard\libpic32c.a(data_init.o)
                              build/sam_e51_cnano/production/_ext/570918426/startup_xc32.o (__pic32c_data_initialization)
c:/program files/microchip/xc32/v4.60/bin/bin/../../lib/gcc/pic32c/8.3.1/../../../../pic32c/lib/thumb/v7e-m+fp/hard\libc-size-musl.a(memcpy.o)
                              build/sam_e51_cnano/production/_ext/226030394/plib_nvmctrl.o (memcpy)
c:/program files/microchip/xc32/v4.60/bin/bin/../../lib/gcc/pic32c/8.3.1/../../../../pic32c/lib/thumb/v7e-m+fp/hard\libc-size-musl.a(memset.o)
                              build/sam_e51_cnano/production/_ext/1360937237/main_sam_e51_cnano.o (memset)
c:/program files/microchip/xc32/v4.60/bin/bin/../../lib/gcc/pic32c/8.3.1/../../../../pic32c/lib/thumb/v7e-m+fp/hard\libc-size-musl.a(strlen.o)
                              build/sam_e51_cnano/production/_ext/1360937237/main_sam_e51_cnano.o (strlen)
c:/program files/microchip/xc32/v4.60/bin/bin/../../lib/gcc/pic32c/8.3.1/../../../../pic32c/lib/thumb/v7e-m+fp/hard\libc-musl.a(__libc_start_main.o)
                              build/sam_e51_cnano/production/_ext/570918426/startup_xc32.o (__libc_init_array)
c:/program files/microchip/xc32/v4.60/bin/bin/../../lib/gcc/pic32c/8.3.1/../../../../pic32c/lib/thumb/v7e-m+fp/hard\libc-musl.a(libc.o)
                              c:/program files/microchip/xc32/v4.60/bin/bin/../../lib/gcc/pic32c/8.3.1/../../../../pic32c/lib/thumb/v7e-m+fp/hard\libc-musl.a(__libc_start_main.o) (__progname_full)
c:/program files/microchip/xc32/v4.60/bin/bin/../../lib/gcc/pic32c/8.3.1/../../../../pic32c/lib/thumb/v7e-m+fp/hard\libc-musl.a(__sio_sprintf_cns.o)
                              (_sprintf_cns)
c:/program files/microchip/xc32/v4.60/bin/bin/../../lib/gcc/pic32c/8.3.1/../../../../pic32c/lib/thumb/v7e-m+fp/hard\libc-musl.a(__fmt_s.o)
                              c:/program files/microchip/xc32/v4.60/bin/bin/../../lib/gcc/pic32c/8.3.1/../../../../pic32c/lib/thumb/v7e-m+fp/hard\libc-musl.a(__sio_sprintf_cns.o) (__fmt_s_needed)
c:/program files/microchip/xc32/v4.60/bin/bin/../../lib/gcc/pic32c/8.3.1/../../../../pic32c/lib/thumb/v7e-m+fp/hard\libc-musl.a(__pop_ptr.o)
                              c:/program files/microchip/xc32/v4.60/bin/bin/../../lib/gcc/pic32c/8.3.1/../../../../pic32c/lib/thumb/v7e-m+fp/hard\libc-musl.a(__sio_sprintf_cns.o) (__pop_ptr_needed)
c:/program files/microchip/xc32/v4.60/bin/bin/../../lib/gcc/pic32c/8.3.1/../../../../pic32c/lib/thumb/v7e-m+fp/hard\libc-musl.a(__printf_core.o)
                              c:/program files/microchip/xc32/v4.60/bin/bin/../../lib/gcc/pic32c/8.3.1/../../../../pic32c/lib/thumb/v7e-m+fp/hard\libc-musl.a(__fmt_s.o) (__pad)
c:/program files/microchip/xc32/v4.60/bin/bin/../../lib/gcc/pic32c/8.3.1/../../../../pic32c/lib/thumb/v7e-m+fp/hard\libc-musl.a(atoi.o)
                              c:/program files/microchip/xc32/v4.60/bin/bin/../../lib/gcc/pic32c/8.3.1/../../../../pic32c/lib/thumb/v7e-m+fp/hard\libc-musl.a(__printf_core.o) (atoi)
c:/program files/microchip/xc32/v4.60/bin/bin/../../lib/gcc/pic32c/8.3.1/../../../../pic32c/lib/thumb/v7e-m+fp/hard\libc-musl.a(tolower.o)
                              c:/program files/microchip/xc32/v4.60/bin/bin/../../lib/gcc/pic32c/8.3.1/../../../../pic32c/lib/thumb/v7e-m+fp/hard\libc-musl.a(__printf_core.o) (tolower)
c:/program files/microchip/xc32/v4.60/bin/bin/../../lib/gcc/pic32c/8.3.1/../../../../pic32c/lib/thumb/v7e-m+fp/hard\libc-musl.a(__environ.o)
                              c:/program files/microchip/xc32/v4.60/bin/bin/../../lib/gcc/pic32c/8.3.1/../../../../pic32c/lib/thumb/v7e-m+fp/hard\libc-musl.a(__libc_start_main.o) (__environ)
c:/program files/microchip/xc32/v4.60/bin/bin/../../lib/gcc/pic32c/8.3.1/../../../../pic32c/lib/thumb/v7e-m+fp/hard\libc-musl.a(__errno_location.o)
                              c:/program files/microchip/xc32/v4.60/bin/bin/../../lib/gcc/pic32c/8.3.1/../../../../pic32c/lib/thumb/v7e-m+fp/hard\libc-musl.a(__printf_core.o) (__errno_val)
c:/program files/microchip/xc32/v4.60/bin/bin/../../lib/gcc/pic32c/8.3.1/../../../../pic32c/lib/thumb/v7e-m+fp/hard\libc-musl.a(__int_vsprintf.o)
                              c:/program files/microchip/xc32/v4.60/bin/bin/../../lib/gcc/pic32c/8.3.1/../../../../pic32c/lib/thumb/v7e-m+fp/hard\libc-musl.a(__sio_sprintf_cns.o) (__vsprintf)
c:/program files/microchip/xc32/v4.60/bin/bin/../../lib/gcc/pic32c/8.3.1/../../../../pic32c/lib/thumb/v7e-m+fp/hard\libc-musl.a(__pop_float.o)
                              c:/program files/microchip/xc32/v4.60/bin/bin/../../lib/gcc/pic32c/8.3.1/../../../../pic32c/lib/thumb/v7e-m+fp/hard\libc-musl.a(__printf_core.o) (__pop_float)
[...]
Memory Configuration

Name             Origin             Length             Attributes
rom              0x0000000000000000 0x0000000000100000 xrl
ram              0x0000000020000000 0x0000000000040000 xw !r
tcm              0x0000000003000000 0x0000000000000000 xw
bkupram          0x0000000047000000 0x0000000000002000
config_00804000  0x0000000000804000 0x0000000000000004
config_00804004  0x0000000000804004 0x0000000000000004
config_00804008  0x0000000000804008 0x0000000000000004
*default*        0x0000000000000000 0xffffffffffffffff

Linker script and memory map

LOAD c:/program files/microchip/xc32/v4.60/bin/bin/../../lib/gcc/pic32c/8.3.1/thumb/v7e-m+fp/hard/crti.o
LOAD c:/program files/microchip/xc32/v4.60/bin/bin/../../lib/gcc/pic32c/8.3.1/thumb/v7e-m+fp/hard/crtbegin.o
LOAD build/sam_e51_cnano/production/_ext/7187140/plib_clock.o
LOAD build/sam_e51_cnano/production/_ext/831051564/plib_cmcc.o
LOAD build/sam_e51_cnano/production/_ext/831021835/plib_dmac.o
LOAD build/sam_e51_cnano/production/_ext/1220119669/plib_eic.o
LOAD build/sam_e51_cnano/production/_ext/9336626/plib_evsys.o
LOAD build/sam_e51_cnano/production/_ext/830715028/plib_nvic.o
LOAD build/sam_e51_cnano/production/_ext/226030394/plib_nvmctrl.o
LOAD build/sam_e51_cnano/production/_ext/830661877/plib_port.o
LOAD build/sam_e51_cnano/production/_ext/1220132503/plib_rtc_timer.o
LOAD build/sam_e51_cnano/production/_ext/314480351/plib_sercom5_usart.o
LOAD build/sam_e51_cnano/production/_ext/865175840/xc32_monitor.o
LOAD build/sam_e51_cnano/production/_ext/570918426/initialization.o
LOAD build/sam_e51_cnano/production/_ext/570918426/interrupts.o
LOAD build/sam_e51_cnano/production/_ext/570918426/exceptions.o
LOAD build/sam_e51_cnano/production/_ext/570918426/startup_xc32.o
LOAD build/sam_e51_cnano/production/_ext/570918426/libc_syscalls.o
LOAD build/sam_e51_cnano/production/_ext/1360937237/main_sam_e51_cnano.o
                0x0000000000000001                __MPLAB_BUILD = 0x1
                0x0000000000100000                __rom_end = (ORIGIN (rom) + LENGTH (rom))
                0x0000000020040000                __ram_end = (ORIGIN (ram) + LENGTH (ram))

.config_00804000
 *(.config_00804000)

.config_00804004
 *(.config_00804004)

.config_00804008
 *(.config_00804008)

.vectors        0x0000000000000000      0x260
                0x0000000000000000                . = ALIGN (0x4)
                0x0000000000000000                _sfixed = .
 *(.vectors .vectors.* .vectors_default .vectors_default.*)
 .vectors.exception_table
                0x0000000000000000      0x260 build/sam_e51_cnano/production/_ext/570918426/interrupts.o
                0x0000000000000000                exception_table
 *(.isr_vector)
 *(.reset*)
 *(.after_vectors)

.text           0x0000000000000260       0x20
                0x0000000000000260                . = ALIGN (0x4)
 *(.glue_7t)
 .glue_7t       0x0000000000000260        0x0 linker stubs
 *(.glue_7)
 .glue_7        0x0000000000000260        0x0 linker stubs
 *(.gnu.linkonce.r.*)
 *(.ARM.extab* .gnu.linkonce.armextab.*)
                0x0000000000000260                . = ALIGN (0x4)
 *(.init)
 .init          0x0000000000000260        0x4 c:/program files/microchip/xc32/v4.60/bin/bin/../../lib/gcc/pic32c/8.3.1/thumb/v7e-m+fp/hard/crti.o
                0x0000000000000260                _init
 .init          0x0000000000000264        0x8 c:/program files/microchip/xc32/v4.60/bin/bin/../../lib/gcc/pic32c/8.3.1/thumb/v7e-m+fp/hard/crtn.o
                0x000000000000026c                . = ALIGN (0x4)
                0x000000000000026c                __preinit_array_start = .
 *(.preinit_array)
                0x000000000000026c                __preinit_array_end = .
                0x000000000000026c                . = ALIGN (0x4)
                0x000000000000026c                __init_array_start = .
 *(SORT_BY_NAME(.init_array.*))
 *(.init_array)
 .init_array    0x000000000000026c        0x4 c:/program files/microchip/xc32/v4.60/bin/bin/../../lib/gcc/pic32c/8.3.1/thumb/v7e-m+fp/hard/crtbegin.o
                0x0000000000000270                __init_array_end = .
                0x0000000000000270                . = ALIGN (0x4)
 *crtbegin.o(.ctors)
 *(EXCLUDE_FILE(*crtend.o) .ctors)
 *(SORT_BY_NAME(.ctors.*))
 *crtend.o(.ctors)
                0x0000000000000270                . = ALIGN (0x4)
 *(.fini)
 .fini          0x0000000000000270        0x4 c:/program files/microchip/xc32/v4.60/bin/bin/../../lib/gcc/pic32c/8.3.1/thumb/v7e-m+fp/hard/crti.o
                0x0000000000000270                _fini
 .fini          0x0000000000000274        0x8 c:/program files/microchip/xc32/v4.60/bin/bin/../../lib/gcc/pic32c/8.3.1/thumb/v7e-m+fp/hard/crtn.o
                0x000000000000027c                . = ALIGN (0x4)
                0x000000000000027c                __fini_array_start = .
 *(.fini_array)
 .fini_array    0x000000000000027c        0x4 c:/program files/microchip/xc32/v4.60/bin/bin/../../lib/gcc/pic32c/8.3.1/thumb/v7e-m+fp/hard/crtbegin.o
 *(SORT_BY_NAME(.fini_array.*))
                0x0000000000000280                __fini_array_end = .
 *crtbegin.o(.dtors)
 *(EXCLUDE_FILE(*crtend.o) .dtors)
 *(SORT_BY_NAME(.dtors.*))
 *crtend.o(.dtors)
                0x0000000000000280                . = ALIGN (0x4)
                0x0000000000000280                _efixed = .
                [!provide]                        PROVIDE (__exidx_start = .)

.ARM.exidx
 *(.ARM.exidx* .gnu.linkonce.armexidx.*)
                [!provide]                        PROVIDE (__exidx_end = .)
                0x0000000000000280                . = ALIGN (0x4)
                0x0000000000000280                _etext = .

.bss            0x0000000020000000        0x0
                0x0000000020000000                . = ALIGN (0x4)
                0x0000000020000000                __bss_start__ = .
                0x0000000020000000                _sbss = .
                0x0000000020000000                _szero = .
 *(COMMON)
                0x0000000020000000                . = ALIGN (0x4)
                0x0000000020000000                __bss_end__ = .
                0x0000000020000000                _ebss = .
                0x0000000020000000                _ezero = .
                0x0000000020000000                . = ALIGN (0x4)
                0x0000000020000000                _end = .
                0x000000002003ffff                _ram_end_ = ((ORIGIN (ram) + LENGTH (ram)) - 0x1)

.bkupram_bss
 *(.bkupram_bss .bkupram_bss.*)
 *(.pbss .pbss.*)
                0x0000000000000200                _min_heap_size = 0x200
START GROUP
LOAD c:/program files/microchip/xc32/v4.60/bin/bin/../../lib/gcc/pic32c/8.3.1/../../../../pic32c/lib/thumb/v7e-m+fp/hard\libpic32c.a
LOAD c:/program files/microchip/xc32/v4.60/bin/bin/../../lib/gcc/pic32c/8.3.1/../../../../pic32c/lib/thumb/v7e-m+fp/hard\libc-size-musl.a
LOAD c:/program files/microchip/xc32/v4.60/bin/bin/../../lib/gcc/pic32c/8.3.1/../../../../pic32c/lib/thumb/v7e-m+fp/hard\liblmalloc-musl.a
LOAD c:/program files/microchip/xc32/v4.60/bin/bin/../../lib/gcc/pic32c/8.3.1/../../../../pic32c/lib/thumb/v7e-m+fp/hard\libm-fast-emfloat.a
LOAD c:/program files/microchip/xc32/v4.60/bin/bin/../../lib/gcc/pic32c/8.3.1/../../../../pic32c/lib/thumb/v7e-m+fp/hard\libm-musl.a
LOAD c:/program files/microchip/xc32/v4.60/bin/bin/../../lib/gcc/pic32c/8.3.1/../../../../pic32c/lib/thumb/v7e-m+fp/hard\libc-musl.a
LOAD c:/program files/microchip/xc32/v4.60/bin/bin/../../lib/gcc/pic32c/8.3.1/../../../../pic32c/lib/thumb/v7e-m+fp/hard\libm-fast-emfloat.a
LOAD c:/program files/microchip/xc32/v4.60/bin/bin/../../lib/gcc/pic32c/8.3.1/../../../../pic32c/lib/thumb/v7e-m+fp/hard\libm-musl.a
LOAD c:/program files/microchip/xc32/v4.60/bin/bin/../../lib/gcc/pic32c/8.3.1/thumb/v7e-m+fp/hard\libgcc.a
END GROUP
LOAD c:/program files/microchip/xc32/v4.60/bin/bin/../../lib/gcc/pic32c/8.3.1/thumb/v7e-m+fp/hard/crtend.o
LOAD c:/program files/microchip/xc32/v4.60/bin/bin/../../lib/gcc/pic32c/8.3.1/thumb/v7e-m+fp/hard/crtn.o
OUTPUT(dist/sam_e51_cnano/production/sam_e51_cnano.X.production.elf elf32-littlearm)
LOAD data_init
LOAD stack

.ARM.attributes
                0x0000000000000000       0x34
 .ARM.attributes
                0x0000000000000000       0x1e c:/program files/microchip/xc32/v4.60/bin/bin/../../lib/gcc/pic32c/8.3.1/thumb/v7e-m+fp/hard/crti.o
 .ARM.attributes
                0x000000000000001e       0x34 c:/program files/microchip/xc32/v4.60/bin/bin/../../lib/gcc/pic32c/8.3.1/thumb/v7e-m+fp/hard/crtbegin.o
 .ARM.attributes
                0x0000000000000052       0x34 build/sam_e51_cnano/production/_ext/7187140/plib_clock.o
 .ARM.attributes
                0x0000000000000086       0x34 build/sam_e51_cnano/production/_ext/831021835/plib_dmac.o
 .ARM.attributes
                0x00000000000000ba       0x34 build/sam_e51_cnano/production/_ext/1220119669/plib_eic.o
 .ARM.attributes
                0x00000000000000ee       0x34 build/sam_e51_cnano/production/_ext/9336626/plib_evsys.o
 .ARM.attributes
                0x0000000000000122       0x34 build/sam_e51_cnano/production/_ext/830715028/plib_nvic.o
 .ARM.attributes
                0x0000000000000156       0x34 build/sam_e51_cnano/production/_ext/226030394/plib_nvmctrl.o
 .ARM.attributes
                0x000000000000018a       0x34 build/sam_e51_cnano/production/_ext/830661877/plib_port.o
 .ARM.attributes
                0x00000000000001be       0x34 build/sam_e51_cnano/production/_ext/1220132503/plib_rtc_timer.o
 .ARM.attributes
                0x00000000000001f2       0x34 build/sam_e51_cnano/production/_ext/314480351/plib_sercom5_usart.o
 .ARM.attributes
                0x0000000000000226       0x34 build/sam_e51_cnano/production/_ext/570918426/initialization.o
 .ARM.attributes
                0x000000000000025a       0x34 build/sam_e51_cnano/production/_ext/570918426/interrupts.o
 .ARM.attributes
                0x000000000000028e       0x34 build/sam_e51_cnano/production/_ext/570918426/exceptions.o
 .ARM.attributes
                0x00000000000002c2       0x34 build/sam_e51_cnano/production/_ext/570918426/startup_xc32.o
 .ARM.attributes
                0x00000000000002f6       0x34 build/sam_e51_cnano/production/_ext/1360937237/main_sam_e51_cnano.o
 .ARM.attributes
                0x000000000000032a       0x34 c:/program files/microchip/xc32/v4.60/bin/bin/../../lib/gcc/pic32c/8.3.1/../../../../pic32c/lib/thumb/v7e-m+fp/hard\libpic32c.a(data_init.o)
 .ARM.attributes
                0x000000000000035e       0x36 c:/program files/microchip/xc32/v4.60/bin/bin/../../lib/gcc/pic32c/8.3.1/../../../../pic32c/lib/thumb/v7e-m+fp/hard\libc-size-musl.a(memcpy.o)
 .ARM.attributes
                0x0000000000000394       0x36 c:/program files/microchip/xc32/v4.60/bin/bin/../../lib/gcc/pic32c/8.3.1/../../../../pic32c/lib/thumb/v7e-m+fp/hard\libc-size-musl.a(memset.o)
 .ARM.attributes
                0x00000000000003ca       0x36 c:/program files/microchip/xc32/v4.60/bin/bin/../../lib/gcc/pic32c/8.3.1/../../../../pic32c/lib/thumb/v7e-m+fp/hard\libc-size-musl.a(strlen.o)
 .ARM.attributes
                0x0000000000000400       0x36 c:/program files/microchip/xc32/v4.60/bin/bin/../../lib/gcc/pic32c/8.3.1/../../../../pic32c/lib/thumb/v7e-m+fp/hard\libc-musl.a(__libc_start_main.o)
 .ARM.attributes
                0x0000000000000436       0x34 c:/program files/microchip/xc32/v4.60/bin/bin/../../lib/gcc/pic32c/8.3.1/../../../../pic32c/lib/thumb/v7e-m+fp/hard\libc-musl.a(libc.o)
 .ARM.attributes
                0x000000000000046a       0x36 c:/program files/microchip/xc32/v4.60/bin/bin/../../lib/gcc/pic32c/8.3.1/../../../../pic32c/lib/thumb/v7e-m+fp/hard\libc-musl.a(__sio_sprintf_cns.o)
 .ARM.attributes
                0x00000000000004a0       0x36 c:/program files/microchip/xc32/v4.60/bin/bin/../../lib/gcc/pic32c/8.3.1/../../../../pic32c/lib/thumb/v7e-m+fp/hard\libc-musl.a(__fmt_s.o)
 .ARM.attributes
                0x00000000000004d6       0x36 c:/program files/microchip/xc32/v4.60/bin/bin/../../lib/gcc/pic32c/8.3.1/../../../../pic32c/lib/thumb/v7e-m+fp/hard\libc-musl.a(__pop_ptr.o)
 .ARM.attributes
                0x000000000000050c       0x36 c:/program files/microchip/xc32/v4.60/bin/bin/../../lib/gcc/pic32c/8.3.1/../../../../pic32c/lib/thumb/v7e-m+fp/hard\libc-musl.a(__printf_core.o)
 .ARM.attributes
                0x0000000000000542       0x36 c:/program files/microchip/xc32/v4.60/bin/bin/../../lib/gcc/pic32c/8.3.1/../../../../pic32c/lib/thumb/v7e-m+fp/hard\libc-musl.a(atoi.o)
 .ARM.attributes
                0x0000000000000578       0x36 c:/program files/microchip/xc32/v4.60/bin/bin/../../lib/gcc/pic32c/8.3.1/../../../../pic32c/lib/thumb/v7e-m+fp/hard\libc-musl.a(tolower.o)
 .ARM.attributes
                0x00000000000005ae       0x34 c:/program files/microchip/xc32/v4.60/bin/bin/../../lib/gcc/pic32c/8.3.1/../../../../pic32c/lib/thumb/v7e-m+fp/hard\libc-musl.a(__environ.o)
 .ARM.attributes
                0x00000000000005e2       0x34 c:/program files/microchip/xc32/v4.60/bin/bin/../../lib/gcc/pic32c/8.3.1/../../../../pic32c/lib/thumb/v7e-m+fp/hard\libc-musl.a(__errno_location.o)
 .ARM.attributes
                0x0000000000000616       0x36 c:/program files/microchip/xc32/v4.60/bin/bin/../../lib/gcc/pic32c/8.3.1/../../../../pic32c/lib/thumb/v7e-m+fp/hard\libc-musl.a(__int_vsprintf.o)
 .ARM.attributes
                0x000000000000064c       0x36 c:/program files/microchip/xc32/v4.60/bin/bin/../../lib/gcc/pic32c/8.3.1/../../../../pic32c/lib/thumb/v7e-m+fp/hard\libc-musl.a(__pop_float.o)
 .ARM.attributes
                0x0000000000000682       0x36 c:/program files/microchip/xc32/v4.60/bin/bin/../../lib/gcc/pic32c/8.3.1/../../../../pic32c/lib/thumb/v7e-m+fp/hard\libc-musl.a(__pop_int.o)
 .ARM.attributes
                0x00000000000006b8       0x36 c:/program files/microchip/xc32/v4.60/bin/bin/../../lib/gcc/pic32c/8.3.1/../../../../pic32c/lib/thumb/v7e-m+fp/hard\libc-musl.a(__int_vsnprintf.o)
 .ARM.attributes
                0x00000000000006ee       0x36 c:/program files/microchip/xc32/v4.60/bin/bin/../../lib/gcc/pic32c/8.3.1/../../../../pic32c/lib/thumb/v7e-m+fp/hard\libc-musl.a(__int_vfprintf.o)
 .ARM.attributes
                0x0000000000000724       0x1e c:/program files/microchip/xc32/v4.60/bin/bin/../../lib/gcc/pic32c/8.3.1/thumb/v7e-m+fp/hard/crtn.o
 .ARM.attributes
                0x0000000000000742       0x34 c:/program files/microchip/xc32/v4.60/bin/bin/../../lib/gcc/pic32c/8.3.1/../../../../pic32c/lib/thumb/v7e-m+fp/hard\libpic32c.a(pic32_data_init_clear.o)
 .ARM.attributes
                0x0000000000000776       0x34 c:/program files/microchip/xc32/v4.60/bin/bin/../../lib/gcc/pic32c/8.3.1/../../../../pic32c/lib/thumb/v7e-m+fp/hard\libpic32c.a(pic32_data_init_copy.o)

.comment        0x0000000000000000       0x2b
 .comment       0x0000000000000000       0x2b c:/program files/microchip/xc32/v4.60/bin/bin/../../lib/gcc/pic32c/8.3.1/thumb/v7e-m+fp/hard/crtbegin.o
                                         0x2c (size before relaxing)
 .comment       0x000000000000002b       0x2c build/sam_e51_cnano/production/_ext/7187140/plib_clock.o
 .comment       0x000000000000002b       0x2c build/sam_e51_cnano/production/_ext/831021835/plib_dmac.o
 .comment       0x000000000000002b       0x2c build/sam_e51_cnano/production/_ext/1220119669/plib_eic.o
 .comment       0x000000000000002b       0x2c build/sam_e51_cnano/production/_ext/9336626/plib_evsys.o
 .comment       0x000000000000002b       0x2c build/sam_e51_cnano/production/_ext/830715028/plib_nvic.o
 .comment       0x000000000000002b       0x2c build/sam_e51_cnano/production/_ext/226030394/plib_nvmctrl.o
 .comment       0x000000000000002b       0x2c build/sam_e51_cnano/production/_ext/830661877/plib_port.o
 .comment       0x000000000000002b       0x2c build/sam_e51_cnano/production/_ext/1220132503/plib_rtc_timer.o
 .comment       0x000000000000002b       0x2c build/sam_e51_cnano/production/_ext/314480351/plib_sercom5_usart.o
 .comment       0x000000000000002b       0x2c build/sam_e51_cnano/production/_ext/570918426/initialization.o
 .comment       0x000000000000002b       0x2c build/sam_e51_cnano/production/_ext/570918426/interrupts.o
 .comment       0x000000000000002b       0x2c build/sam_e51_cnano/production/_ext/570918426/exceptions.o
 .comment       0x000000000000002b       0x2c build/sam_e51_cnano/production/_ext/570918426/startup_xc32.o
 .comment       0x000000000000002b       0x2c build/sam_e51_cnano/production/_ext/1360937237/main_sam_e51_cnano.o
 .comment       0x000000000000002b       0x2c c:/program files/microchip/xc32/v4.60/bin/bin/../../lib/gcc/pic32c/8.3.1/../../../../pic32c/lib/thumb/v7e-m+fp/hard\libpic32c.a(data_init.o)
 .comment       0x000000000000002b       0x2c c:/program files/microchip/xc32/v4.60/bin/bin/../../lib/gcc/pic32c/8.3.1/../../../../pic32c/lib/thumb/v7e-m+fp/hard\libc-size-musl.a(memcpy.o)
 .comment       0x000000000000002b       0x2c c:/program files/microchip/xc32/v4.60/bin/bin/../../lib/gcc/pic32c/8.3.1/../../../../pic32c/lib/thumb/v7e-m+fp/hard\libc-size-musl.a(memset.o)
 .comment       0x000000000000002b       0x2c c:/program files/microchip/xc32/v4.60/bin/bin/../../lib/gcc/pic32c/8.3.1/../../../../pic32c/lib/thumb/v7e-m+fp/hard\libc-size-musl.a(strlen.o)
 .comment       0x000000000000002b       0x2c c:/program files/microchip/xc32/v4.60/bin/bin/../../lib/gcc/pic32c/8.3.1/../../../../pic32c/lib/thumb/v7e-m+fp/hard\libc-musl.a(__libc_start_main.o)
 .comment       0x000000000000002b       0x2c c:/program files/microchip/xc32/v4.60/bin/bin/../../lib/gcc/pic32c/8.3.1/../../../../pic32c/lib/thumb/v7e-m+fp/hard\libc-musl.a(libc.o)
 .comment       0x000000000000002b       0x2c c:/program files/microchip/xc32/v4.60/bin/bin/../../lib/gcc/pic32c/8.3.1/../../../../pic32c/lib/thumb/v7e-m+fp/hard\libc-musl.a(__sio_sprintf_cns.o)
 .comment       0x000000000000002b       0x2c c:/program files/microchip/xc32/v4.60/bin/bin/../../lib/gcc/pic32c/8.3.1/../../../../pic32c/lib/thumb/v7e-m+fp/hard\libc-musl.a(__fmt_s.o)
 .comment       0x000000000000002b       0x2c c:/program files/microchip/xc32/v4.60/bin/bin/../../lib/gcc/pic32c/8.3.1/../../../../pic32c/lib/thumb/v7e-m+fp/hard\libc-musl.a(__pop_ptr.o)
 .comment       0x000000000000002b       0x2c c:/program files/microchip/xc32/v4.60/bin/bin/../../lib/gcc/pic32c/8.3.1/../../../../pic32c/lib/thumb/v7e-m+fp/hard\libc-musl.a(__printf_core.o)
 .comment       0x000000000000002b       0x2c c:/program files/microchip/xc32/v4.60/bin/bin/../../lib/gcc/pic32c/8.3.1/../../../../pic32c/lib/thumb/v7e-m+fp/hard\libc-musl.a(atoi.o)
 .comment       0x000000000000002b       0x2c c:/program files/microchip/xc32/v4.60/bin/bin/../../lib/gcc/pic32c/8.3.1/../../../../pic32c/lib/thumb/v7e-m+fp/hard\libc-musl.a(tolower.o)
 .comment       0x000000000000002b       0x2c c:/program files/microchip/xc32/v4.60/bin/bin/../../lib/gcc/pic32c/8.3.1/../../../../pic32c/lib/thumb/v7e-m+fp/hard\libc-musl.a(__environ.o)
 .comment       0x000000000000002b       0x2c c:/program files/microchip/xc32/v4.60/bin/bin/../../lib/gcc/pic32c/8.3.1/../../../../pic32c/lib/thumb/v7e-m+fp/hard\libc-musl.a(__errno_location.o)
 .comment       0x000000000000002b       0x2c c:/program files/microchip/xc32/v4.60/bin/bin/../../lib/gcc/pic32c/8.3.1/../../../../pic32c/lib/thumb/v7e-m+fp/hard\libc-musl.a(__int_vsprintf.o)
 .comment       0x000000000000002b       0x2c c:/program files/microchip/xc32/v4.60/bin/bin/../../lib/gcc/pic32c/8.3.1/../../../../pic32c/lib/thumb/v7e-m+fp/hard\libc-musl.a(__pop_float.o)
 .comment       0x000000000000002b       0x2c c:/program files/microchip/xc32/v4.60/bin/bin/../../lib/gcc/pic32c/8.3.1/../../../../pic32c/lib/thumb/v7e-m+fp/hard\libc-musl.a(__pop_int.o)
 .comment       0x000000000000002b       0x2c c:/program files/microchip/xc32/v4.60/bin/bin/../../lib/gcc/pic32c/8.3.1/../../../../pic32c/lib/thumb/v7e-m+fp/hard\libc-musl.a(__int_vsnprintf.o)
 .comment       0x000000000000002b       0x2c c:/program files/microchip/xc32/v4.60/bin/bin/../../lib/gcc/pic32c/8.3.1/../../../../pic32c/lib/thumb/v7e-m+fp/hard\libc-musl.a(__int_vfprintf.o)
 .comment       0x000000000000002b       0x2c c:/program files/microchip/xc32/v4.60/bin/bin/../../lib/gcc/pic32c/8.3.1/../../../../pic32c/lib/thumb/v7e-m+fp/hard\libpic32c.a(pic32_data_init_clear.o)
 .comment       0x000000000000002b       0x2c c:/program files/microchip/xc32/v4.60/bin/bin/../../lib/gcc/pic32c/8.3.1/../../../../pic32c/lib/thumb/v7e-m+fp/hard\libpic32c.a(pic32_data_init_copy.o)

.debug_info     0x0000000000000000     0x8fd3
 .debug_info    0x0000000000000000      0x639 build/sam_e51_cnano/production/_ext/7187140/plib_clock.o
 .debug_info    0x0000000000000639      0xb9c build/sam_e51_cnano/production/_ext/831021835/plib_dmac.o
 .debug_info    0x00000000000011d5      0x38a build/sam_e51_cnano/production/_ext/1220119669/plib_eic.o
 .debug_info    0x000000000000155f       0x9b build/sam_e51_cnano/production/_ext/9336626/plib_evsys.o
 .debug_info    0x00000000000015fa      0xacd build/sam_e51_cnano/production/_ext/830715028/plib_nvic.o
 .debug_info    0x00000000000020c7      0x8e5 build/sam_e51_cnano/production/_ext/226030394/plib_nvmctrl.o
 .debug_info    0x00000000000029ac      0x6d4 build/sam_e51_cnano/production/_ext/830661877/plib_port.o
 .debug_info    0x0000000000003080      0xad8 build/sam_e51_cnano/production/_ext/1220132503/plib_rtc_timer.o
 .debug_info    0x0000000000003b58      0xe33 build/sam_e51_cnano/production/_ext/314480351/plib_sercom5_usart.o
 .debug_info    0x000000000000498b      0x18e build/sam_e51_cnano/production/_ext/570918426/initialization.o
 .debug_info    0x0000000000004b19      0xa73 build/sam_e51_cnano/production/_ext/570918426/interrupts.o
 .debug_info    0x000000000000558c      0x116 build/sam_e51_cnano/production/_ext/570918426/exceptions.o
 .debug_info    0x00000000000056a2      0x55b build/sam_e51_cnano/production/_ext/570918426/startup_xc32.o
 .debug_info    0x0000000000005bfd      0xfbf build/sam_e51_cnano/production/_ext/1360937237/main_sam_e51_cnano.o
 .debug_info    0x0000000000006bbc       0x68 c:/program files/microchip/xc32/v4.60/bin/bin/../../lib/gcc/pic32c/8.3.1/../../../../pic32c/lib/thumb/v7e-m+fp/hard\libpic32c.a(data_init.o)
 .debug_info    0x0000000000006c24       0xf3 c:/program files/microchip/xc32/v4.60/bin/bin/../../lib/gcc/pic32c/8.3.1/../../../../pic32c/lib/thumb/v7e-m+fp/hard\libc-size-musl.a(memcpy.o)
 .debug_info    0x0000000000006d17       0xbb c:/program files/microchip/xc32/v4.60/bin/bin/../../lib/gcc/pic32c/8.3.1/../../../../pic32c/lib/thumb/v7e-m+fp/hard\libc-size-musl.a(memset.o)
 .debug_info    0x0000000000006dd2       0xa4 c:/program files/microchip/xc32/v4.60/bin/bin/../../lib/gcc/pic32c/8.3.1/../../../../pic32c/lib/thumb/v7e-m+fp/hard\libc-size-musl.a(strlen.o)
 .debug_info    0x0000000000006e76      0x2fb c:/program files/microchip/xc32/v4.60/bin/bin/../../lib/gcc/pic32c/8.3.1/../../../../pic32c/lib/thumb/v7e-m+fp/hard\libc-musl.a(__libc_start_main.o)
 .debug_info    0x0000000000007171      0x276 c:/program files/microchip/xc32/v4.60/bin/bin/../../lib/gcc/pic32c/8.3.1/../../../../pic32c/lib/thumb/v7e-m+fp/hard\libc-musl.a(libc.o)
 .debug_info    0x00000000000073e7      0x191 c:/program files/microchip/xc32/v4.60/bin/bin/../../lib/gcc/pic32c/8.3.1/../../../../pic32c/lib/thumb/v7e-m+fp/hard\libc-musl.a(__sio_sprintf_cns.o)
 .debug_info    0x0000000000007578      0x2b2 c:/program files/microchip/xc32/v4.60/bin/bin/../../lib/gcc/pic32c/8.3.1/../../../../pic32c/lib/thumb/v7e-m+fp/hard\libc-musl.a(__fmt_s.o)
 .debug_info    0x000000000000782a      0x187 c:/program files/microchip/xc32/v4.60/bin/bin/../../lib/gcc/pic32c/8.3.1/../../../../pic32c/lib/thumb/v7e-m+fp/hard\libc-musl.a(__pop_ptr.o)
 .debug_info    0x00000000000079b1      0xa5d c:/program files/microchip/xc32/v4.60/bin/bin/../../lib/gcc/pic32c/8.3.1/../../../../pic32c/lib/thumb/v7e-m+fp/hard\libc-musl.a(__printf_core.o)
 .debug_info    0x000000000000840e       0xf4 c:/program files/microchip/xc32/v4.60/bin/bin/../../lib/gcc/pic32c/8.3.1/../../../../pic32c/lib/thumb/v7e-m+fp/hard\libc-musl.a(atoi.o)
 .debug_info    0x0000000000008502      0x12b c:/program files/microchip/xc32/v4.60/bin/bin/../../lib/gcc/pic32c/8.3.1/../../../../pic32c/lib/thumb/v7e-m+fp/hard\libc-musl.a(tolower.o)
 .debug_info    0x000000000000862d       0x97 c:/program files/microchip/xc32/v4.60/bin/bin/../../lib/gcc/pic32c/8.3.1/../../../../pic32c/lib/thumb/v7e-m+fp/hard\libc-musl.a(__environ.o)
 .debug_info    0x00000000000086c4       0x5b c:/program files/microchip/xc32/v4.60/bin/bin/../../lib/gcc/pic32c/8.3.1/../../../../pic32c/lib/thumb/v7e-m+fp/hard\libc-musl.a(__errno_location.o)
 .debug_info    0x000000000000871f      0x13f c:/program files/microchip/xc32/v4.60/bin/bin/../../lib/gcc/pic32c/8.3.1/../../../../pic32c/lib/thumb/v7e-m+fp/hard\libc-musl.a(__int_vsprintf.o)
 .debug_info    0x000000000000885e      0x162 c:/program files/microchip/xc32/v4.60/bin/bin/../../lib/gcc/pic32c/8.3.1/../../../../pic32c/lib/thumb/v7e-m+fp/hard\libc-musl.a(__pop_float.o)
 .debug_info    0x00000000000089c0      0x183 c:/program files/microchip/xc32/v4.60/bin/bin/../../lib/gcc/pic32c/8.3.1/../../../../pic32c/lib/thumb/v7e-m+fp/hard\libc-musl.a(__pop_int.o)
 .debug_info    0x0000000000008b43      0x21a c:/program files/microchip/xc32/v4.60/bin/bin/../../lib/gcc/pic32c/8.3.1/../../../../pic32c/lib/thumb/v7e-m+fp/hard\libc-musl.a(__int_vsnprintf.o)
 .debug_info    0x0000000000008d5d      0x1f7 c:/program files/microchip/xc32/v4.60/bin/bin/../../lib/gcc/pic32c/8.3.1/../../../../pic32c/lib/thumb/v7e-m+fp/hard\libc-musl.a(__int_vfprintf.o)
 .debug_info    0x0000000000008f54       0x3f c:/program files/microchip/xc32/v4.60/bin/bin/../../lib/gcc/pic32c/8.3.1/../../../../pic32c/lib/thumb/v7e-m+fp/hard\libpic32c.a(pic32_data_init_clear.o)
 .debug_info    0x0000000000008f93       0x40 c:/program files/microchip/xc32/v4.60/bin/bin/../../lib/gcc/pic32c/8.3.1/../../../../pic32c/lib/thumb/v7e-m+fp/hard\libpic32c.a(pic32_data_init_copy.o)

.debug_abbrev   0x0000000000000000     0x2886
 .debug_abbrev  0x0000000000000000      0x10b build/sam_e51_cnano/production/_ext/7187140/plib_clock.o
 .debug_abbrev  0x000000000000010b      0x35b build/sam_e51_cnano/production/_ext/831021835/plib_dmac.o
 .debug_abbrev  0x0000000000000466      0x184 build/sam_e51_cnano/production/_ext/1220119669/plib_eic.o
 .debug_abbrev  0x00000000000005ea       0x46 build/sam_e51_cnano/production/_ext/9336626/plib_evsys.o
 .debug_abbrev  0x0000000000000630      0x1fe build/sam_e51_cnano/production/_ext/830715028/plib_nvic.o
 .debug_abbrev  0x000000000000082e      0x23c build/sam_e51_cnano/production/_ext/226030394/plib_nvmctrl.o
 .debug_abbrev  0x0000000000000a6a      0x1cd build/sam_e51_cnano/production/_ext/830661877/plib_port.o
 .debug_abbrev  0x0000000000000c37      0x1f0 build/sam_e51_cnano/production/_ext/1220132503/plib_rtc_timer.o
 .debug_abbrev  0x0000000000000e27      0x290 build/sam_e51_cnano/production/_ext/314480351/plib_sercom5_usart.o
 .debug_abbrev  0x00000000000010b7       0x96 build/sam_e51_cnano/production/_ext/570918426/initialization.o
 .debug_abbrev  0x000000000000114d       0xc0 build/sam_e51_cnano/production/_ext/570918426/interrupts.o
 .debug_abbrev  0x000000000000120d       0x49 build/sam_e51_cnano/production/_ext/570918426/exceptions.o
 .debug_abbrev  0x0000000000001256      0x1e3 build/sam_e51_cnano/production/_ext/570918426/startup_xc32.o
 .debug_abbrev  0x0000000000001439      0x1a4 build/sam_e51_cnano/production/_ext/1360937237/main_sam_e51_cnano.o
 .debug_abbrev  0x00000000000015dd       0x44 c:/program files/microchip/xc32/v4.60/bin/bin/../../lib/gcc/pic32c/8.3.1/../../../../pic32c/lib/thumb/v7e-m+fp/hard\libpic32c.a(data_init.o)
 .debug_abbrev  0x0000000000001621       0xbb c:/program files/microchip/xc32/v4.60/bin/bin/../../lib/gcc/pic32c/8.3.1/../../../../pic32c/lib/thumb/v7e-m+fp/hard\libc-size-musl.a(memcpy.o)
 .debug_abbrev  0x00000000000016dc       0xa2 c:/program files/microchip/xc32/v4.60/bin/bin/../../lib/gcc/pic32c/8.3.1/../../../../pic32c/lib/thumb/v7e-m+fp/hard\libc-size-musl.a(memset.o)
 .debug_abbrev  0x000000000000177e       0x91 c:/program files/microchip/xc32/v4.60/bin/bin/../../lib/gcc/pic32c/8.3.1/../../../../pic32c/lib/thumb/v7e-m+fp/hard\libc-size-musl.a(strlen.o)
 .debug_abbrev  0x000000000000180f      0x133 c:/program files/microchip/xc32/v4.60/bin/bin/../../lib/gcc/pic32c/8.3.1/../../../../pic32c/lib/thumb/v7e-m+fp/hard\libc-musl.a(__libc_start_main.o)
 .debug_abbrev  0x0000000000001942       0xd4 c:/program files/microchip/xc32/v4.60/bin/bin/../../lib/gcc/pic32c/8.3.1/../../../../pic32c/lib/thumb/v7e-m+fp/hard\libc-musl.a(libc.o)
 .debug_abbrev  0x0000000000001a16      0x139 c:/program files/microchip/xc32/v4.60/bin/bin/../../lib/gcc/pic32c/8.3.1/../../../../pic32c/lib/thumb/v7e-m+fp/hard\libc-musl.a(__sio_sprintf_cns.o)
 .debug_abbrev  0x0000000000001b4f      0x14c c:/program files/microchip/xc32/v4.60/bin/bin/../../lib/gcc/pic32c/8.3.1/../../../../pic32c/lib/thumb/v7e-m+fp/hard\libc-musl.a(__fmt_s.o)
 .debug_abbrev  0x0000000000001c9b       0xed c:/program files/microchip/xc32/v4.60/bin/bin/../../lib/gcc/pic32c/8.3.1/../../../../pic32c/lib/thumb/v7e-m+fp/hard\libc-musl.a(__pop_ptr.o)
 .debug_abbrev  0x0000000000001d88      0x332 c:/program files/microchip/xc32/v4.60/bin/bin/../../lib/gcc/pic32c/8.3.1/../../../../pic32c/lib/thumb/v7e-m+fp/hard\libc-musl.a(__printf_core.o)
 .debug_abbrev  0x00000000000020ba       0xc6 c:/program files/microchip/xc32/v4.60/bin/bin/../../lib/gcc/pic32c/8.3.1/../../../../pic32c/lib/thumb/v7e-m+fp/hard\libc-musl.a(atoi.o)
 .debug_abbrev  0x0000000000002180      0x108 c:/program files/microchip/xc32/v4.60/bin/bin/../../lib/gcc/pic32c/8.3.1/../../../../pic32c/lib/thumb/v7e-m+fp/hard\libc-musl.a(tolower.o)
 .debug_abbrev  0x0000000000002288       0x62 c:/program files/microchip/xc32/v4.60/bin/bin/../../lib/gcc/pic32c/8.3.1/../../../../pic32c/lib/thumb/v7e-m+fp/hard\libc-musl.a(__environ.o)
 .debug_abbrev  0x00000000000022ea       0x39 c:/program files/microchip/xc32/v4.60/bin/bin/../../lib/gcc/pic32c/8.3.1/../../../../pic32c/lib/thumb/v7e-m+fp/hard\libc-musl.a(__errno_location.o)
 .debug_abbrev  0x0000000000002323       0xce c:/program files/microchip/xc32/v4.60/bin/bin/../../lib/gcc/pic32c/8.3.1/../../../../pic32c/lib/thumb/v7e-m+fp/hard\libc-musl.a(__int_vsprintf.o)
 .debug_abbrev  0x00000000000023f1       0xdc c:/program files/microchip/xc32/v4.60/bin/bin/../../lib/gcc/pic32c/8.3.1/../../../../pic32c/lib/thumb/v7e-m+fp/hard\libc-musl.a(__pop_float.o)
 .debug_abbrev  0x00000000000024cd       0xdc c:/program files/microchip/xc32/v4.60/bin/bin/../../lib/gcc/pic32c/8.3.1/../../../../pic32c/lib/thumb/v7e-m+fp/hard\libc-musl.a(__pop_int.o)
 .debug_abbrev  0x00000000000025a9      0x154 c:/program files/microchip/xc32/v4.60/bin/bin/../../lib/gcc/pic32c/8.3.1/../../../../pic32c/lib/thumb/v7e-m+fp/hard\libc-musl.a(__int_vsnprintf.o)
 .debug_abbrev  0x00000000000026fd      0x12d c:/program files/microchip/xc32/v4.60/bin/bin/../../lib/gcc/pic32c/8.3.1/../../../../pic32c/lib/thumb/v7e-m+fp/hard\libc-musl.a(__int_vfprintf.o)
 .debug_abbrev  0x000000000000282a       0x2e c:/program files/microchip/xc32/v4.60/bin/bin/../../lib/gcc/pic32c/8.3.1/../../../../pic32c/lib/thumb/v7e-m+fp/hard\libpic32c.a(pic32_data_init_clear.o)
 .debug_abbrev  0x0000000000002858       0x2e c:/program files/microchip/xc32/v4.60/bin/bin/../../lib/gcc/pic32c/8.3.1/../../../../pic32c/lib/thumb/v7e-m+fp/hard\libpic32c.a(pic32_data_init_copy.o)

.debug_aranges  0x0000000000000000      0x790
 .debug_aranges
                0x0000000000000000       0x20 build/sam_e51_cnano/production/_ext/7187140/plib_clock.o
 .debug_aranges
                0x0000000000000020       0xa0 build/sam_e51_cnano/production/_ext/831021835/plib_dmac.o
 .debug_aranges
                0x00000000000000c0       0x40 build/sam_e51_cnano/production/_ext/1220119669/plib_eic.o
 .debug_aranges
                0x0000000000000100       0x20 build/sam_e51_cnano/production/_ext/9336626/plib_evsys.o
 .debug_aranges
                0x0000000000000120       0x38 build/sam_e51_cnano/production/_ext/830715028/plib_nvic.o
 .debug_aranges
                0x0000000000000158       0xd8 build/sam_e51_cnano/production/_ext/226030394/plib_nvmctrl.o
 .debug_aranges
                0x0000000000000230       0x70 build/sam_e51_cnano/production/_ext/830661877/plib_port.o
 .debug_aranges
                0x00000000000002a0       0xb0 build/sam_e51_cnano/production/_ext/1220132503/plib_rtc_timer.o
 .debug_aranges
                0x0000000000000350       0x78 build/sam_e51_cnano/production/_ext/314480351/plib_sercom5_usart.o
 .debug_aranges
                0x00000000000003c8       0x20 build/sam_e51_cnano/production/_ext/570918426/initialization.o
 .debug_aranges
                0x00000000000003e8       0x20 build/sam_e51_cnano/production/_ext/570918426/interrupts.o
 .debug_aranges
                0x0000000000000408       0x48 build/sam_e51_cnano/production/_ext/570918426/exceptions.o
 .debug_aranges
                0x0000000000000450       0x28 build/sam_e51_cnano/production/_ext/570918426/startup_xc32.o
 .debug_aranges
                0x0000000000000478       0x38 build/sam_e51_cnano/production/_ext/1360937237/main_sam_e51_cnano.o
 .debug_aranges
                0x00000000000004b0       0x30 c:/program files/microchip/xc32/v4.60/bin/bin/../../lib/gcc/pic32c/8.3.1/../../../../pic32c/lib/thumb/v7e-m+fp/hard\libpic32c.a(data_init.o)
 .debug_aranges
                0x00000000000004e0       0x20 c:/program files/microchip/xc32/v4.60/bin/bin/../../lib/gcc/pic32c/8.3.1/../../../../pic32c/lib/thumb/v7e-m+fp/hard\libc-size-musl.a(memcpy.o)
 .debug_aranges
                0x0000000000000500       0x20 c:/program files/microchip/xc32/v4.60/bin/bin/../../lib/gcc/pic32c/8.3.1/../../../../pic32c/lib/thumb/v7e-m+fp/hard\libc-size-musl.a(memset.o)
 .debug_aranges
                0x0000000000000520       0x20 c:/program files/microchip/xc32/v4.60/bin/bin/../../lib/gcc/pic32c/8.3.1/../../../../pic32c/lib/thumb/v7e-m+fp/hard\libc-size-musl.a(strlen.o)
 .debug_aranges
                0x0000000000000540       0x28 c:/program files/microchip/xc32/v4.60/bin/bin/../../lib/gcc/pic32c/8.3.1/../../../../pic32c/lib/thumb/v7e-m+fp/hard\libc-musl.a(__libc_start_main.o)
 .debug_aranges
                0x0000000000000568       0x18 c:/program files/microchip/xc32/v4.60/bin/bin/../../lib/gcc/pic32c/8.3.1/../../../../pic32c/lib/thumb/v7e-m+fp/hard\libc-musl.a(libc.o)
 .debug_aranges
                0x0000000000000580       0x28 c:/program files/microchip/xc32/v4.60/bin/bin/../../lib/gcc/pic32c/8.3.1/../../../../pic32c/lib/thumb/v7e-m+fp/hard\libc-musl.a(__sio_sprintf_cns.o)
 .debug_aranges
                0x00000000000005a8       0x20 c:/program files/microchip/xc32/v4.60/bin/bin/../../lib/gcc/pic32c/8.3.1/../../../../pic32c/lib/thumb/v7e-m+fp/hard\libc-musl.a(__fmt_s.o)
 .debug_aranges
                0x00000000000005c8       0x20 c:/program files/microchip/xc32/v4.60/bin/bin/../../lib/gcc/pic32c/8.3.1/../../../../pic32c/lib/thumb/v7e-m+fp/hard\libc-musl.a(__pop_ptr.o)
 .debug_aranges
                0x00000000000005e8       0x50 c:/program files/microchip/xc32/v4.60/bin/bin/../../lib/gcc/pic32c/8.3.1/../../../../pic32c/lib/thumb/v7e-m+fp/hard\libc-musl.a(__printf_core.o)
 .debug_aranges
                0x0000000000000638       0x20 c:/program files/microchip/xc32/v4.60/bin/bin/../../lib/gcc/pic32c/8.3.1/../../../../pic32c/lib/thumb/v7e-m+fp/hard\libc-musl.a(atoi.o)
 .debug_aranges
                0x0000000000000658       0x28 c:/program files/microchip/xc32/v4.60/bin/bin/../../lib/gcc/pic32c/8.3.1/../../../../pic32c/lib/thumb/v7e-m+fp/hard\libc-musl.a(tolower.o)
 .debug_aranges
                0x0000000000000680       0x18 c:/program files/microchip/xc32/v4.60/bin/bin/../../lib/gcc/pic32c/8.3.1/../../../../pic32c/lib/thumb/v7e-m+fp/hard\libc-musl.a(__environ.o)
 .debug_aranges
                0x0000000000000698       0x18 c:/program files/microchip/xc32/v4.60/bin/bin/../../lib/gcc/pic32c/8.3.1/../../../../pic32c/lib/thumb/v7e-m+fp/hard\libc-musl.a(__errno_location.o)
 .debug_aranges
                0x00000000000006b0       0x20 c:/program files/microchip/xc32/v4.60/bin/bin/../../lib/gcc/pic32c/8.3.1/../../../../pic32c/lib/thumb/v7e-m+fp/hard\libc-musl.a(__int_vsprintf.o)
 .debug_aranges
                0x00000000000006d0       0x20 c:/program files/microchip/xc32/v4.60/bin/bin/../../lib/gcc/pic32c/8.3.1/../../../../pic32c/lib/thumb/v7e-m+fp/hard\libc-musl.a(__pop_float.o)
 .debug_aranges
                0x00000000000006f0       0x20 c:/program files/microchip/xc32/v4.60/bin/bin/../../lib/gcc/pic32c/8.3.1/../../../../pic32c/lib/thumb/v7e-m+fp/hard\libc-musl.a(__pop_int.o)
 .debug_aranges
                0x0000000000000710       0x20 c:/program files/microchip/xc32/v4.60/bin/bin/../../lib/gcc/pic32c/8.3.1/../../../../pic32c/lib/thumb/v7e-m+fp/hard\libc-musl.a(__int_vsnprintf.o)
 .debug_aranges
                0x0000000000000730       0x20 c:/program files/microchip/xc32/v4.60/bin/bin/../../lib/gcc/pic32c/8.3.1/../../../../pic32c/lib/thumb/v7e-m+fp/hard\libc-musl.a(__int_vfprintf.o)
 .debug_aranges
                0x0000000000000750       0x20 c:/program files/microchip/xc32/v4.60/bin/bin/../../lib/gcc/pic32c/8.3.1/../../../../pic32c/lib/thumb/v7e-m+fp/hard\libpic32c.a(pic32_data_init_clear.o)
 .debug_aranges
                0x0000000000000770       0x20 c:/program files/microchip/xc32/v4.60/bin/bin/../../lib/gcc/pic32c/8.3.1/../../../../pic32c/lib/thumb/v7e-m+fp/hard\libpic32c.a(pic32_data_init_copy.o)

.debug_ranges   0x0000000000000000      0x5c0
 .debug_ranges  0x0000000000000000       0x10 build/sam_e51_cnano/production/_ext/7187140/plib_clock.o
 .debug_ranges  0x0000000000000010       0xc8 build/sam_e51_cnano/production/_ext/831021835/plib_dmac.o
 .debug_ranges  0x00000000000000d8       0x30 build/sam_e51_cnano/production/_ext/1220119669/plib_eic.o
 .debug_ranges  0x0000000000000108       0x10 build/sam_e51_cnano/production/_ext/9336626/plib_evsys.o
 .debug_ranges  0x0000000000000118       0x28 build/sam_e51_cnano/production/_ext/830715028/plib_nvic.o
 .debug_ranges  0x0000000000000140       0xc8 build/sam_e51_cnano/production/_ext/226030394/plib_nvmctrl.o
 .debug_ranges  0x0000000000000208       0x60 build/sam_e51_cnano/production/_ext/830661877/plib_port.o
 .debug_ranges  0x0000000000000268       0xa0 build/sam_e51_cnano/production/_ext/1220132503/plib_rtc_timer.o
 .debug_ranges  0x0000000000000308       0x68 build/sam_e51_cnano/production/_ext/314480351/plib_sercom5_usart.o
 .debug_ranges  0x0000000000000370       0x10 build/sam_e51_cnano/production/_ext/570918426/initialization.o
 .debug_ranges  0x0000000000000380       0x10 build/sam_e51_cnano/production/_ext/570918426/interrupts.o
 .debug_ranges  0x0000000000000390       0x38 build/sam_e51_cnano/production/_ext/570918426/exceptions.o
 .debug_ranges  0x00000000000003c8       0x18 build/sam_e51_cnano/production/_ext/570918426/startup_xc32.o
 .debug_ranges  0x00000000000003e0       0x28 build/sam_e51_cnano/production/_ext/1360937237/main_sam_e51_cnano.o
 .debug_ranges  0x0000000000000408       0x20 c:/program files/microchip/xc32/v4.60/bin/bin/../../lib/gcc/pic32c/8.3.1/../../../../pic32c/lib/thumb/v7e-m+fp/hard\libpic32c.a(data_init.o)
 .debug_ranges  0x0000000000000428       0x10 c:/program files/microchip/xc32/v4.60/bin/bin/../../lib/gcc/pic32c/8.3.1/../../../../pic32c/lib/thumb/v7e-m+fp/hard\libc-size-musl.a(memcpy.o)
 .debug_ranges  0x0000000000000438       0x10 c:/program files/microchip/xc32/v4.60/bin/bin/../../lib/gcc/pic32c/8.3.1/../../../../pic32c/lib/thumb/v7e-m+fp/hard\libc-size-musl.a(memset.o)
 .debug_ranges  0x0000000000000448       0x10 c:/program files/microchip/xc32/v4.60/bin/bin/../../lib/gcc/pic32c/8.3.1/../../../../pic32c/lib/thumb/v7e-m+fp/hard\libc-size-musl.a(strlen.o)
 .debug_ranges  0x0000000000000458       0x40 c:/program files/microchip/xc32/v4.60/bin/bin/../../lib/gcc/pic32c/8.3.1/../../../../pic32c/lib/thumb/v7e-m+fp/hard\libc-musl.a(__libc_start_main.o)
 .debug_ranges  0x0000000000000498       0x18 c:/program files/microchip/xc32/v4.60/bin/bin/../../lib/gcc/pic32c/8.3.1/../../../../pic32c/lib/thumb/v7e-m+fp/hard\libc-musl.a(__sio_sprintf_cns.o)
 .debug_ranges  0x00000000000004b0       0x10 c:/program files/microchip/xc32/v4.60/bin/bin/../../lib/gcc/pic32c/8.3.1/../../../../pic32c/lib/thumb/v7e-m+fp/hard\libc-musl.a(__fmt_s.o)
 .debug_ranges  0x00000000000004c0       0x10 c:/program files/microchip/xc32/v4.60/bin/bin/../../lib/gcc/pic32c/8.3.1/../../../../pic32c/lib/thumb/v7e-m+fp/hard\libc-musl.a(__pop_ptr.o)
 .debug_ranges  0x00000000000004d0       0x58 c:/program files/microchip/xc32/v4.60/bin/bin/../../lib/gcc/pic32c/8.3.1/../../../../pic32c/lib/thumb/v7e-m+fp/hard\libc-musl.a(__printf_core.o)
 .debug_ranges  0x0000000000000528       0x10 c:/program files/microchip/xc32/v4.60/bin/bin/../../lib/gcc/pic32c/8.3.1/../../../../pic32c/lib/thumb/v7e-m+fp/hard\libc-musl.a(atoi.o)
 .debug_ranges  0x0000000000000538       0x18 c:/program files/microchip/xc32/v4.60/bin/bin/../../lib/gcc/pic32c/8.3.1/../../../../pic32c/lib/thumb/v7e-m+fp/hard\libc-musl.a(tolower.o)
 .debug_ranges  0x0000000000000550       0x10 c:/program files/microchip/xc32/v4.60/bin/bin/../../lib/gcc/pic32c/8.3.1/../../../../pic32c/lib/thumb/v7e-m+fp/hard\libc-musl.a(__int_vsprintf.o)
 .debug_ranges  0x0000000000000560       0x10 c:/program files/microchip/xc32/v4.60/bin/bin/../../lib/gcc/pic32c/8.3.1/../../../../pic32c/lib/thumb/v7e-m+fp/hard\libc-musl.a(__pop_float.o)
 .debug_ranges  0x0000000000000570       0x10 c:/program files/microchip/xc32/v4.60/bin/bin/../../lib/gcc/pic32c/8.3.1/../../../../pic32c/lib/thumb/v7e-m+fp/hard\libc-musl.a(__pop_int.o)
 .debug_ranges  0x0000000000000580       0x10 c:/program files/microchip/xc32/v4.60/bin/bin/../../lib/gcc/pic32c/8.3.1/../../../../pic32c/lib/thumb/v7e-m+fp/hard\libc-musl.a(__int_vsnprintf.o)
 .debug_ranges  0x0000000000000590       0x10 c:/program files/microchip/xc32/v4.60/bin/bin/../../lib/gcc/pic32c/8.3.1/../../../../pic32c/lib/thumb/v7e-m+fp/hard\libc-musl.a(__int_vfprintf.o)
 .debug_ranges  0x00000000000005a0       0x10 c:/program files/microchip/xc32/v4.60/bin/bin/../../lib/gcc/pic32c/8.3.1/../../../../pic32c/lib/thumb/v7e-m+fp/hard\libpic32c.a(pic32_data_init_clear.o)
 .debug_ranges  0x00000000000005b0       0x10 c:/program files/microchip/xc32/v4.60/bin/bin/../../lib/gcc/pic32c/8.3.1/../../../../pic32c/lib/thumb/v7e-m+fp/hard\libpic32c.a(pic32_data_init_copy.o)

.debug_line     0x0000000000000000     0x494a
 .debug_line    0x0000000000000000      0x278 build/sam_e51_cnano/production/_ext/7187140/plib_clock.o
 .debug_line    0x0000000000000278      0x643 build/sam_e51_cnano/production/_ext/831021835/plib_dmac.o
 .debug_line    0x00000000000008bb      0x288 build/sam_e51_cnano/production/_ext/1220119669/plib_eic.o
 .debug_line    0x0000000000000b43       0x6c build/sam_e51_cnano/production/_ext/9336626/plib_evsys.o
 .debug_line    0x0000000000000baf      0x356 build/sam_e51_cnano/production/_ext/830715028/plib_nvic.o
 .debug_line    0x0000000000000f05      0x5bf build/sam_e51_cnano/production/_ext/226030394/plib_nvmctrl.o
 .debug_line    0x00000000000014c4      0x2a7 build/sam_e51_cnano/production/_ext/830661877/plib_port.o
 .debug_line    0x000000000000176b      0x43a build/sam_e51_cnano/production/_ext/1220132503/plib_rtc_timer.o
 .debug_line    0x0000000000001ba5      0x50a build/sam_e51_cnano/production/_ext/314480351/plib_sercom5_usart.o
 .debug_line    0x00000000000020af      0x29d build/sam_e51_cnano/production/_ext/570918426/initialization.o
 .debug_line    0x000000000000234c       0xc0 build/sam_e51_cnano/production/_ext/570918426/interrupts.o
 .debug_line    0x000000000000240c       0xcc build/sam_e51_cnano/production/_ext/570918426/exceptions.o
 .debug_line    0x00000000000024d8      0x24c build/sam_e51_cnano/production/_ext/570918426/startup_xc32.o
 .debug_line    0x0000000000002724      0x335 build/sam_e51_cnano/production/_ext/1360937237/main_sam_e51_cnano.o
 .debug_line    0x0000000000002a59       0xa7 c:/program files/microchip/xc32/v4.60/bin/bin/../../lib/gcc/pic32c/8.3.1/../../../../pic32c/lib/thumb/v7e-m+fp/hard\libpic32c.a(data_init.o)
 .debug_line    0x0000000000002b00       0xf9 c:/program files/microchip/xc32/v4.60/bin/bin/../../lib/gcc/pic32c/8.3.1/../../../../pic32c/lib/thumb/v7e-m+fp/hard\libc-size-musl.a(memcpy.o)
 .debug_line    0x0000000000002bf9       0xe3 c:/program files/microchip/xc32/v4.60/bin/bin/../../lib/gcc/pic32c/8.3.1/../../../../pic32c/lib/thumb/v7e-m+fp/hard\libc-size-musl.a(memset.o)
 .debug_line    0x0000000000002cdc       0xe6 c:/program files/microchip/xc32/v4.60/bin/bin/../../lib/gcc/pic32c/8.3.1/../../../../pic32c/lib/thumb/v7e-m+fp/hard\libc-size-musl.a(strlen.o)
 .debug_line    0x0000000000002dc2      0x1c7 c:/program files/microchip/xc32/v4.60/bin/bin/../../lib/gcc/pic32c/8.3.1/../../../../pic32c/lib/thumb/v7e-m+fp/hard\libc-musl.a(__libc_start_main.o)
 .debug_line    0x0000000000002f89       0xb5 c:/program files/microchip/xc32/v4.60/bin/bin/../../lib/gcc/pic32c/8.3.1/../../../../pic32c/lib/thumb/v7e-m+fp/hard\libc-musl.a(libc.o)
 .debug_line    0x000000000000303e      0x19b c:/program files/microchip/xc32/v4.60/bin/bin/../../lib/gcc/pic32c/8.3.1/../../../../pic32c/lib/thumb/v7e-m+fp/hard\libc-musl.a(__sio_sprintf_cns.o)
 .debug_line    0x00000000000031d9      0x1eb c:/program files/microchip/xc32/v4.60/bin/bin/../../lib/gcc/pic32c/8.3.1/../../../../pic32c/lib/thumb/v7e-m+fp/hard\libc-musl.a(__fmt_s.o)
 .debug_line    0x00000000000033c4      0x1e0 c:/program files/microchip/xc32/v4.60/bin/bin/../../lib/gcc/pic32c/8.3.1/../../../../pic32c/lib/thumb/v7e-m+fp/hard\libc-musl.a(__pop_ptr.o)
 .debug_line    0x00000000000035a4      0x692 c:/program files/microchip/xc32/v4.60/bin/bin/../../lib/gcc/pic32c/8.3.1/../../../../pic32c/lib/thumb/v7e-m+fp/hard\libc-musl.a(__printf_core.o)
 .debug_line    0x0000000000003c36      0x167 c:/program files/microchip/xc32/v4.60/bin/bin/../../lib/gcc/pic32c/8.3.1/../../../../pic32c/lib/thumb/v7e-m+fp/hard\libc-musl.a(atoi.o)
 .debug_line    0x0000000000003d9d      0x157 c:/program files/microchip/xc32/v4.60/bin/bin/../../lib/gcc/pic32c/8.3.1/../../../../pic32c/lib/thumb/v7e-m+fp/hard\libc-musl.a(tolower.o)
 .debug_line    0x0000000000003ef4       0xfb c:/program files/microchip/xc32/v4.60/bin/bin/../../lib/gcc/pic32c/8.3.1/../../../../pic32c/lib/thumb/v7e-m+fp/hard\libc-musl.a(__environ.o)
 .debug_line    0x0000000000003fef       0x9a c:/program files/microchip/xc32/v4.60/bin/bin/../../lib/gcc/pic32c/8.3.1/../../../../pic32c/lib/thumb/v7e-m+fp/hard\libc-musl.a(__errno_location.o)
 .debug_line    0x0000000000004089      0x14d c:/program files/microchip/xc32/v4.60/bin/bin/../../lib/gcc/pic32c/8.3.1/../../../../pic32c/lib/thumb/v7e-m+fp/hard\libc-musl.a(__int_vsprintf.o)
 .debug_line    0x00000000000041d6      0x165 c:/program files/microchip/xc32/v4.60/bin/bin/../../lib/gcc/pic32c/8.3.1/../../../../pic32c/lib/thumb/v7e-m+fp/hard\libc-musl.a(__pop_float.o)
 .debug_line    0x000000000000433b      0x200 c:/program files/microchip/xc32/v4.60/bin/bin/../../lib/gcc/pic32c/8.3.1/../../../../pic32c/lib/thumb/v7e-m+fp/hard\libc-musl.a(__pop_int.o)
 .debug_line    0x000000000000453b      0x1bb c:/program files/microchip/xc32/v4.60/bin/bin/../../lib/gcc/pic32c/8.3.1/../../../../pic32c/lib/thumb/v7e-m+fp/hard\libc-musl.a(__int_vsnprintf.o)
 .debug_line    0x00000000000046f6      0x168 c:/program files/microchip/xc32/v4.60/bin/bin/../../lib/gcc/pic32c/8.3.1/../../../../pic32c/lib/thumb/v7e-m+fp/hard\libc-musl.a(__int_vfprintf.o)
 .debug_line    0x000000000000485e       0x72 c:/program files/microchip/xc32/v4.60/bin/bin/../../lib/gcc/pic32c/8.3.1/../../../../pic32c/lib/thumb/v7e-m+fp/hard\libpic32c.a(pic32_data_init_clear.o)
 .debug_line    0x00000000000048d0       0x7a c:/program files/microchip/xc32/v4.60/bin/bin/../../lib/gcc/pic32c/8.3.1/../../../../pic32c/lib/thumb/v7e-m+fp/hard\libpic32c.a(pic32_data_init_copy.o)

.debug_str      0x0000000000000000     0x96f9
 .debug_str     0x0000000000000000      0x626 build/sam_e51_cnano/production/_ext/7187140/plib_clock.o
 .debug_str     0x0000000000000626      0x8bd build/sam_e51_cnano/production/_ext/831021835/plib_dmac.o
 .debug_str     0x0000000000000ee3      0x409 build/sam_e51_cnano/production/_ext/1220119669/plib_eic.o
 .debug_str     0x00000000000012ec      0x282 build/sam_e51_cnano/production/_ext/9336626/plib_evsys.o
 .debug_str     0x000000000000156e      0xbfb build/sam_e51_cnano/production/_ext/830715028/plib_nvic.o
 .debug_str     0x0000000000002169      0x683 build/sam_e51_cnano/production/_ext/226030394/plib_nvmctrl.o
 .debug_str     0x00000000000027ec      0x894 build/sam_e51_cnano/production/_ext/830661877/plib_port.o
 .debug_str     0x0000000000003080      0x725 build/sam_e51_cnano/production/_ext/1220132503/plib_rtc_timer.o
 .debug_str     0x00000000000037a5      0x7ea build/sam_e51_cnano/production/_ext/314480351/plib_sercom5_usart.o
 .debug_str     0x0000000000003f8f      0x31a build/sam_e51_cnano/production/_ext/570918426/initialization.o
 .debug_str     0x00000000000042a9      0xe88 build/sam_e51_cnano/production/_ext/570918426/interrupts.o
 .debug_str     0x0000000000005131      0x2e1 build/sam_e51_cnano/production/_ext/570918426/exceptions.o
 .debug_str     0x0000000000005412      0x41b build/sam_e51_cnano/production/_ext/570918426/startup_xc32.o
 .debug_str     0x000000000000582d      0x7c6 build/sam_e51_cnano/production/_ext/1360937237/main_sam_e51_cnano.o
 .debug_str     0x0000000000005ff3      0x206 c:/program files/microchip/xc32/v4.60/bin/bin/../../lib/gcc/pic32c/8.3.1/../../../../pic32c/lib/thumb/v7e-m+fp/hard\libpic32c.a(data_init.o)
 .debug_str     0x00000000000061f9      0x22f c:/program files/microchip/xc32/v4.60/bin/bin/../../lib/gcc/pic32c/8.3.1/../../../../pic32c/lib/thumb/v7e-m+fp/hard\libc-size-musl.a(memcpy.o)
 .debug_str     0x0000000000006428      0x21b c:/program files/microchip/xc32/v4.60/bin/bin/../../lib/gcc/pic32c/8.3.1/../../../../pic32c/lib/thumb/v7e-m+fp/hard\libc-size-musl.a(memset.o)
 .debug_str     0x0000000000006643      0x221 c:/program files/microchip/xc32/v4.60/bin/bin/../../lib/gcc/pic32c/8.3.1/../../../../pic32c/lib/thumb/v7e-m+fp/hard\libc-size-musl.a(strlen.o)
 .debug_str     0x0000000000006864      0x3d4 c:/program files/microchip/xc32/v4.60/bin/bin/../../lib/gcc/pic32c/8.3.1/../../../../pic32c/lib/thumb/v7e-m+fp/hard\libc-musl.a(__libc_start_main.o)
 .debug_str     0x0000000000006c38      0x33f c:/program files/microchip/xc32/v4.60/bin/bin/../../lib/gcc/pic32c/8.3.1/../../../../pic32c/lib/thumb/v7e-m+fp/hard\libc-musl.a(libc.o)
 .debug_str     0x0000000000006f77      0x2e8 c:/program files/microchip/xc32/v4.60/bin/bin/../../lib/gcc/pic32c/8.3.1/../../../../pic32c/lib/thumb/v7e-m+fp/hard\libc-musl.a(__sio_sprintf_cns.o)
 .debug_str     0x000000000000725f      0x2eb c:/program files/microchip/xc32/v4.60/bin/bin/../../lib/gcc/pic32c/8.3.1/../../../../pic32c/lib/thumb/v7e-m+fp/hard\libc-musl.a(__fmt_s.o)
 .debug_str     0x000000000000754a      0x2d7 c:/program files/microchip/xc32/v4.60/bin/bin/../../lib/gcc/pic32c/8.3.1/../../../../pic32c/lib/thumb/v7e-m+fp/hard\libc-musl.a(__pop_ptr.o)
 .debug_str     0x0000000000007821      0x3f1 c:/program files/microchip/xc32/v4.60/bin/bin/../../lib/gcc/pic32c/8.3.1/../../../../pic32c/lib/thumb/v7e-m+fp/hard\libc-musl.a(__printf_core.o)
 .debug_str     0x0000000000007c12      0x226 c:/program files/microchip/xc32/v4.60/bin/bin/../../lib/gcc/pic32c/8.3.1/../../../../pic32c/lib/thumb/v7e-m+fp/hard\libc-musl.a(atoi.o)
 .debug_str     0x0000000000007e38      0x253 c:/program files/microchip/xc32/v4.60/bin/bin/../../lib/gcc/pic32c/8.3.1/../../../../pic32c/lib/thumb/v7e-m+fp/hard\libc-musl.a(tolower.o)
 .debug_str     0x000000000000808b      0x23f c:/program files/microchip/xc32/v4.60/bin/bin/../../lib/gcc/pic32c/8.3.1/../../../../pic32c/lib/thumb/v7e-m+fp/hard\libc-musl.a(__environ.o)
 .debug_str     0x00000000000082ca      0x233 c:/program files/microchip/xc32/v4.60/bin/bin/../../lib/gcc/pic32c/8.3.1/../../../../pic32c/lib/thumb/v7e-m+fp/hard\libc-musl.a(__errno_location.o)
 .debug_str     0x00000000000084fd      0x2b0 c:/program files/microchip/xc32/v4.60/bin/bin/../../lib/gcc/pic32c/8.3.1/../../../../pic32c/lib/thumb/v7e-m+fp/hard\libc-musl.a(__int_vsprintf.o)
 .debug_str     0x00000000000087ad      0x2ca c:/program files/microchip/xc32/v4.60/bin/bin/../../lib/gcc/pic32c/8.3.1/../../../../pic32c/lib/thumb/v7e-m+fp/hard\libc-musl.a(__pop_float.o)
 .debug_str     0x0000000000008a77      0x2d5 c:/program files/microchip/xc32/v4.60/bin/bin/../../lib/gcc/pic32c/8.3.1/../../../../pic32c/lib/thumb/v7e-m+fp/hard\libc-musl.a(__pop_int.o)
 .debug_str     0x0000000000008d4c      0x2fe c:/program files/microchip/xc32/v4.60/bin/bin/../../lib/gcc/pic32c/8.3.1/../../../../pic32c/lib/thumb/v7e-m+fp/hard\libc-musl.a(__int_vsnprintf.o)
 .debug_str     0x000000000000904a      0x2f3 c:/program files/microchip/xc32/v4.60/bin/bin/../../lib/gcc/pic32c/8.3.1/../../../../pic32c/lib/thumb/v7e-m+fp/hard\libc-musl.a(__int_vfprintf.o)
 .debug_str     0x000000000000933d      0x1df c:/program files/microchip/xc32/v4.60/bin/bin/../../lib/gcc/pic32c/8.3.1/../../../../pic32c/lib/thumb/v7e-m+fp/hard\libpic32c.a(pic32_data_init_clear.o)
 .debug_str     0x000000000000951c      0x1dd c:/program files/microchip/xc32/v4.60/bin/bin/../../lib/gcc/pic32c/8.3.1/../../../../pic32c/lib/thumb/v7e-m+fp/hard\libpic32c.a(pic32_data_init_copy.o)

.debug_frame    0x0000000000000000      0xc98
 .debug_frame   0x0000000000000000       0x20 build/sam_e51_cnano/production/_ext/7187140/plib_clock.o
 .debug_frame   0x0000000000000020      0x178 build/sam_e51_cnano/production/_ext/831021835/plib_dmac.o
 .debug_frame   0x0000000000000198       0x78 build/sam_e51_cnano/production/_ext/1220119669/plib_eic.o
 .debug_frame   0x0000000000000210       0x20 build/sam_e51_cnano/production/_ext/9336626/plib_evsys.o
 .debug_frame   0x0000000000000230       0x50 build/sam_e51_cnano/production/_ext/830715028/plib_nvic.o
 .debug_frame   0x0000000000000280      0x1d8 build/sam_e51_cnano/production/_ext/226030394/plib_nvmctrl.o
 .debug_frame   0x0000000000000458       0xcc build/sam_e51_cnano/production/_ext/830661877/plib_port.o
 .debug_frame   0x0000000000000524      0x148 build/sam_e51_cnano/production/_ext/1220132503/plib_rtc_timer.o
 .debug_frame   0x000000000000066c      0x100 build/sam_e51_cnano/production/_ext/314480351/plib_sercom5_usart.o
 .debug_frame   0x000000000000076c       0x28 build/sam_e51_cnano/production/_ext/570918426/initialization.o
 .debug_frame   0x0000000000000794       0x20 build/sam_e51_cnano/production/_ext/570918426/interrupts.o
 .debug_frame   0x00000000000007b4       0x70 build/sam_e51_cnano/production/_ext/570918426/exceptions.o
 .debug_frame   0x0000000000000824       0x38 build/sam_e51_cnano/production/_ext/570918426/startup_xc32.o
 .debug_frame   0x000000000000085c       0x5c build/sam_e51_cnano/production/_ext/1360937237/main_sam_e51_cnano.o
 .debug_frame   0x00000000000008b8       0x4c c:/program files/microchip/xc32/v4.60/bin/bin/../../lib/gcc/pic32c/8.3.1/../../../../pic32c/lib/thumb/v7e-m+fp/hard\libpic32c.a(data_init.o)
 .debug_frame   0x0000000000000904       0x2c c:/program files/microchip/xc32/v4.60/bin/bin/../../lib/gcc/pic32c/8.3.1/../../../../pic32c/lib/thumb/v7e-m+fp/hard\libc-size-musl.a(memcpy.o)
 .debug_frame   0x0000000000000930       0x20 c:/program files/microchip/xc32/v4.60/bin/bin/../../lib/gcc/pic32c/8.3.1/../../../../pic32c/lib/thumb/v7e-m+fp/hard\libc-size-musl.a(memset.o)
 .debug_frame   0x0000000000000950       0x20 c:/program files/microchip/xc32/v4.60/bin/bin/../../lib/gcc/pic32c/8.3.1/../../../../pic32c/lib/thumb/v7e-m+fp/hard\libc-size-musl.a(strlen.o)
 .debug_frame   0x0000000000000970       0x3c c:/program files/microchip/xc32/v4.60/bin/bin/../../lib/gcc/pic32c/8.3.1/../../../../pic32c/lib/thumb/v7e-m+fp/hard\libc-musl.a(__libc_start_main.o)
 .debug_frame   0x00000000000009ac       0x58 c:/program files/microchip/xc32/v4.60/bin/bin/../../lib/gcc/pic32c/8.3.1/../../../../pic32c/lib/thumb/v7e-m+fp/hard\libc-musl.a(__sio_sprintf_cns.o)
 .debug_frame   0x0000000000000a04       0x34 c:/program files/microchip/xc32/v4.60/bin/bin/../../lib/gcc/pic32c/8.3.1/../../../../pic32c/lib/thumb/v7e-m+fp/hard\libc-musl.a(__fmt_s.o)
 .debug_frame   0x0000000000000a38       0x28 c:/program files/microchip/xc32/v4.60/bin/bin/../../lib/gcc/pic32c/8.3.1/../../../../pic32c/lib/thumb/v7e-m+fp/hard\libc-musl.a(__pop_ptr.o)
 .debug_frame   0x0000000000000a60       0xd0 c:/program files/microchip/xc32/v4.60/bin/bin/../../lib/gcc/pic32c/8.3.1/../../../../pic32c/lib/thumb/v7e-m+fp/hard\libc-musl.a(__printf_core.o)
 .debug_frame   0x0000000000000b30       0x28 c:/program files/microchip/xc32/v4.60/bin/bin/../../lib/gcc/pic32c/8.3.1/../../../../pic32c/lib/thumb/v7e-m+fp/hard\libc-musl.a(atoi.o)
 .debug_frame   0x0000000000000b58       0x30 c:/program files/microchip/xc32/v4.60/bin/bin/../../lib/gcc/pic32c/8.3.1/../../../../pic32c/lib/thumb/v7e-m+fp/hard\libc-musl.a(tolower.o)
 .debug_frame   0x0000000000000b88       0x20 c:/program files/microchip/xc32/v4.60/bin/bin/../../lib/gcc/pic32c/8.3.1/../../../../pic32c/lib/thumb/v7e-m+fp/hard\libc-musl.a(__int_vsprintf.o)
 .debug_frame   0x0000000000000ba8       0x20 c:/program files/microchip/xc32/v4.60/bin/bin/../../lib/gcc/pic32c/8.3.1/../../../../pic32c/lib/thumb/v7e-m+fp/hard\libc-musl.a(__pop_float.o)
 .debug_frame   0x0000000000000bc8       0x28 c:/program files/microchip/xc32/v4.60/bin/bin/../../lib/gcc/pic32c/8.3.1/../../../../pic32c/lib/thumb/v7e-m+fp/hard\libc-musl.a(__pop_int.o)
 .debug_frame   0x0000000000000bf0       0x34 c:/program files/microchip/xc32/v4.60/bin/bin/../../lib/gcc/pic32c/8.3.1/../../../../pic32c/lib/thumb/v7e-m+fp/hard\libc-musl.a(__int_vsnprintf.o)
 .debug_frame   0x0000000000000c24       0x2c c:/program files/microchip/xc32/v4.60/bin/bin/../../lib/gcc/pic32c/8.3.1/../../../../pic32c/lib/thumb/v7e-m+fp/hard\libc-musl.a(__int_vfprintf.o)
 .debug_frame   0x0000000000000c50       0x20 c:/program files/microchip/xc32/v4.60/bin/bin/../../lib/gcc/pic32c/8.3.1/../../../../pic32c/lib/thumb/v7e-m+fp/hard\libpic32c.a(pic32_data_init_clear.o)
 .debug_frame   0x0000000000000c70       0x28 c:/program files/microchip/xc32/v4.60/bin/bin/../../lib/gcc/pic32c/8.3.1/../../../../pic32c/lib/thumb/v7e-m+fp/hard\libpic32c.a(pic32_data_init_copy.o)

.debug_loc      0x0000000000000000     0x3000
 .debug_loc     0x0000000000000000      0x8e1 build/sam_e51_cnano/production/_ext/831021835/plib_dmac.o
 .debug_loc     0x00000000000008e1       0xf9 build/sam_e51_cnano/production/_ext/1220119669/plib_eic.o
 .debug_loc     0x00000000000009da      0x139 build/sam_e51_cnano/production/_ext/830715028/plib_nvic.o
 .debug_loc     0x0000000000000b13      0x83e build/sam_e51_cnano/production/_ext/226030394/plib_nvmctrl.o
 .debug_loc     0x0000000000001351      0x1bc build/sam_e51_cnano/production/_ext/830661877/plib_port.o
 .debug_loc     0x000000000000150d       0xde build/sam_e51_cnano/production/_ext/1220132503/plib_rtc_timer.o
 .debug_loc     0x00000000000015eb      0x649 build/sam_e51_cnano/production/_ext/314480351/plib_sercom5_usart.o
 .debug_loc     0x0000000000001c34       0x45 build/sam_e51_cnano/production/_ext/570918426/initialization.o
 .debug_loc     0x0000000000001c79       0x4a build/sam_e51_cnano/production/_ext/570918426/startup_xc32.o
 .debug_loc     0x0000000000001cc3       0x2d build/sam_e51_cnano/production/_ext/1360937237/main_sam_e51_cnano.o
 .debug_loc     0x0000000000001cf0       0x14 c:/program files/microchip/xc32/v4.60/bin/bin/../../lib/gcc/pic32c/8.3.1/../../../../pic32c/lib/thumb/v7e-m+fp/hard\libpic32c.a(data_init.o)
 .debug_loc     0x0000000000001d04      0x10b c:/program files/microchip/xc32/v4.60/bin/bin/../../lib/gcc/pic32c/8.3.1/../../../../pic32c/lib/thumb/v7e-m+fp/hard\libc-size-musl.a(memcpy.o)
 .debug_loc     0x0000000000001e0f       0x7d c:/program files/microchip/xc32/v4.60/bin/bin/../../lib/gcc/pic32c/8.3.1/../../../../pic32c/lib/thumb/v7e-m+fp/hard\libc-size-musl.a(memset.o)
 .debug_loc     0x0000000000001e8c       0x90 c:/program files/microchip/xc32/v4.60/bin/bin/../../lib/gcc/pic32c/8.3.1/../../../../pic32c/lib/thumb/v7e-m+fp/hard\libc-size-musl.a(strlen.o)
 .debug_loc     0x0000000000001f1c       0x51 c:/program files/microchip/xc32/v4.60/bin/bin/../../lib/gcc/pic32c/8.3.1/../../../../pic32c/lib/thumb/v7e-m+fp/hard\libc-musl.a(__libc_start_main.o)
 .debug_loc     0x0000000000001f6d       0xb6 c:/program files/microchip/xc32/v4.60/bin/bin/../../lib/gcc/pic32c/8.3.1/../../../../pic32c/lib/thumb/v7e-m+fp/hard\libc-musl.a(__sio_sprintf_cns.o)
 .debug_loc     0x0000000000002023      0x157 c:/program files/microchip/xc32/v4.60/bin/bin/../../lib/gcc/pic32c/8.3.1/../../../../pic32c/lib/thumb/v7e-m+fp/hard\libc-musl.a(__fmt_s.o)
 .debug_loc     0x000000000000217a      0x1db c:/program files/microchip/xc32/v4.60/bin/bin/../../lib/gcc/pic32c/8.3.1/../../../../pic32c/lib/thumb/v7e-m+fp/hard\libc-musl.a(__pop_ptr.o)
 .debug_loc     0x0000000000002355      0x5e9 c:/program files/microchip/xc32/v4.60/bin/bin/../../lib/gcc/pic32c/8.3.1/../../../../pic32c/lib/thumb/v7e-m+fp/hard\libc-musl.a(__printf_core.o)
 .debug_loc     0x000000000000293e       0xd8 c:/program files/microchip/xc32/v4.60/bin/bin/../../lib/gcc/pic32c/8.3.1/../../../../pic32c/lib/thumb/v7e-m+fp/hard\libc-musl.a(atoi.o)
 .debug_loc     0x0000000000002a16       0x4a c:/program files/microchip/xc32/v4.60/bin/bin/../../lib/gcc/pic32c/8.3.1/../../../../pic32c/lib/thumb/v7e-m+fp/hard\libc-musl.a(tolower.o)
 .debug_loc     0x0000000000002a60       0x6c c:/program files/microchip/xc32/v4.60/bin/bin/../../lib/gcc/pic32c/8.3.1/../../../../pic32c/lib/thumb/v7e-m+fp/hard\libc-musl.a(__int_vsprintf.o)
 .debug_loc     0x0000000000002acc       0xa6 c:/program files/microchip/xc32/v4.60/bin/bin/../../lib/gcc/pic32c/8.3.1/../../../../pic32c/lib/thumb/v7e-m+fp/hard\libc-musl.a(__pop_float.o)
 .debug_loc     0x0000000000002b72      0x2f5 c:/program files/microchip/xc32/v4.60/bin/bin/../../lib/gcc/pic32c/8.3.1/../../../../pic32c/lib/thumb/v7e-m+fp/hard\libc-musl.a(__pop_int.o)
 .debug_loc     0x0000000000002e67       0xfd c:/program files/microchip/xc32/v4.60/bin/bin/../../lib/gcc/pic32c/8.3.1/../../../../pic32c/lib/thumb/v7e-m+fp/hard\libc-musl.a(__int_vsnprintf.o)
 .debug_loc     0x0000000000002f64       0x88 c:/program files/microchip/xc32/v4.60/bin/bin/../../lib/gcc/pic32c/8.3.1/../../../../pic32c/lib/thumb/v7e-m+fp/hard\libc-musl.a(__int_vfprintf.o)
 .debug_loc     0x0000000000002fec       0x14 c:/program files/microchip/xc32/v4.60/bin/bin/../../lib/gcc/pic32c/8.3.1/../../../../pic32c/lib/thumb/v7e-m+fp/hard\libpic32c.a(pic32_data_init_copy.o)

.note.GNU-stack
                0x0000000000000000        0x0
 .note.GNU-stack
                0x0000000000000000        0x0 c:/program files/microchip/xc32/v4.60/bin/bin/../../lib/gcc/pic32c/8.3.1/../../../../pic32c/lib/thumb/v7e-m+fp/hard\libc-size-musl.a(memcpy.o)
 .note.GNU-stack
                0x0000000000000000        0x0 c:/program files/microchip/xc32/v4.60/bin/bin/../../lib/gcc/pic32c/8.3.1/../../../../pic32c/lib/thumb/v7e-m+fp/hard\libc-size-musl.a(memset.o)
 .note.GNU-stack
                0x0000000000000000        0x0 c:/program files/microchip/xc32/v4.60/bin/bin/../../lib/gcc/pic32c/8.3.1/../../../../pic32c/lib/thumb/v7e-m+fp/hard\libc-size-musl.a(strlen.o)
 .note.GNU-stack
                0x0000000000000000        0x0 c:/program files/microchip/xc32/v4.60/bin/bin/../../lib/gcc/pic32c/8.3.1/../../../../pic32c/lib/thumb/v7e-m+fp/hard\libc-musl.a(__libc_start_main.o)
 .note.GNU-stack
                0x0000000000000000        0x0 c:/program files/microchip/xc32/v4.60/bin/bin/../../lib/gcc/pic32c/8.3.1/../../../../pic32c/lib/thumb/v7e-m+fp/hard\libc-musl.a(libc.o)
 .note.GNU-stack
                0x0000000000000000        0x0 c:/program files/microchip/xc32/v4.60/bin/bin/../../lib/gcc/pic32c/8.3.1/../../../../pic32c/lib/thumb/v7e-m+fp/hard\libc-musl.a(__sio_sprintf_cns.o)
 .note.GNU-stack
                0x0000000000000000        0x0 c:/program files/microchip/xc32/v4.60/bin/bin/../../lib/gcc/pic32c/8.3.1/../../../../pic32c/lib/thumb/v7e-m+fp/hard\libc-musl.a(__fmt_s.o)
 .note.GNU-stack
                0x0000000000000000        0x0 c:/program files/microchip/xc32/v4.60/bin/bin/../../lib/gcc/pic32c/8.3.1/../../../../pic32c/lib/thumb/v7e-m+fp/hard\libc-musl.a(__pop_ptr.o)
 .note.GNU-stack
                0x0000000000000000        0x0 c:/program files/microchip/xc32/v4.60/bin/bin/../../lib/gcc/pic32c/8.3.1/../../../../pic32c/lib/thumb/v7e-m+fp/hard\libc-musl.a(__printf_core.o)
 .note.GNU-stack
                0x0000000000000000        0x0 c:/program files/microchip/xc32/v4.60/bin/bin/../../lib/gcc/pic32c/8.3.1/../../../../pic32c/lib/thumb/v7e-m+fp/hard\libc-musl.a(atoi.o)
 .note.GNU-stack
                0x0000000000000000        0x0 c:/program files/microchip/xc32/v4.60/bin/bin/../../lib/gcc/pic32c/8.3.1/../../../../pic32c/lib/thumb/v7e-m+fp/hard\libc-musl.a(tolower.o)
 .note.GNU-stack
                0x0000000000000000        0x0 c:/program files/microchip/xc32/v4.60/bin/bin/../../lib/gcc/pic32c/8.3.1/../../../../pic32c/lib/thumb/v7e-m+fp/hard\libc-musl.a(__environ.o)
 .note.GNU-stack
                0x0000000000000000        0x0 c:/program files/microchip/xc32/v4.60/bin/bin/../../lib/gcc/pic32c/8.3.1/../../../../pic32c/lib/thumb/v7e-m+fp/hard\libc-musl.a(__errno_location.o)
 .note.GNU-stack
                0x0000000000000000        0x0 c:/program files/microchip/xc32/v4.60/bin/bin/../../lib/gcc/pic32c/8.3.1/../../../../pic32c/lib/thumb/v7e-m+fp/hard\libc-musl.a(__int_vsprintf.o)
 .note.GNU-stack
                0x0000000000000000        0x0 c:/program files/microchip/xc32/v4.60/bin/bin/../../lib/gcc/pic32c/8.3.1/../../../../pic32c/lib/thumb/v7e-m+fp/hard\libc-musl.a(__pop_float.o)
 .note.GNU-stack
                0x0000000000000000        0x0 c:/program files/microchip/xc32/v4.60/bin/bin/../../lib/gcc/pic32c/8.3.1/../../../../pic32c/lib/thumb/v7e-m+fp/hard\libc-musl.a(__pop_int.o)
 .note.GNU-stack
                0x0000000000000000        0x0 c:/program files/microchip/xc32/v4.60/bin/bin/../../lib/gcc/pic32c/8.3.1/../../../../pic32c/lib/thumb/v7e-m+fp/hard\libc-musl.a(__int_vsnprintf.o)
 .note.GNU-stack
                0x0000000000000000        0x0 c:/program files/microchip/xc32/v4.60/bin/bin/../../lib/gcc/pic32c/8.3.1/../../../../pic32c/lib/thumb/v7e-m+fp/hard\libc-musl.a(__int_vfprintf.o)

.stack          0x00000000200003f8      0x100
 .stack         0x00000000200003f8      0x100 stack

.bss.eicCallbackObject%1
                0x0000000020000000       0xc0
 .bss.eicCallbackObject
                0x0000000020000000       0xc0 build/sam_e51_cnano/production/_ext/1220119669/plib_eic.o

.bss.uartTxBuffer%2
                0x00000000200000c0       0x64
 .bss.uartTxBuffer
                0x00000000200000c0       0x64 build/sam_e51_cnano/production/_ext/1360937237/main_sam_e51_cnano.o

.bss%3          0x0000000020000124       0x50
 .bss           0x0000000020000124       0x50 c:/program files/microchip/xc32/v4.60/bin/bin/../../lib/gcc/pic32c/8.3.1/../../../../pic32c/lib/thumb/v7e-m+fp/hard\libc-musl.a(libc.o)
                0x0000000020000124                __progname_full
                0x0000000020000124                program_invocation_name
                0x0000000020000128                program_invocation_short_name
                0x0000000020000128                __progname
                0x000000002000012c                __sysinfo
                0x0000000020000130                __hwcap
                0x0000000020000134                __libc

.bss%4          0x0000000020000174       0x1c
 .bss           0x0000000020000174       0x1c c:/program files/microchip/xc32/v4.60/bin/bin/../../lib/gcc/pic32c/8.3.1/thumb/v7e-m+fp/hard/crtbegin.o

.bss.descriptor_section%5
                0x0000000020000190       0x10
 .bss.descriptor_section
                0x0000000020000190       0x10 build/sam_e51_cnano/production/_ext/831021835/plib_dmac.o

.bss.dmacChannelObj%6
                0x00000000200001a0       0x10
 .bss.dmacChannelObj
                0x00000000200001a0       0x10 build/sam_e51_cnano/production/_ext/831021835/plib_dmac.o

.bss.write_back_section%7
                0x00000000200001b0       0x10
 .bss.write_back_section
                0x00000000200001b0       0x10 build/sam_e51_cnano/production/_ext/831021835/plib_dmac.o

.bss.rtcObj%8   0x00000000200001c0        0xc
 .bss.rtcObj    0x00000000200001c0        0xc build/sam_e51_cnano/production/_ext/1220132503/plib_rtc_timer.o

.bss%9          0x00000000200001cc        0x4
 .bss           0x00000000200001cc        0x4 c:/program files/microchip/xc32/v4.60/bin/bin/../../lib/gcc/pic32c/8.3.1/../../../../pic32c/lib/thumb/v7e-m+fp/hard\libpic32c.a(data_init.o)

.bss%10         0x00000000200001d0        0x4
 .bss           0x00000000200001d0        0x4 c:/program files/microchip/xc32/v4.60/bin/bin/../../lib/gcc/pic32c/8.3.1/../../../../pic32c/lib/thumb/v7e-m+fp/hard\libc-musl.a(__environ.o)
                0x00000000200001d0                __environ
                0x00000000200001d0                environ
                0x00000000200001d0                ___environ
                0x00000000200001d0                _environ

.bss%11         0x00000000200001d4        0x4
 .bss           0x00000000200001d4        0x4 c:/program files/microchip/xc32/v4.60/bin/bin/../../lib/gcc/pic32c/8.3.1/../../../../pic32c/lib/thumb/v7e-m+fp/hard\libc-musl.a(__errno_location.o)
                0x00000000200001d4                __errno_val

.bss.changeTempSamplingRate%12
                0x00000000200001d8        0x1
 .bss.changeTempSamplingRate
                0x00000000200001d8        0x1 build/sam_e51_cnano/production/_ext/1360937237/main_sam_e51_cnano.o

.bss.isRTCExpired%13
                0x00000000200001d9        0x1
 .bss.isRTCExpired
                0x00000000200001d9        0x1 build/sam_e51_cnano/production/_ext/1360937237/main_sam_e51_cnano.o

.bss.tempSampleRate%14
                0x00000000200001da        0x1
 .bss.tempSampleRate
                0x00000000200001da        0x1 build/sam_e51_cnano/production/_ext/1360937237/main_sam_e51_cnano.o

.data.isUSARTTxComplete%15
                0x00000000200001db        0x1
 .data.isUSARTTxComplete
                0x00000000200001db        0x1 build/sam_e51_cnano/production/_ext/1360937237/main_sam_e51_cnano.o

.eh_frame%z1    0x0000000000000000        0x0
 .eh_frame      0x0000000000000000        0x0 c:/program files/microchip/xc32/v4.60/bin/bin/../../lib/gcc/pic32c/8.3.1/thumb/v7e-m+fp/hard/crtbegin.o

.config_00804000.__config_00804000%16
                0x0000000000804000        0x4
 .config_00804000.__config_00804000
                0x0000000000804000        0x4 build/sam_e51_cnano/production/_ext/570918426/initialization.o
                0x0000000000804000                __config_00804000

.config_00804004.__config_00804004%17
                0x0000000000804004        0x4
 .config_00804004.__config_00804004
                0x0000000000804004        0x4 build/sam_e51_cnano/production/_ext/570918426/initialization.o
                0x0000000000804004                __config_00804004

.config_00804008.__config_00804008%18
                0x0000000000804008        0x4
 .config_00804008.__config_00804008
                0x0000000000804008        0x4 build/sam_e51_cnano/production/_ext/570918426/initialization.o
                0x0000000000804008                __config_00804008

.text.__printf_core%19
                0x0000000000000280      0x308
 .text.__printf_core
                0x0000000000000280      0x308 c:/program files/microchip/xc32/v4.60/bin/bin/../../lib/gcc/pic32c/8.3.1/../../../../pic32c/lib/thumb/v7e-m+fp/hard\libc-musl.a(__printf_core.o)
                0x0000000000000280                __printf_core

.text.main%20   0x0000000000000588      0x164
 .text.main     0x0000000000000588      0x164 build/sam_e51_cnano/production/_ext/1360937237/main_sam_e51_cnano.o
                0x0000000000000588                main

.text.CLOCK_Initialize%21
                0x00000000000006ec       0xec
 .text.CLOCK_Initialize
                0x00000000000006ec       0xec build/sam_e51_cnano/production/_ext/7187140/plib_clock.o
                0x00000000000006ec                CLOCK_Initialize

.text.DMAC_ChannelTransfer%22
                0x00000000000007d8       0xe8
 .text.DMAC_ChannelTransfer
                0x00000000000007d8       0xe8 build/sam_e51_cnano/production/_ext/831021835/plib_dmac.o
                0x00000000000007d8                DMAC_ChannelTransfer

.text.__pop_int%23
                0x00000000000008c0       0xac
 .text.__pop_int
                0x00000000000008c0       0xac c:/program files/microchip/xc32/v4.60/bin/bin/../../lib/gcc/pic32c/8.3.1/../../../../pic32c/lib/thumb/v7e-m+fp/hard\libc-musl.a(__pop_int.o)
                0x00000000000008c0                __pop_int_needed
                0x00000000000008c0                __pop_int

.text.EIC_Initialize%24
                0x000000000000096c       0x88
 .text.EIC_Initialize
                0x000000000000096c       0x88 build/sam_e51_cnano/production/_ext/1220119669/plib_eic.o
                0x000000000000096c                EIC_Initialize

.text.Reset_Handler%25
                0x00000000000009f4       0x88
 .text.Reset_Handler
                0x00000000000009f4       0x88 build/sam_e51_cnano/production/_ext/570918426/startup_xc32.o
                0x00000000000009f4                Reset_Handler

.text.DMAC_channel_interruptHandler%26
                0x0000000000000a7c       0x84
 .text.DMAC_channel_interruptHandler
                0x0000000000000a7c       0x84 build/sam_e51_cnano/production/_ext/831021835/plib_dmac.o

.text.__pad%27  0x0000000000000b00       0x84
 .text.__pad    0x0000000000000b00       0x84 c:/program files/microchip/xc32/v4.60/bin/bin/../../lib/gcc/pic32c/8.3.1/../../../../pic32c/lib/thumb/v7e-m+fp/hard\libc-musl.a(__printf_core.o)
                0x0000000000000b00                __pad

.dinit%28       0x0000000000000b84       0x80
 .dinit         0x0000000000000b84       0x80 data_init

.text.__pop_ptr%29
                0x0000000000000c04       0x7c
 .text.__pop_ptr
                0x0000000000000c04       0x7c c:/program files/microchip/xc32/v4.60/bin/bin/../../lib/gcc/pic32c/8.3.1/../../../../pic32c/lib/thumb/v7e-m+fp/hard\libc-musl.a(__pop_ptr.o)
                0x0000000000000c04                __pop_ptr
                0x0000000000000c04                __pop_ptr_needed

.rodata.main.str1.4%30
                0x0000000000000c80       0x70
 .rodata.main.str1.4
                0x0000000000000c80       0x70 build/sam_e51_cnano/production/_ext/1360937237/main_sam_e51_cnano.o

.text.NVIC_Initialize%31
                0x0000000000000cf0       0x68
 .text.NVIC_Initialize
                0x0000000000000cf0       0x68 build/sam_e51_cnano/production/_ext/830715028/plib_nvic.o
                0x0000000000000cf0                NVIC_Initialize

.text.__libc_start_init%32
                0x0000000000000d58       0x5c
 .text.__libc_start_init
                0x0000000000000d58       0x5c c:/program files/microchip/xc32/v4.60/bin/bin/../../lib/gcc/pic32c/8.3.1/../../../../pic32c/lib/thumb/v7e-m+fp/hard\libc-musl.a(__libc_start_main.o)
                0x0000000000000d58                __libc_init_array

.text.DMAC_Initialize%33
                0x0000000000000db4       0x58
 .text.DMAC_Initialize
                0x0000000000000db4       0x58 build/sam_e51_cnano/production/_ext/831021835/plib_dmac.o
                0x0000000000000db4                DMAC_Initialize

.text.__fmt_s%34
                0x0000000000000e0c       0x58
 .text.__fmt_s  0x0000000000000e0c       0x58 c:/program files/microchip/xc32/v4.60/bin/bin/../../lib/gcc/pic32c/8.3.1/../../../../pic32c/lib/thumb/v7e-m+fp/hard\libc-musl.a(__fmt_s.o)
                0x0000000000000e0c                __fmt_s
                0x0000000000000e0c                __fmt_0_needed
                0x0000000000000e0c                __fmt_s_needed

.text.RTC_Initialize%35
                0x0000000000000e64       0x54
 .text.RTC_Initialize
                0x0000000000000e64       0x54 build/sam_e51_cnano/production/_ext/1220132503/plib_rtc_timer.o
                0x0000000000000e64                RTC_Initialize

.rodata.timeouts%36
                0x0000000000000eb8       0x50
 .rodata.timeouts
                0x0000000000000eb8       0x50 build/sam_e51_cnano/production/_ext/1360937237/main_sam_e51_cnano.o

.text.__vsnprintf%37
                0x0000000000000f08       0x50
 .text.__vsnprintf
                0x0000000000000f08       0x50 c:/program files/microchip/xc32/v4.60/bin/bin/../../lib/gcc/pic32c/8.3.1/../../../../pic32c/lib/thumb/v7e-m+fp/hard\libc-musl.a(__int_vsnprintf.o)
                0x0000000000000f08                __vsnprintf

.text.atoi%38   0x0000000000000f58       0x46
 .text.atoi     0x0000000000000f58       0x46 c:/program files/microchip/xc32/v4.60/bin/bin/../../lib/gcc/pic32c/8.3.1/../../../../pic32c/lib/thumb/v7e-m+fp/hard\libc-musl.a(atoi.o)
                0x0000000000000f58                atoi

.text%39        0x0000000000000fa0       0x40
 .text          0x0000000000000fa0       0x40 c:/program files/microchip/xc32/v4.60/bin/bin/../../lib/gcc/pic32c/8.3.1/thumb/v7e-m+fp/hard/crtbegin.o

.text.__fmt_state%40
                0x0000000000000fe0       0x3c
 .text.__fmt_state
                0x0000000000000fe0       0x3c c:/program files/microchip/xc32/v4.60/bin/bin/../../lib/gcc/pic32c/8.3.1/../../../../pic32c/lib/thumb/v7e-m+fp/hard\libc-musl.a(__printf_core.o)
                0x0000000000000fe0                __fmt_state

.text.__pic32c_data_initialization%41
                0x000000000000101c       0x38
 .text.__pic32c_data_initialization
                0x000000000000101c       0x38 c:/program files/microchip/xc32/v4.60/bin/bin/../../lib/gcc/pic32c/8.3.1/../../../../pic32c/lib/thumb/v7e-m+fp/hard\libpic32c.a(data_init.o)
                0x000000000000101c                __pic32c_data_initialization

.text.SERCOM5_USART_Initialize%42
                0x0000000000001054       0x34
 .text.SERCOM5_USART_Initialize
                0x0000000000001054       0x34 build/sam_e51_cnano/production/_ext/314480351/plib_sercom5_usart.o
                0x0000000000001054                SERCOM5_USART_Initialize

.text.EIC_CallbackRegister%43
                0x0000000000001088       0x30
 .text.EIC_CallbackRegister
                0x0000000000001088       0x30 build/sam_e51_cnano/production/_ext/1220119669/plib_eic.o
                0x0000000000001088                EIC_CallbackRegister

.text.PORT_Initialize%44
                0x00000000000010b8       0x30
 .text.PORT_Initialize
                0x00000000000010b8       0x30 build/sam_e51_cnano/production/_ext/830661877/plib_port.o
                0x00000000000010b8                PORT_Initialize

.text.RTC_InterruptHandler%45
                0x00000000000010e8       0x2c
 .text.RTC_InterruptHandler
                0x00000000000010e8       0x2c build/sam_e51_cnano/production/_ext/1220132503/plib_rtc_timer.o
                0x00000000000010e8                RTC_InterruptHandler

.text.__pop_float%46
                0x0000000000001114       0x2a
 .text.__pop_float
                0x0000000000001114       0x2a c:/program files/microchip/xc32/v4.60/bin/bin/../../lib/gcc/pic32c/8.3.1/../../../../pic32c/lib/thumb/v7e-m+fp/hard\libc-musl.a(__pop_float.o)
                0x0000000000001114                __pop_float_needed
                0x0000000000001114                __pop_float

.text.EIC_EXTINT_15_InterruptHandler%47
                0x0000000000001140       0x28
 .text.EIC_EXTINT_15_InterruptHandler
                0x0000000000001140       0x28 build/sam_e51_cnano/production/_ext/1220119669/plib_eic.o
                0x0000000000001140                EIC_EXTINT_15_InterruptHandler

.text.SYS_Initialize%48
                0x0000000000001168       0x28
 .text.SYS_Initialize
                0x0000000000001168       0x28 build/sam_e51_cnano/production/_ext/570918426/initialization.o
                0x0000000000001168                SYS_Initialize

.text.__string_out%49
                0x0000000000001190       0x28
 .text.__string_out
                0x0000000000001190       0x28 c:/program files/microchip/xc32/v4.60/bin/bin/../../lib/gcc/pic32c/8.3.1/../../../../pic32c/lib/thumb/v7e-m+fp/hard\libc-musl.a(__printf_core.o)
                0x0000000000001190                __out

.text.__dinit_copy%50
                0x00000000000011b8       0x1e
 .text.__dinit_copy
                0x00000000000011b8       0x1e c:/program files/microchip/xc32/v4.60/bin/bin/../../lib/gcc/pic32c/8.3.1/../../../../pic32c/lib/thumb/v7e-m+fp/hard\libpic32c.a(pic32_data_init_copy.o)
                0x00000000000011b8                __dinit_copy_needed
                0x00000000000011b8                __dinit_copy

.text.memcpy%51
                0x00000000000011d8       0x1c
 .text.memcpy   0x00000000000011d8       0x1c c:/program files/microchip/xc32/v4.60/bin/bin/../../lib/gcc/pic32c/8.3.1/../../../../pic32c/lib/thumb/v7e-m+fp/hard\libc-size-musl.a(memcpy.o)
                0x00000000000011d8                memcpy

.text.__vfprintf%52
                0x00000000000011f4       0x1c
 .text.__vfprintf
                0x00000000000011f4       0x1c c:/program files/microchip/xc32/v4.60/bin/bin/../../lib/gcc/pic32c/8.3.1/../../../../pic32c/lib/thumb/v7e-m+fp/hard\libc-musl.a(__int_vfprintf.o)
                0x00000000000011f4                __vfprintf

.text.__wrap_sprintf%53
                0x0000000000001210       0x1a
 .text.__wrap_sprintf
                0x0000000000001210       0x1a c:/program files/microchip/xc32/v4.60/bin/bin/../../lib/gcc/pic32c/8.3.1/../../../../pic32c/lib/thumb/v7e-m+fp/hard\libc-musl.a(__sio_sprintf_cns.o)
                0x0000000000001210                _sprintf_cns
                0x0000000000001210                _dsprintf_cns

.text.RTC_Timer32Start%54
                0x000000000000122c       0x18
 .text.RTC_Timer32Start
                0x000000000000122c       0x18 build/sam_e51_cnano/production/_ext/1220132503/plib_rtc_timer.o
                0x000000000000122c                RTC_Timer32Start

.text.strlen%55
                0x0000000000001244       0x18
 .text.strlen   0x0000000000001244       0x18 c:/program files/microchip/xc32/v4.60/bin/bin/../../lib/gcc/pic32c/8.3.1/../../../../pic32c/lib/thumb/v7e-m+fp/hard\libc-size-musl.a(strlen.o)
                0x0000000000001244                strlen

.rodata%56      0x000000000000125c       0x16
 .rodata        0x000000000000125c       0x16 c:/program files/microchip/xc32/v4.60/bin/bin/../../lib/gcc/pic32c/8.3.1/../../../../pic32c/lib/thumb/v7e-m+fp/hard\libc-musl.a(__printf_core.o)

.text.RTC_Timer32CounterSet%57
                0x0000000000001274       0x14
 .text.RTC_Timer32CounterSet
                0x0000000000001274       0x14 build/sam_e51_cnano/production/_ext/1220132503/plib_rtc_timer.o
                0x0000000000001274                RTC_Timer32CounterSet

.text.RTC_Timer32Compare0Set%58
                0x0000000000001288       0x14
 .text.RTC_Timer32Compare0Set
                0x0000000000001288       0x14 build/sam_e51_cnano/production/_ext/1220132503/plib_rtc_timer.o
                0x0000000000001288                RTC_Timer32Compare0Set

.text.rtcEventHandler%59
                0x000000000000129c       0x14
 .text.rtcEventHandler
                0x000000000000129c       0x14 build/sam_e51_cnano/production/_ext/1360937237/main_sam_e51_cnano.o

.text.usartDmaChannelHandler%60
                0x00000000000012b0       0x14
 .text.usartDmaChannelHandler
                0x00000000000012b0       0x14 build/sam_e51_cnano/production/_ext/1360937237/main_sam_e51_cnano.o

.rodata%61      0x00000000000012c4       0x14
 .rodata        0x00000000000012c4       0x14 c:/program files/microchip/xc32/v4.60/bin/bin/../../lib/gcc/pic32c/8.3.1/../../../../pic32c/lib/thumb/v7e-m+fp/hard\libpic32c.a(data_init.o)

.text.memset%62
                0x00000000000012d8       0x14
 .text.memset   0x00000000000012d8       0x14 c:/program files/microchip/xc32/v4.60/bin/bin/../../lib/gcc/pic32c/8.3.1/../../../../pic32c/lib/thumb/v7e-m+fp/hard\libc-size-musl.a(memset.o)
                0x00000000000012d8                memset

.text.__dinit_clear%63
                0x00000000000012ec       0x12
 .text.__dinit_clear
                0x00000000000012ec       0x12 c:/program files/microchip/xc32/v4.60/bin/bin/../../lib/gcc/pic32c/8.3.1/../../../../pic32c/lib/thumb/v7e-m+fp/hard\libpic32c.a(pic32_data_init_clear.o)
                0x00000000000012ec                __dinit_clear
                0x00000000000012ec                __dinit_clear_needed

.text.DMAC_ChannelCallbackRegister%64
                0x0000000000001300       0x10
 .text.DMAC_ChannelCallbackRegister
                0x0000000000001300       0x10 build/sam_e51_cnano/production/_ext/831021835/plib_dmac.o
                0x0000000000001300                DMAC_ChannelCallbackRegister

.text.NVMCTRL_Initialize%65
                0x0000000000001310       0x10
 .text.NVMCTRL_Initialize
                0x0000000000001310       0x10 build/sam_e51_cnano/production/_ext/226030394/plib_nvmctrl.o
                0x0000000000001310                NVMCTRL_Initialize

.text.tolower%66
                0x0000000000001320        0xe
 .text.tolower  0x0000000000001320        0xe c:/program files/microchip/xc32/v4.60/bin/bin/../../lib/gcc/pic32c/8.3.1/../../../../pic32c/lib/thumb/v7e-m+fp/hard\libc-musl.a(tolower.o)
                0x0000000000001320                tolower

.text.RTC_Timer32CallbackRegister%67
                0x0000000000001330        0xc
 .text.RTC_Timer32CallbackRegister
                0x0000000000001330        0xc build/sam_e51_cnano/production/_ext/1220132503/plib_rtc_timer.o
                0x0000000000001330                RTC_Timer32CallbackRegister

.text.EIC_User_Handler%68
                0x000000000000133c        0xc
 .text.EIC_User_Handler
                0x000000000000133c        0xc build/sam_e51_cnano/production/_ext/1360937237/main_sam_e51_cnano.o

.text.__vsprintf%69
                0x0000000000001348        0xc
 .text.__vsprintf
                0x0000000000001348        0xc c:/program files/microchip/xc32/v4.60/bin/bin/../../lib/gcc/pic32c/8.3.1/../../../../pic32c/lib/thumb/v7e-m+fp/hard\libc-musl.a(__int_vsprintf.o)
                0x0000000000001348                __vsprintf

.text.DMAC_0_InterruptHandler%70
                0x0000000000001354        0xa
 .text.DMAC_0_InterruptHandler
                0x0000000000001354        0xa build/sam_e51_cnano/production/_ext/831021835/plib_dmac.o
                0x0000000000001354                DMAC_0_InterruptHandler

.rodata.str1.1%71
                0x000000000000135e        0x8
 .rodata.str1.1
                0x000000000000135e        0x8 c:/program files/microchip/xc32/v4.60/bin/bin/../../lib/gcc/pic32c/8.3.1/../../../../pic32c/lib/thumb/v7e-m+fp/hard\libc-musl.a(__printf_core.o)

.rodata.str1.1%72
                0x0000000000001366        0x7
 .rodata.str1.1
                0x0000000000001366        0x7 c:/program files/microchip/xc32/v4.60/bin/bin/../../lib/gcc/pic32c/8.3.1/../../../../pic32c/lib/thumb/v7e-m+fp/hard\libc-musl.a(__fmt_s.o)

.text.__dummy_decompress%73
                0x000000000000136e        0x4
 .text.__dummy_decompress
                0x000000000000136e        0x4 c:/program files/microchip/xc32/v4.60/bin/bin/../../lib/gcc/pic32c/8.3.1/../../../../pic32c/lib/thumb/v7e-m+fp/hard\libpic32c.a(data_init.o)
                0x000000000000136e                __dinit_decompress
                0x000000000000136e                __dinit_copy_val_data
                0x000000000000136e                __dinit_copy_emb

.text.__dummy_fmt3%74
                0x0000000000001372        0x4
 .text.__dummy_fmt3
                0x0000000000001372        0x4 c:/program files/microchip/xc32/v4.60/bin/bin/../../lib/gcc/pic32c/8.3.1/../../../../pic32c/lib/thumb/v7e-m+fp/hard\libc-musl.a(__printf_core.o)
                0x0000000000001372                __fmt_o
                0x0000000000001372                __fmt_d
                0x0000000000001372                __fmt_u

.text.__dummy_fmt4%75
                0x0000000000001376        0x4
 .text.__dummy_fmt4
                0x0000000000001376        0x4 c:/program files/microchip/xc32/v4.60/bin/bin/../../lib/gcc/pic32c/8.3.1/../../../../pic32c/lib/thumb/v7e-m+fp/hard\libc-musl.a(__printf_core.o)
                0x0000000000001376                __fmt_fp
                0x0000000000001376                __fmt_x
                0x0000000000001376                __fmt_a

.text.EVSYS_Initialize%76
                0x0000000000000f9e        0x2
 .text.EVSYS_Initialize
                0x0000000000000f9e        0x2 build/sam_e51_cnano/production/_ext/9336626/plib_evsys.o
                0x0000000000000f9e                EVSYS_Initialize

.text.Dummy_Handler%77
                0x000000000000113e        0x2
 .text.Dummy_Handler
                0x000000000000113e        0x2 build/sam_e51_cnano/production/_ext/570918426/interrupts.o
                0x000000000000113e                EIC_EXTINT_9_Handler
                0x000000000000113e                TCC0_MC5_Handler
                0x000000000000113e                SVCall_Handler
                0x000000000000113e                SERCOM0_2_Handler
                0x000000000000113e                USB_SOF_HSOF_Handler
                0x000000000000113e                TCC4_OTHER_Handler
                0x000000000000113e                TCC2_MC2_Handler
                0x000000000000113e                EVSYS_0_Handler
                0x000000000000113e                TRNG_Handler
                0x000000000000113e                TC2_Handler
                0x000000000000113e                USB_TRCPT0_Handler
                0x000000000000113e                DAC_OTHER_Handler
                0x000000000000113e                AC_Handler
                0x000000000000113e                DAC_EMPTY_0_Handler
                0x000000000000113e                DMAC_OTHER_Handler
                0x000000000000113e                EIC_EXTINT_5_Handler
                0x000000000000113e                SERCOM3_1_Handler
                0x000000000000113e                SysTick_Handler
                0x000000000000113e                SERCOM4_OTHER_Handler
                0x000000000000113e                SERCOM3_2_Handler
                0x000000000000113e                EIC_EXTINT_6_Handler
                0x000000000000113e                PendSV_Handler
                0x000000000000113e                TCC4_MC0_Handler
                0x000000000000113e                EVSYS_3_Handler
                0x000000000000113e                QSPI_Handler
                0x000000000000113e                TCC2_MC0_Handler
                0x000000000000113e                PDEC_OTHER_Handler
                0x000000000000113e                TCC3_MC0_Handler
                0x000000000000113e                PDEC_MC1_Handler
                0x000000000000113e                TCC2_MC1_Handler
                0x000000000000113e                OSCCTRL_XOSC1_Handler
                0x000000000000113e                PDEC_MC0_Handler
                0x000000000000113e                EIC_EXTINT_4_Handler
                0x000000000000113e                EIC_EXTINT_7_Handler
                0x000000000000113e                SERCOM0_OTHER_Handler
                0x000000000000113e                EVSYS_OTHER_Handler
                0x000000000000113e                SERCOM0_0_Handler
                0x000000000000113e                SERCOM4_0_Handler
                0x000000000000113e                TCC1_MC0_Handler
                0x000000000000113e                SERCOM1_OTHER_Handler
                0x000000000000113e                TCC2_OTHER_Handler
                0x000000000000113e                EIC_EXTINT_11_Handler
                0x000000000000113e                SUPC_BODDET_Handler
                0x000000000000113e                EIC_EXTINT_14_Handler
                0x000000000000113e                OSC32KCTRL_Handler
                0x000000000000113e                EVSYS_1_Handler
                0x000000000000113e                TCC4_MC1_Handler
                0x000000000000113e                SUPC_OTHER_Handler
                0x000000000000113e                WDT_Handler
                0x000000000000113e                CAN0_Handler
                0x000000000000113e                EIC_EXTINT_1_Handler
                0x000000000000113e                TCC3_MC1_Handler
                0x000000000000113e                SERCOM5_0_Handler
                0x000000000000113e                TC4_Handler
                0x000000000000113e                TC1_Handler
                0x000000000000113e                TCC1_MC1_Handler
                0x000000000000113e                EIC_EXTINT_0_Handler
                0x000000000000113e                TCC1_OTHER_Handler
                0x000000000000113e                PAC_Handler
                0x000000000000113e                SERCOM4_1_Handler
                0x000000000000113e                TC3_Handler
                0x000000000000113e                Dummy_Handler