Archive member included to satisfy reference by file (symbol)

c:/program files/microchip/xc32/v4.35/bin/bin/../../lib/gcc/pic32c/8.3.1/../../../../pic32c/lib/thumb/v7e-m+fp/hard\libpic32c.a(data_init.o)
                              build/sam_e51_cnano/production/_ext/570918426/startup_xc32.o (__pic32c_data_initialization)
c:/program files/microchip/xc32/v4.35/bin/bin/../../lib/gcc/pic32c/8.3.1/../../../../pic32c/lib/thumb/v7e-m+fp/hard\libc-musl.a(__libc_start_main.o)
                              build/sam_e51_cnano/production/_ext/570918426/startup_xc32.o (__libc_init_array)
c:/program files/microchip/xc32/v4.35/bin/bin/../../lib/gcc/pic32c/8.3.1/../../../../pic32c/lib/thumb/v7e-m+fp/hard\libc-musl.a(libc.o)
                              c:/program files/microchip/xc32/v4.35/bin/bin/../../lib/gcc/pic32c/8.3.1/../../../../pic32c/lib/thumb/v7e-m+fp/hard\libc-musl.a(__libc_start_main.o) (__progname_full)
c:/program files/microchip/xc32/v4.35/bin/bin/../../lib/gcc/pic32c/8.3.1/../../../../pic32c/lib/thumb/v7e-m+fp/hard\libc-musl.a(__sio_sprintf_cns.o)
                              (_sprintf_cns)
c:/program files/microchip/xc32/v4.35/bin/bin/../../lib/gcc/pic32c/8.3.1/../../../../pic32c/lib/thumb/v7e-m+fp/hard\libc-musl.a(__fmt_s.o)
                              c:/program files/microchip/xc32/v4.35/bin/bin/../../lib/gcc/pic32c/8.3.1/../../../../pic32c/lib/thumb/v7e-m+fp/hard\libc-musl.a(__sio_sprintf_cns.o) (__fmt_s_needed)
c:/program files/microchip/xc32/v4.35/bin/bin/../../lib/gcc/pic32c/8.3.1/../../../../pic32c/lib/thumb/v7e-m+fp/hard\libc-musl.a(__pop_ptr.o)
                              c:/program files/microchip/xc32/v4.35/bin/bin/../../lib/gcc/pic32c/8.3.1/../../../../pic32c/lib/thumb/v7e-m+fp/hard\libc-musl.a(__sio_sprintf_cns.o) (__pop_ptr_needed)
c:/program files/microchip/xc32/v4.35/bin/bin/../../lib/gcc/pic32c/8.3.1/../../../../pic32c/lib/thumb/v7e-m+fp/hard\libc-musl.a(__printf_core.o)
                              c:/program files/microchip/xc32/v4.35/bin/bin/../../lib/gcc/pic32c/8.3.1/../../../../pic32c/lib/thumb/v7e-m+fp/hard\libc-musl.a(__fmt_s.o) (__pad)
c:/program files/microchip/xc32/v4.35/bin/bin/../../lib/gcc/pic32c/8.3.1/../../../../pic32c/lib/thumb/v7e-m+fp/hard\libc-musl.a(atoi.o)
                              c:/program files/microchip/xc32/v4.35/bin/bin/../../lib/gcc/pic32c/8.3.1/../../../../pic32c/lib/thumb/v7e-m+fp/hard\libc-musl.a(__printf_core.o) (atoi)
c:/program files/microchip/xc32/v4.35/bin/bin/../../lib/gcc/pic32c/8.3.1/../../../../pic32c/lib/thumb/v7e-m+fp/hard\libc-musl.a(memcpy.o)
                              build/sam_e51_cnano/production/_ext/226030394/plib_nvmctrl.o (memcpy)
c:/program files/microchip/xc32/v4.35/bin/bin/../../lib/gcc/pic32c/8.3.1/../../../../pic32c/lib/thumb/v7e-m+fp/hard\libc-musl.a(memset.o)
                              build/sam_e51_cnano/production/_ext/1360937237/main_sam_e51_cnano.o (memset)
c:/program files/microchip/xc32/v4.35/bin/bin/../../lib/gcc/pic32c/8.3.1/../../../../pic32c/lib/thumb/v7e-m+fp/hard\libc-musl.a(strlen.o)
                              build/sam_e51_cnano/production/_ext/1360937237/main_sam_e51_cnano.o (strlen)
c:/program files/microchip/xc32/v4.35/bin/bin/../../lib/gcc/pic32c/8.3.1/../../../../pic32c/lib/thumb/v7e-m+fp/hard\libc-musl.a(tolower.o)
                              c:/program files/microchip/xc32/v4.35/bin/bin/../../lib/gcc/pic32c/8.3.1/../../../../pic32c/lib/thumb/v7e-m+fp/hard\libc-musl.a(__printf_core.o) (tolower)
c:/program files/microchip/xc32/v4.35/bin/bin/../../lib/gcc/pic32c/8.3.1/../../../../pic32c/lib/thumb/v7e-m+fp/hard\libc-musl.a(__environ.o)
                              c:/program files/microchip/xc32/v4.35/bin/bin/../../lib/gcc/pic32c/8.3.1/../../../../pic32c/lib/thumb/v7e-m+fp/hard\libc-musl.a(__libc_start_main.o) (__environ)
c:/program files/microchip/xc32/v4.35/bin/bin/../../lib/gcc/pic32c/8.3.1/../../../../pic32c/lib/thumb/v7e-m+fp/hard\libc-musl.a(__errno_location.o)
                              c:/program files/microchip/xc32/v4.35/bin/bin/../../lib/gcc/pic32c/8.3.1/../../../../pic32c/lib/thumb/v7e-m+fp/hard\libc-musl.a(__printf_core.o) (__errno_val)
c:/program files/microchip/xc32/v4.35/bin/bin/../../lib/gcc/pic32c/8.3.1/../../../../pic32c/lib/thumb/v7e-m+fp/hard\libc-musl.a(__int_vsprintf.o)
                              c:/program files/microchip/xc32/v4.35/bin/bin/../../lib/gcc/pic32c/8.3.1/../../../../pic32c/lib/thumb/v7e-m+fp/hard\libc-musl.a(__sio_sprintf_cns.o) (__vsprintf)
c:/program files/microchip/xc32/v4.35/bin/bin/../../lib/gcc/pic32c/8.3.1/../../../../pic32c/lib/thumb/v7e-m+fp/hard\libc-musl.a(__pop_float.o)
                              c:/program files/microchip/xc32/v4.35/bin/bin/../../lib/gcc/pic32c/8.3.1/../../../../pic32c/lib/thumb/v7e-m+fp/hard\libc-musl.a(__printf_core.o) (__pop_float)
c:/program files/microchip/xc32/v4.35/bin/bin/../../lib/gcc/pic32c/8.3.1/../../../../pic32c/lib/thumb/v7e-m+fp/hard\libc-musl.a(__pop_int.o)
[...]
Memory Configuration

Name             Origin             Length             Attributes
rom              0x00000000         0x00100000         xrl
ram              0x20000000         0x00040000         xw !r
tcm              0x03000000         0x00000000         xw
bkupram          0x47000000         0x00002000
config_00804000  0x00804000         0x00000004
config_00804004  0x00804004         0x00000004
config_00804008  0x00804008         0x00000004
*default*        0x00000000         0xffffffff

Linker script and memory map

LOAD c:/program files/microchip/xc32/v4.35/bin/bin/../../lib/gcc/pic32c/8.3.1/thumb/v7e-m+fp/hard/crti.o
LOAD c:/program files/microchip/xc32/v4.35/bin/bin/../../lib/gcc/pic32c/8.3.1/thumb/v7e-m+fp/hard/crtbegin.o
LOAD build/sam_e51_cnano/production/_ext/7187140/plib_clock.o
LOAD build/sam_e51_cnano/production/_ext/831051564/plib_cmcc.o
LOAD build/sam_e51_cnano/production/_ext/831021835/plib_dmac.o
LOAD build/sam_e51_cnano/production/_ext/1220119669/plib_eic.o
LOAD build/sam_e51_cnano/production/_ext/9336626/plib_evsys.o
LOAD build/sam_e51_cnano/production/_ext/830715028/plib_nvic.o
LOAD build/sam_e51_cnano/production/_ext/226030394/plib_nvmctrl.o
LOAD build/sam_e51_cnano/production/_ext/830661877/plib_port.o
LOAD build/sam_e51_cnano/production/_ext/1220132503/plib_rtc_timer.o
LOAD build/sam_e51_cnano/production/_ext/314480351/plib_sercom5_usart.o
LOAD build/sam_e51_cnano/production/_ext/865175840/xc32_monitor.o
LOAD build/sam_e51_cnano/production/_ext/570918426/initialization.o
LOAD build/sam_e51_cnano/production/_ext/570918426/interrupts.o
LOAD build/sam_e51_cnano/production/_ext/570918426/exceptions.o
LOAD build/sam_e51_cnano/production/_ext/570918426/startup_xc32.o
LOAD build/sam_e51_cnano/production/_ext/570918426/libc_syscalls.o
LOAD build/sam_e51_cnano/production/_ext/1360937237/main_sam_e51_cnano.o
                0x00000001                __MPLAB_BUILD = 0x1
                0x00100000                __rom_end = (ORIGIN (rom) + LENGTH (rom))
                0x20040000                __ram_end = (ORIGIN (ram) + LENGTH (ram))

.config_00804000
 *(.config_00804000)

.config_00804004
 *(.config_00804004)

.config_00804008
 *(.config_00804008)

.vectors        0x00000000      0x260
                0x00000000                . = ALIGN (0x4)
                0x00000000                _sfixed = .
 *(.vectors .vectors.* .vectors_default .vectors_default.*)
 .vectors.exception_table
                0x00000000      0x260 build/sam_e51_cnano/production/_ext/570918426/interrupts.o
                0x00000000                exception_table
 *(.isr_vector)
 *(.reset*)
 *(.after_vectors)

.text           0x00000260       0x20
                0x00000260                . = ALIGN (0x4)
 *(.glue_7t)
 .glue_7t       0x00000260        0x0 linker stubs
 *(.glue_7)
 .glue_7        0x00000260        0x0 linker stubs
 *(.gnu.linkonce.r.*)
 *(.ARM.extab* .gnu.linkonce.armextab.*)
                0x00000260                . = ALIGN (0x4)
 *(.init)
 .init          0x00000260        0x4 c:/program files/microchip/xc32/v4.35/bin/bin/../../lib/gcc/pic32c/8.3.1/thumb/v7e-m+fp/hard/crti.o
                0x00000260                _init
 .init          0x00000264        0x8 c:/program files/microchip/xc32/v4.35/bin/bin/../../lib/gcc/pic32c/8.3.1/thumb/v7e-m+fp/hard/crtn.o
                0x0000026c                . = ALIGN (0x4)
                0x0000026c                __preinit_array_start = .
 *(.preinit_array)
                0x0000026c                __preinit_array_end = .
                0x0000026c                . = ALIGN (0x4)
                0x0000026c                __init_array_start = .
 *(SORT_BY_NAME(.init_array.*))
 *(.init_array)
 .init_array    0x0000026c        0x4 c:/program files/microchip/xc32/v4.35/bin/bin/../../lib/gcc/pic32c/8.3.1/thumb/v7e-m+fp/hard/crtbegin.o
                0x00000270                __init_array_end = .
                0x00000270                . = ALIGN (0x4)
 *crtbegin.o(.ctors)
 *(EXCLUDE_FILE(*crtend.o) .ctors)
 *(SORT_BY_NAME(.ctors.*))
 *crtend.o(.ctors)
                0x00000270                . = ALIGN (0x4)
 *(.fini)
 .fini          0x00000270        0x4 c:/program files/microchip/xc32/v4.35/bin/bin/../../lib/gcc/pic32c/8.3.1/thumb/v7e-m+fp/hard/crti.o
                0x00000270                _fini
 .fini          0x00000274        0x8 c:/program files/microchip/xc32/v4.35/bin/bin/../../lib/gcc/pic32c/8.3.1/thumb/v7e-m+fp/hard/crtn.o
                0x0000027c                . = ALIGN (0x4)
                0x0000027c                __fini_array_start = .
 *(.fini_array)
 .fini_array    0x0000027c        0x4 c:/program files/microchip/xc32/v4.35/bin/bin/../../lib/gcc/pic32c/8.3.1/thumb/v7e-m+fp/hard/crtbegin.o
 *(SORT_BY_NAME(.fini_array.*))
                0x00000280                __fini_array_end = .
 *crtbegin.o(.dtors)
 *(EXCLUDE_FILE(*crtend.o) .dtors)
 *(SORT_BY_NAME(.dtors.*))
 *crtend.o(.dtors)
                0x00000280                . = ALIGN (0x4)
                0x00000280                _efixed = .
                [!provide]                PROVIDE (__exidx_start = .)

.ARM.exidx
 *(.ARM.exidx* .gnu.linkonce.armexidx.*)
                [!provide]                PROVIDE (__exidx_end = .)
                0x00000280                . = ALIGN (0x4)
                0x00000280                _etext = .

.bss            0x20000000        0x0
                0x20000000                . = ALIGN (0x4)
                0x20000000                __bss_start__ = .
                0x20000000                _sbss = .
                0x20000000                _szero = .
 *(COMMON)
                0x20000000                . = ALIGN (0x4)
                0x20000000                __bss_end__ = .
                0x20000000                _ebss = .
                0x20000000                _ezero = .
                0x20000000                . = ALIGN (0x4)
                0x20000000                _end = .
                0x2003ffff                _ram_end_ = ((ORIGIN (ram) + LENGTH (ram)) - 0x1)

.bkupram_bss
 *(.bkupram_bss .bkupram_bss.*)
 *(.pbss .pbss.*)
                0x00000200                _min_heap_size = 0x200
START GROUP
LOAD c:/program files/microchip/xc32/v4.35/bin/bin/../../lib/gcc/pic32c/8.3.1/../../../../pic32c/lib/thumb/v7e-m+fp/hard\libpic32c.a
LOAD c:/program files/microchip/xc32/v4.35/bin/bin/../../lib/gcc/pic32c/8.3.1/../../../../pic32c/lib/thumb/v7e-m+fp/hard\libm-fast-emfloat.a
LOAD c:/program files/microchip/xc32/v4.35/bin/bin/../../lib/gcc/pic32c/8.3.1/../../../../pic32c/lib/thumb/v7e-m+fp/hard\libc-musl.a
LOAD c:/program files/microchip/xc32/v4.35/bin/bin/../../lib/gcc/pic32c/8.3.1/../../../../pic32c/lib/thumb/v7e-m+fp/hard\libm-fast-emfloat.a
LOAD c:/program files/microchip/xc32/v4.35/bin/bin/../../lib/gcc/pic32c/8.3.1/thumb/v7e-m+fp/hard\libgcc.a
END GROUP
LOAD c:/program files/microchip/xc32/v4.35/bin/bin/../../lib/gcc/pic32c/8.3.1/thumb/v7e-m+fp/hard/crtend.o
LOAD c:/program files/microchip/xc32/v4.35/bin/bin/../../lib/gcc/pic32c/8.3.1/thumb/v7e-m+fp/hard/crtn.o
OUTPUT(dist/sam_e51_cnano/production/sam_e51_cnano.X.production.elf elf32-littlearm)
LOAD data_init
LOAD stack

.ARM.attributes
                0x00000000       0x34
 .ARM.attributes
                0x00000000       0x1e c:/program files/microchip/xc32/v4.35/bin/bin/../../lib/gcc/pic32c/8.3.1/thumb/v7e-m+fp/hard/crti.o
 .ARM.attributes
                0x0000001e       0x34 c:/program files/microchip/xc32/v4.35/bin/bin/../../lib/gcc/pic32c/8.3.1/thumb/v7e-m+fp/hard/crtbegin.o
 .ARM.attributes
                0x00000052       0x34 build/sam_e51_cnano/production/_ext/7187140/plib_clock.o
 .ARM.attributes
                0x00000086       0x34 build/sam_e51_cnano/production/_ext/831021835/plib_dmac.o
 .ARM.attributes
                0x000000ba       0x34 build/sam_e51_cnano/production/_ext/1220119669/plib_eic.o
 .ARM.attributes
                0x000000ee       0x34 build/sam_e51_cnano/production/_ext/9336626/plib_evsys.o
 .ARM.attributes
                0x00000122       0x34 build/sam_e51_cnano/production/_ext/830715028/plib_nvic.o
 .ARM.attributes
                0x00000156       0x34 build/sam_e51_cnano/production/_ext/226030394/plib_nvmctrl.o
 .ARM.attributes
                0x0000018a       0x34 build/sam_e51_cnano/production/_ext/830661877/plib_port.o
 .ARM.attributes
                0x000001be       0x34 build/sam_e51_cnano/production/_ext/1220132503/plib_rtc_timer.o
 .ARM.attributes
                0x000001f2       0x34 build/sam_e51_cnano/production/_ext/314480351/plib_sercom5_usart.o
 .ARM.attributes
                0x00000226       0x34 build/sam_e51_cnano/production/_ext/570918426/initialization.o
 .ARM.attributes
                0x0000025a       0x34 build/sam_e51_cnano/production/_ext/570918426/interrupts.o
 .ARM.attributes
                0x0000028e       0x34 build/sam_e51_cnano/production/_ext/570918426/exceptions.o
 .ARM.attributes
                0x000002c2       0x34 build/sam_e51_cnano/production/_ext/570918426/startup_xc32.o
 .ARM.attributes
                0x000002f6       0x34 build/sam_e51_cnano/production/_ext/1360937237/main_sam_e51_cnano.o
 .ARM.attributes
                0x0000032a       0x34 c:/program files/microchip/xc32/v4.35/bin/bin/../../lib/gcc/pic32c/8.3.1/../../../../pic32c/lib/thumb/v7e-m+fp/hard\libpic32c.a(data_init.o)
 .ARM.attributes
                0x0000035e       0x36 c:/program files/microchip/xc32/v4.35/bin/bin/../../lib/gcc/pic32c/8.3.1/../../../../pic32c/lib/thumb/v7e-m+fp/hard\libc-musl.a(__libc_start_main.o)
 .ARM.attributes
                0x00000394       0x34 c:/program files/microchip/xc32/v4.35/bin/bin/../../lib/gcc/pic32c/8.3.1/../../../../pic32c/lib/thumb/v7e-m+fp/hard\libc-musl.a(libc.o)
 .ARM.attributes
                0x000003c8       0x36 c:/program files/microchip/xc32/v4.35/bin/bin/../../lib/gcc/pic32c/8.3.1/../../../../pic32c/lib/thumb/v7e-m+fp/hard\libc-musl.a(__sio_sprintf_cns.o)
 .ARM.attributes
                0x000003fe       0x36 c:/program files/microchip/xc32/v4.35/bin/bin/../../lib/gcc/pic32c/8.3.1/../../../../pic32c/lib/thumb/v7e-m+fp/hard\libc-musl.a(__fmt_s.o)
 .ARM.attributes
                0x00000434       0x36 c:/program files/microchip/xc32/v4.35/bin/bin/../../lib/gcc/pic32c/8.3.1/../../../../pic32c/lib/thumb/v7e-m+fp/hard\libc-musl.a(__pop_ptr.o)
 .ARM.attributes
                0x0000046a       0x36 c:/program files/microchip/xc32/v4.35/bin/bin/../../lib/gcc/pic32c/8.3.1/../../../../pic32c/lib/thumb/v7e-m+fp/hard\libc-musl.a(__printf_core.o)
 .ARM.attributes
                0x000004a0       0x36 c:/program files/microchip/xc32/v4.35/bin/bin/../../lib/gcc/pic32c/8.3.1/../../../../pic32c/lib/thumb/v7e-m+fp/hard\libc-musl.a(atoi.o)
 .ARM.attributes
                0x000004d6       0x36 c:/program files/microchip/xc32/v4.35/bin/bin/../../lib/gcc/pic32c/8.3.1/../../../../pic32c/lib/thumb/v7e-m+fp/hard\libc-musl.a(memcpy.o)
 .ARM.attributes
                0x0000050c       0x36 c:/program files/microchip/xc32/v4.35/bin/bin/../../lib/gcc/pic32c/8.3.1/../../../../pic32c/lib/thumb/v7e-m+fp/hard\libc-musl.a(memset.o)
 .ARM.attributes
                0x00000542       0x36 c:/program files/microchip/xc32/v4.35/bin/bin/../../lib/gcc/pic32c/8.3.1/../../../../pic32c/lib/thumb/v7e-m+fp/hard\libc-musl.a(strlen.o)
 .ARM.attributes
                0x00000578       0x36 c:/program files/microchip/xc32/v4.35/bin/bin/../../lib/gcc/pic32c/8.3.1/../../../../pic32c/lib/thumb/v7e-m+fp/hard\libc-musl.a(tolower.o)
 .ARM.attributes
                0x000005ae       0x34 c:/program files/microchip/xc32/v4.35/bin/bin/../../lib/gcc/pic32c/8.3.1/../../../../pic32c/lib/thumb/v7e-m+fp/hard\libc-musl.a(__environ.o)
 .ARM.attributes
                0x000005e2       0x34 c:/program files/microchip/xc32/v4.35/bin/bin/../../lib/gcc/pic32c/8.3.1/../../../../pic32c/lib/thumb/v7e-m+fp/hard\libc-musl.a(__errno_location.o)
 .ARM.attributes
                0x00000616       0x36 c:/program files/microchip/xc32/v4.35/bin/bin/../../lib/gcc/pic32c/8.3.1/../../../../pic32c/lib/thumb/v7e-m+fp/hard\libc-musl.a(__int_vsprintf.o)
 .ARM.attributes
                0x0000064c       0x36 c:/program files/microchip/xc32/v4.35/bin/bin/../../lib/gcc/pic32c/8.3.1/../../../../pic32c/lib/thumb/v7e-m+fp/hard\libc-musl.a(__pop_float.o)
 .ARM.attributes
                0x00000682       0x36 c:/program files/microchip/xc32/v4.35/bin/bin/../../lib/gcc/pic32c/8.3.1/../../../../pic32c/lib/thumb/v7e-m+fp/hard\libc-musl.a(__pop_int.o)
 .ARM.attributes
                0x000006b8       0x36 c:/program files/microchip/xc32/v4.35/bin/bin/../../lib/gcc/pic32c/8.3.1/../../../../pic32c/lib/thumb/v7e-m+fp/hard\libc-musl.a(__int_vsnprintf.o)
 .ARM.attributes
                0x000006ee       0x36 c:/program files/microchip/xc32/v4.35/bin/bin/../../lib/gcc/pic32c/8.3.1/../../../../pic32c/lib/thumb/v7e-m+fp/hard\libc-musl.a(__int_vfprintf.o)
 .ARM.attributes
                0x00000724       0x1e c:/program files/microchip/xc32/v4.35/bin/bin/../../lib/gcc/pic32c/8.3.1/thumb/v7e-m+fp/hard/crtn.o
 .ARM.attributes
                0x00000742       0x34 c:/program files/microchip/xc32/v4.35/bin/bin/../../lib/gcc/pic32c/8.3.1/../../../../pic32c/lib/thumb/v7e-m+fp/hard\libpic32c.a(pic32_data_init_clear.o)
 .ARM.attributes
                0x00000776       0x34 c:/program files/microchip/xc32/v4.35/bin/bin/../../lib/gcc/pic32c/8.3.1/../../../../pic32c/lib/thumb/v7e-m+fp/hard\libpic32c.a(pic32_data_init_copy.o)

.comment        0x00000000       0x2b
 .comment       0x00000000       0x2b c:/program files/microchip/xc32/v4.35/bin/bin/../../lib/gcc/pic32c/8.3.1/thumb/v7e-m+fp/hard/crtbegin.o
                                 0x2c (size before relaxing)
 .comment       0x0000002b       0x2c build/sam_e51_cnano/production/_ext/7187140/plib_clock.o
 .comment       0x0000002b       0x2c build/sam_e51_cnano/production/_ext/831021835/plib_dmac.o
 .comment       0x0000002b       0x2c build/sam_e51_cnano/production/_ext/1220119669/plib_eic.o
 .comment       0x0000002b       0x2c build/sam_e51_cnano/production/_ext/9336626/plib_evsys.o
 .comment       0x0000002b       0x2c build/sam_e51_cnano/production/_ext/830715028/plib_nvic.o
 .comment       0x0000002b       0x2c build/sam_e51_cnano/production/_ext/226030394/plib_nvmctrl.o
 .comment       0x0000002b       0x2c build/sam_e51_cnano/production/_ext/830661877/plib_port.o
 .comment       0x0000002b       0x2c build/sam_e51_cnano/production/_ext/1220132503/plib_rtc_timer.o
 .comment       0x0000002b       0x2c build/sam_e51_cnano/production/_ext/314480351/plib_sercom5_usart.o
 .comment       0x0000002b       0x2c build/sam_e51_cnano/production/_ext/570918426/initialization.o
 .comment       0x0000002b       0x2c build/sam_e51_cnano/production/_ext/570918426/interrupts.o
 .comment       0x0000002b       0x2c build/sam_e51_cnano/production/_ext/570918426/exceptions.o
 .comment       0x0000002b       0x2c build/sam_e51_cnano/production/_ext/570918426/startup_xc32.o
 .comment       0x0000002b       0x2c build/sam_e51_cnano/production/_ext/1360937237/main_sam_e51_cnano.o
 .comment       0x0000002b       0x2c c:/program files/microchip/xc32/v4.35/bin/bin/../../lib/gcc/pic32c/8.3.1/../../../../pic32c/lib/thumb/v7e-m+fp/hard\libpic32c.a(data_init.o)
 .comment       0x0000002b       0x2c c:/program files/microchip/xc32/v4.35/bin/bin/../../lib/gcc/pic32c/8.3.1/../../../../pic32c/lib/thumb/v7e-m+fp/hard\libc-musl.a(__libc_start_main.o)
 .comment       0x0000002b       0x2c c:/program files/microchip/xc32/v4.35/bin/bin/../../lib/gcc/pic32c/8.3.1/../../../../pic32c/lib/thumb/v7e-m+fp/hard\libc-musl.a(libc.o)
 .comment       0x0000002b       0x2c c:/program files/microchip/xc32/v4.35/bin/bin/../../lib/gcc/pic32c/8.3.1/../../../../pic32c/lib/thumb/v7e-m+fp/hard\libc-musl.a(__sio_sprintf_cns.o)
 .comment       0x0000002b       0x2c c:/program files/microchip/xc32/v4.35/bin/bin/../../lib/gcc/pic32c/8.3.1/../../../../pic32c/lib/thumb/v7e-m+fp/hard\libc-musl.a(__fmt_s.o)
 .comment       0x0000002b       0x2c c:/program files/microchip/xc32/v4.35/bin/bin/../../lib/gcc/pic32c/8.3.1/../../../../pic32c/lib/thumb/v7e-m+fp/hard\libc-musl.a(__pop_ptr.o)
 .comment       0x0000002b       0x2c c:/program files/microchip/xc32/v4.35/bin/bin/../../lib/gcc/pic32c/8.3.1/../../../../pic32c/lib/thumb/v7e-m+fp/hard\libc-musl.a(__printf_core.o)
 .comment       0x0000002b       0x2c c:/program files/microchip/xc32/v4.35/bin/bin/../../lib/gcc/pic32c/8.3.1/../../../../pic32c/lib/thumb/v7e-m+fp/hard\libc-musl.a(atoi.o)
 .comment       0x0000002b       0x2c c:/program files/microchip/xc32/v4.35/bin/bin/../../lib/gcc/pic32c/8.3.1/../../../../pic32c/lib/thumb/v7e-m+fp/hard\libc-musl.a(memcpy.o)
 .comment       0x0000002b       0x2c c:/program files/microchip/xc32/v4.35/bin/bin/../../lib/gcc/pic32c/8.3.1/../../../../pic32c/lib/thumb/v7e-m+fp/hard\libc-musl.a(memset.o)
 .comment       0x0000002b       0x2c c:/program files/microchip/xc32/v4.35/bin/bin/../../lib/gcc/pic32c/8.3.1/../../../../pic32c/lib/thumb/v7e-m+fp/hard\libc-musl.a(strlen.o)
 .comment       0x0000002b       0x2c c:/program files/microchip/xc32/v4.35/bin/bin/../../lib/gcc/pic32c/8.3.1/../../../../pic32c/lib/thumb/v7e-m+fp/hard\libc-musl.a(tolower.o)
 .comment       0x0000002b       0x2c c:/program files/microchip/xc32/v4.35/bin/bin/../../lib/gcc/pic32c/8.3.1/../../../../pic32c/lib/thumb/v7e-m+fp/hard\libc-musl.a(__environ.o)
 .comment       0x0000002b       0x2c c:/program files/microchip/xc32/v4.35/bin/bin/../../lib/gcc/pic32c/8.3.1/../../../../pic32c/lib/thumb/v7e-m+fp/hard\libc-musl.a(__errno_location.o)
 .comment       0x0000002b       0x2c c:/program files/microchip/xc32/v4.35/bin/bin/../../lib/gcc/pic32c/8.3.1/../../../../pic32c/lib/thumb/v7e-m+fp/hard\libc-musl.a(__int_vsprintf.o)
 .comment       0x0000002b       0x2c c:/program files/microchip/xc32/v4.35/bin/bin/../../lib/gcc/pic32c/8.3.1/../../../../pic32c/lib/thumb/v7e-m+fp/hard\libc-musl.a(__pop_float.o)
 .comment       0x0000002b       0x2c c:/program files/microchip/xc32/v4.35/bin/bin/../../lib/gcc/pic32c/8.3.1/../../../../pic32c/lib/thumb/v7e-m+fp/hard\libc-musl.a(__pop_int.o)
 .comment       0x0000002b       0x2c c:/program files/microchip/xc32/v4.35/bin/bin/../../lib/gcc/pic32c/8.3.1/../../../../pic32c/lib/thumb/v7e-m+fp/hard\libc-musl.a(__int_vsnprintf.o)
 .comment       0x0000002b       0x2c c:/program files/microchip/xc32/v4.35/bin/bin/../../lib/gcc/pic32c/8.3.1/../../../../pic32c/lib/thumb/v7e-m+fp/hard\libc-musl.a(__int_vfprintf.o)
 .comment       0x0000002b       0x2c c:/program files/microchip/xc32/v4.35/bin/bin/../../lib/gcc/pic32c/8.3.1/../../../../pic32c/lib/thumb/v7e-m+fp/hard\libpic32c.a(pic32_data_init_clear.o)
 .comment       0x0000002b       0x2c c:/program files/microchip/xc32/v4.35/bin/bin/../../lib/gcc/pic32c/8.3.1/../../../../pic32c/lib/thumb/v7e-m+fp/hard\libpic32c.a(pic32_data_init_copy.o)

.debug_info     0x00000000    0x10ef0
 .debug_info    0x00000000      0xb73 build/sam_e51_cnano/production/_ext/7187140/plib_clock.o
 .debug_info    0x00000b73     0x128a build/sam_e51_cnano/production/_ext/831021835/plib_dmac.o
 .debug_info    0x00001dfd      0x724 build/sam_e51_cnano/production/_ext/1220119669/plib_eic.o
 .debug_info    0x00002521      0x32f build/sam_e51_cnano/production/_ext/9336626/plib_evsys.o
 .debug_info    0x00002850     0x13f6 build/sam_e51_cnano/production/_ext/830715028/plib_nvic.o
 .debug_info    0x00003c46      0xe6e build/sam_e51_cnano/production/_ext/226030394/plib_nvmctrl.o
 .debug_info    0x00004ab4      0xdd3 build/sam_e51_cnano/production/_ext/830661877/plib_port.o
 .debug_info    0x00005887     0x100e build/sam_e51_cnano/production/_ext/1220132503/plib_rtc_timer.o
 .debug_info    0x00006895     0x13fc build/sam_e51_cnano/production/_ext/314480351/plib_sercom5_usart.o
 .debug_info    0x00007c91      0x416 build/sam_e51_cnano/production/_ext/570918426/initialization.o
 .debug_info    0x000080a7     0x1691 build/sam_e51_cnano/production/_ext/570918426/interrupts.o
 .debug_info    0x00009738      0x3f1 build/sam_e51_cnano/production/_ext/570918426/exceptions.o
 .debug_info    0x00009b29      0x8aa build/sam_e51_cnano/production/_ext/570918426/startup_xc32.o
 .debug_info    0x0000a3d3     0x14d5 build/sam_e51_cnano/production/_ext/1360937237/main_sam_e51_cnano.o
 .debug_info    0x0000b8a8      0x2c3 c:/program files/microchip/xc32/v4.35/bin/bin/../../lib/gcc/pic32c/8.3.1/../../../../pic32c/lib/thumb/v7e-m+fp/hard\libpic32c.a(data_init.o)
 .debug_info    0x0000bb6b      0x620 c:/program files/microchip/xc32/v4.35/bin/bin/../../lib/gcc/pic32c/8.3.1/../../../../pic32c/lib/thumb/v7e-m+fp/hard\libc-musl.a(__libc_start_main.o)
 .debug_info    0x0000c18b      0x532 c:/program files/microchip/xc32/v4.35/bin/bin/../../lib/gcc/pic32c/8.3.1/../../../../pic32c/lib/thumb/v7e-m+fp/hard\libc-musl.a(libc.o)
 .debug_info    0x0000c6bd      0x408 c:/program files/microchip/xc32/v4.35/bin/bin/../../lib/gcc/pic32c/8.3.1/../../../../pic32c/lib/thumb/v7e-m+fp/hard\libc-musl.a(__sio_sprintf_cns.o)
 .debug_info    0x0000cac5      0x534 c:/program files/microchip/xc32/v4.35/bin/bin/../../lib/gcc/pic32c/8.3.1/../../../../pic32c/lib/thumb/v7e-m+fp/hard\libc-musl.a(__fmt_s.o)
 .debug_info    0x0000cff9      0x404 c:/program files/microchip/xc32/v4.35/bin/bin/../../lib/gcc/pic32c/8.3.1/../../../../pic32c/lib/thumb/v7e-m+fp/hard\libc-musl.a(__pop_ptr.o)
 .debug_info    0x0000d3fd      0xd6b c:/program files/microchip/xc32/v4.35/bin/bin/../../lib/gcc/pic32c/8.3.1/../../../../pic32c/lib/thumb/v7e-m+fp/hard\libc-musl.a(__printf_core.o)
 .debug_info    0x0000e168      0x2f8 c:/program files/microchip/xc32/v4.35/bin/bin/../../lib/gcc/pic32c/8.3.1/../../../../pic32c/lib/thumb/v7e-m+fp/hard\libc-musl.a(atoi.o)
 .debug_info    0x0000e460      0x2f8 c:/program files/microchip/xc32/v4.35/bin/bin/../../lib/gcc/pic32c/8.3.1/../../../../pic32c/lib/thumb/v7e-m+fp/hard\libc-musl.a(memcpy.o)
 .debug_info    0x0000e758      0x2bc c:/program files/microchip/xc32/v4.35/bin/bin/../../lib/gcc/pic32c/8.3.1/../../../../pic32c/lib/thumb/v7e-m+fp/hard\libc-musl.a(memset.o)
 .debug_info    0x0000ea14      0x2a7 c:/program files/microchip/xc32/v4.35/bin/bin/../../lib/gcc/pic32c/8.3.1/../../../../pic32c/lib/thumb/v7e-m+fp/hard\libc-musl.a(strlen.o)
 .debug_info    0x0000ecbb      0x350 c:/program files/microchip/xc32/v4.35/bin/bin/../../lib/gcc/pic32c/8.3.1/../../../../pic32c/lib/thumb/v7e-m+fp/hard\libc-musl.a(tolower.o)
 .debug_info    0x0000f00b      0x2ac c:/program files/microchip/xc32/v4.35/bin/bin/../../lib/gcc/pic32c/8.3.1/../../../../pic32c/lib/thumb/v7e-m+fp/hard\libc-musl.a(__environ.o)
 .debug_info    0x0000f2b7      0x270 c:/program files/microchip/xc32/v4.35/bin/bin/../../lib/gcc/pic32c/8.3.1/../../../../pic32c/lib/thumb/v7e-m+fp/hard\libc-musl.a(__errno_location.o)
 .debug_info    0x0000f527      0x3a1 c:/program files/microchip/xc32/v4.35/bin/bin/../../lib/gcc/pic32c/8.3.1/../../../../pic32c/lib/thumb/v7e-m+fp/hard\libc-musl.a(__int_vsprintf.o)
 .debug_info    0x0000f8c8      0x3da c:/program files/microchip/xc32/v4.35/bin/bin/../../lib/gcc/pic32c/8.3.1/../../../../pic32c/lib/thumb/v7e-m+fp/hard\libc-musl.a(__pop_float.o)
 .debug_info    0x0000fca2      0x3fe c:/program files/microchip/xc32/v4.35/bin/bin/../../lib/gcc/pic32c/8.3.1/../../../../pic32c/lib/thumb/v7e-m+fp/hard\libc-musl.a(__pop_int.o)
 .debug_info    0x000100a0      0x4a3 c:/program files/microchip/xc32/v4.35/bin/bin/../../lib/gcc/pic32c/8.3.1/../../../../pic32c/lib/thumb/v7e-m+fp/hard\libc-musl.a(__int_vsnprintf.o)
 .debug_info    0x00010543      0x476 c:/program files/microchip/xc32/v4.35/bin/bin/../../lib/gcc/pic32c/8.3.1/../../../../pic32c/lib/thumb/v7e-m+fp/hard\libc-musl.a(__int_vfprintf.o)
 .debug_info    0x000109b9      0x29c c:/program files/microchip/xc32/v4.35/bin/bin/../../lib/gcc/pic32c/8.3.1/../../../../pic32c/lib/thumb/v7e-m+fp/hard\libpic32c.a(pic32_data_init_clear.o)
 .debug_info    0x00010c55      0x29b c:/program files/microchip/xc32/v4.35/bin/bin/../../lib/gcc/pic32c/8.3.1/../../../../pic32c/lib/thumb/v7e-m+fp/hard\libpic32c.a(pic32_data_init_copy.o)

.debug_abbrev   0x00000000     0x2734
 .debug_abbrev  0x00000000      0x122 build/sam_e51_cnano/production/_ext/7187140/plib_clock.o
 .debug_abbrev  0x00000122      0x3c2 build/sam_e51_cnano/production/_ext/831021835/plib_dmac.o
 .debug_abbrev  0x000004e4      0x18a build/sam_e51_cnano/production/_ext/1220119669/plib_eic.o
 .debug_abbrev  0x0000066e       0x3b build/sam_e51_cnano/production/_ext/9336626/plib_evsys.o
 .debug_abbrev  0x000006a9      0x1f3 build/sam_e51_cnano/production/_ext/830715028/plib_nvic.o
 .debug_abbrev  0x0000089c      0x245 build/sam_e51_cnano/production/_ext/226030394/plib_nvmctrl.o
 .debug_abbrev  0x00000ae1      0x1d6 build/sam_e51_cnano/production/_ext/830661877/plib_port.o
 .debug_abbrev  0x00000cb7      0x218 build/sam_e51_cnano/production/_ext/1220132503/plib_rtc_timer.o
 .debug_abbrev  0x00000ecf      0x2a8 build/sam_e51_cnano/production/_ext/314480351/plib_sercom5_usart.o
 .debug_abbrev  0x00001177       0x8b build/sam_e51_cnano/production/_ext/570918426/initialization.o
 .debug_abbrev  0x00001202       0xb5 build/sam_e51_cnano/production/_ext/570918426/interrupts.o
 .debug_abbrev  0x000012b7       0x3e build/sam_e51_cnano/production/_ext/570918426/exceptions.o
 .debug_abbrev  0x000012f5      0x1db build/sam_e51_cnano/production/_ext/570918426/startup_xc32.o
 .debug_abbrev  0x000014d0      0x1be build/sam_e51_cnano/production/_ext/1360937237/main_sam_e51_cnano.o
 .debug_abbrev  0x0000168e       0x44 c:/program files/microchip/xc32/v4.35/bin/bin/../../lib/gcc/pic32c/8.3.1/../../../../pic32c/lib/thumb/v7e-m+fp/hard\libpic32c.a(data_init.o)
 .debug_abbrev  0x000016d2      0x117 c:/program files/microchip/xc32/v4.35/bin/bin/../../lib/gcc/pic32c/8.3.1/../../../../pic32c/lib/thumb/v7e-m+fp/hard\libc-musl.a(__libc_start_main.o)
 .debug_abbrev  0x000017e9       0xb8 c:/program files/microchip/xc32/v4.35/bin/bin/../../lib/gcc/pic32c/8.3.1/../../../../pic32c/lib/thumb/v7e-m+fp/hard\libc-musl.a(libc.o)
 .debug_abbrev  0x000018a1      0x12e c:/program files/microchip/xc32/v4.35/bin/bin/../../lib/gcc/pic32c/8.3.1/../../../../pic32c/lib/thumb/v7e-m+fp/hard\libc-musl.a(__sio_sprintf_cns.o)
 .debug_abbrev  0x000019cf      0x10b c:/program files/microchip/xc32/v4.35/bin/bin/../../lib/gcc/pic32c/8.3.1/../../../../pic32c/lib/thumb/v7e-m+fp/hard\libc-musl.a(__fmt_s.o)
 .debug_abbrev  0x00001ada       0xce c:/program files/microchip/xc32/v4.35/bin/bin/../../lib/gcc/pic32c/8.3.1/../../../../pic32c/lib/thumb/v7e-m+fp/hard\libc-musl.a(__pop_ptr.o)
 .debug_abbrev  0x00001ba8      0x2c5 c:/program files/microchip/xc32/v4.35/bin/bin/../../lib/gcc/pic32c/8.3.1/../../../../pic32c/lib/thumb/v7e-m+fp/hard\libc-musl.a(__printf_core.o)
 .debug_abbrev  0x00001e6d       0xbb c:/program files/microchip/xc32/v4.35/bin/bin/../../lib/gcc/pic32c/8.3.1/../../../../pic32c/lib/thumb/v7e-m+fp/hard\libc-musl.a(atoi.o)
 .debug_abbrev  0x00001f28       0x9c c:/program files/microchip/xc32/v4.35/bin/bin/../../lib/gcc/pic32c/8.3.1/../../../../pic32c/lib/thumb/v7e-m+fp/hard\libc-musl.a(memcpy.o)
 .debug_abbrev  0x00001fc4       0x97 c:/program files/microchip/xc32/v4.35/bin/bin/../../lib/gcc/pic32c/8.3.1/../../../../pic32c/lib/thumb/v7e-m+fp/hard\libc-musl.a(memset.o)
 .debug_abbrev  0x0000205b       0x86 c:/program files/microchip/xc32/v4.35/bin/bin/../../lib/gcc/pic32c/8.3.1/../../../../pic32c/lib/thumb/v7e-m+fp/hard\libc-musl.a(strlen.o)
 .debug_abbrev  0x000020e1       0xfd c:/program files/microchip/xc32/v4.35/bin/bin/../../lib/gcc/pic32c/8.3.1/../../../../pic32c/lib/thumb/v7e-m+fp/hard\libc-musl.a(tolower.o)
 .debug_abbrev  0x000021de       0x57 c:/program files/microchip/xc32/v4.35/bin/bin/../../lib/gcc/pic32c/8.3.1/../../../../pic32c/lib/thumb/v7e-m+fp/hard\libc-musl.a(__environ.o)
 .debug_abbrev  0x00002235       0x2e c:/program files/microchip/xc32/v4.35/bin/bin/../../lib/gcc/pic32c/8.3.1/../../../../pic32c/lib/thumb/v7e-m+fp/hard\libc-musl.a(__errno_location.o)
 .debug_abbrev  0x00002263       0xc3 c:/program files/microchip/xc32/v4.35/bin/bin/../../lib/gcc/pic32c/8.3.1/../../../../pic32c/lib/thumb/v7e-m+fp/hard\libc-musl.a(__int_vsprintf.o)
 .debug_abbrev  0x00002326       0xbd c:/program files/microchip/xc32/v4.35/bin/bin/../../lib/gcc/pic32c/8.3.1/../../../../pic32c/lib/thumb/v7e-m+fp/hard\libc-musl.a(__pop_float.o)
 .debug_abbrev  0x000023e3       0xbd c:/program files/microchip/xc32/v4.35/bin/bin/../../lib/gcc/pic32c/8.3.1/../../../../pic32c/lib/thumb/v7e-m+fp/hard\libc-musl.a(__pop_int.o)
 .debug_abbrev  0x000024a0      0x127 c:/program files/microchip/xc32/v4.35/bin/bin/../../lib/gcc/pic32c/8.3.1/../../../../pic32c/lib/thumb/v7e-m+fp/hard\libc-musl.a(__int_vsnprintf.o)
 .debug_abbrev  0x000025c7      0x111 c:/program files/microchip/xc32/v4.35/bin/bin/../../lib/gcc/pic32c/8.3.1/../../../../pic32c/lib/thumb/v7e-m+fp/hard\libc-musl.a(__int_vfprintf.o)
 .debug_abbrev  0x000026d8       0x2e c:/program files/microchip/xc32/v4.35/bin/bin/../../lib/gcc/pic32c/8.3.1/../../../../pic32c/lib/thumb/v7e-m+fp/hard\libpic32c.a(pic32_data_init_clear.o)
 .debug_abbrev  0x00002706       0x2e c:/program files/microchip/xc32/v4.35/bin/bin/../../lib/gcc/pic32c/8.3.1/../../../../pic32c/lib/thumb/v7e-m+fp/hard\libpic32c.a(pic32_data_init_copy.o)

.debug_aranges  0x00000000      0x788
 .debug_aranges
                0x00000000       0x20 build/sam_e51_cnano/production/_ext/7187140/plib_clock.o
 .debug_aranges
                0x00000020       0xa0 build/sam_e51_cnano/production/_ext/831021835/plib_dmac.o
 .debug_aranges
                0x000000c0       0x40 build/sam_e51_cnano/production/_ext/1220119669/plib_eic.o
 .debug_aranges
                0x00000100       0x20 build/sam_e51_cnano/production/_ext/9336626/plib_evsys.o
 .debug_aranges
                0x00000120       0x38 build/sam_e51_cnano/production/_ext/830715028/plib_nvic.o
 .debug_aranges
                0x00000158       0xd8 build/sam_e51_cnano/production/_ext/226030394/plib_nvmctrl.o
 .debug_aranges
                0x00000230       0x70 build/sam_e51_cnano/production/_ext/830661877/plib_port.o
 .debug_aranges
                0x000002a0       0xb0 build/sam_e51_cnano/production/_ext/1220132503/plib_rtc_timer.o
 .debug_aranges
                0x00000350       0x78 build/sam_e51_cnano/production/_ext/314480351/plib_sercom5_usart.o
 .debug_aranges
                0x000003c8       0x20 build/sam_e51_cnano/production/_ext/570918426/initialization.o
 .debug_aranges
                0x000003e8       0x20 build/sam_e51_cnano/production/_ext/570918426/interrupts.o
 .debug_aranges
                0x00000408       0x48 build/sam_e51_cnano/production/_ext/570918426/exceptions.o
 .debug_aranges
                0x00000450       0x28 build/sam_e51_cnano/production/_ext/570918426/startup_xc32.o
 .debug_aranges
                0x00000478       0x38 build/sam_e51_cnano/production/_ext/1360937237/main_sam_e51_cnano.o
 .debug_aranges
                0x000004b0       0x28 c:/program files/microchip/xc32/v4.35/bin/bin/../../lib/gcc/pic32c/8.3.1/../../../../pic32c/lib/thumb/v7e-m+fp/hard\libpic32c.a(data_init.o)
 .debug_aranges
                0x000004d8       0x28 c:/program files/microchip/xc32/v4.35/bin/bin/../../lib/gcc/pic32c/8.3.1/../../../../pic32c/lib/thumb/v7e-m+fp/hard\libc-musl.a(__libc_start_main.o)
 .debug_aranges
                0x00000500       0x18 c:/program files/microchip/xc32/v4.35/bin/bin/../../lib/gcc/pic32c/8.3.1/../../../../pic32c/lib/thumb/v7e-m+fp/hard\libc-musl.a(libc.o)
 .debug_aranges
                0x00000518       0x28 c:/program files/microchip/xc32/v4.35/bin/bin/../../lib/gcc/pic32c/8.3.1/../../../../pic32c/lib/thumb/v7e-m+fp/hard\libc-musl.a(__sio_sprintf_cns.o)
 .debug_aranges
                0x00000540       0x20 c:/program files/microchip/xc32/v4.35/bin/bin/../../lib/gcc/pic32c/8.3.1/../../../../pic32c/lib/thumb/v7e-m+fp/hard\libc-musl.a(__fmt_s.o)
 .debug_aranges
                0x00000560       0x20 c:/program files/microchip/xc32/v4.35/bin/bin/../../lib/gcc/pic32c/8.3.1/../../../../pic32c/lib/thumb/v7e-m+fp/hard\libc-musl.a(__pop_ptr.o)
 .debug_aranges
                0x00000580       0x50 c:/program files/microchip/xc32/v4.35/bin/bin/../../lib/gcc/pic32c/8.3.1/../../../../pic32c/lib/thumb/v7e-m+fp/hard\libc-musl.a(__printf_core.o)
 .debug_aranges
                0x000005d0       0x20 c:/program files/microchip/xc32/v4.35/bin/bin/../../lib/gcc/pic32c/8.3.1/../../../../pic32c/lib/thumb/v7e-m+fp/hard\libc-musl.a(atoi.o)
 .debug_aranges
                0x000005f0       0x20 c:/program files/microchip/xc32/v4.35/bin/bin/../../lib/gcc/pic32c/8.3.1/../../../../pic32c/lib/thumb/v7e-m+fp/hard\libc-musl.a(memcpy.o)
 .debug_aranges
                0x00000610       0x20 c:/program files/microchip/xc32/v4.35/bin/bin/../../lib/gcc/pic32c/8.3.1/../../../../pic32c/lib/thumb/v7e-m+fp/hard\libc-musl.a(memset.o)
 .debug_aranges
                0x00000630       0x20 c:/program files/microchip/xc32/v4.35/bin/bin/../../lib/gcc/pic32c/8.3.1/../../../../pic32c/lib/thumb/v7e-m+fp/hard\libc-musl.a(strlen.o)
 .debug_aranges
                0x00000650       0x28 c:/program files/microchip/xc32/v4.35/bin/bin/../../lib/gcc/pic32c/8.3.1/../../../../pic32c/lib/thumb/v7e-m+fp/hard\libc-musl.a(tolower.o)
 .debug_aranges
                0x00000678       0x18 c:/program files/microchip/xc32/v4.35/bin/bin/../../lib/gcc/pic32c/8.3.1/../../../../pic32c/lib/thumb/v7e-m+fp/hard\libc-musl.a(__environ.o)
 .debug_aranges
                0x00000690       0x18 c:/program files/microchip/xc32/v4.35/bin/bin/../../lib/gcc/pic32c/8.3.1/../../../../pic32c/lib/thumb/v7e-m+fp/hard\libc-musl.a(__errno_location.o)
 .debug_aranges
                0x000006a8       0x20 c:/program files/microchip/xc32/v4.35/bin/bin/../../lib/gcc/pic32c/8.3.1/../../../../pic32c/lib/thumb/v7e-m+fp/hard\libc-musl.a(__int_vsprintf.o)
 .debug_aranges
                0x000006c8       0x20 c:/program files/microchip/xc32/v4.35/bin/bin/../../lib/gcc/pic32c/8.3.1/../../../../pic32c/lib/thumb/v7e-m+fp/hard\libc-musl.a(__pop_float.o)
 .debug_aranges
                0x000006e8       0x20 c:/program files/microchip/xc32/v4.35/bin/bin/../../lib/gcc/pic32c/8.3.1/../../../../pic32c/lib/thumb/v7e-m+fp/hard\libc-musl.a(__pop_int.o)
 .debug_aranges
                0x00000708       0x20 c:/program files/microchip/xc32/v4.35/bin/bin/../../lib/gcc/pic32c/8.3.1/../../../../pic32c/lib/thumb/v7e-m+fp/hard\libc-musl.a(__int_vsnprintf.o)
 .debug_aranges
                0x00000728       0x20 c:/program files/microchip/xc32/v4.35/bin/bin/../../lib/gcc/pic32c/8.3.1/../../../../pic32c/lib/thumb/v7e-m+fp/hard\libc-musl.a(__int_vfprintf.o)
 .debug_aranges
                0x00000748       0x20 c:/program files/microchip/xc32/v4.35/bin/bin/../../lib/gcc/pic32c/8.3.1/../../../../pic32c/lib/thumb/v7e-m+fp/hard\libpic32c.a(pic32_data_init_clear.o)
 .debug_aranges
                0x00000768       0x20 c:/program files/microchip/xc32/v4.35/bin/bin/../../lib/gcc/pic32c/8.3.1/../../../../pic32c/lib/thumb/v7e-m+fp/hard\libpic32c.a(pic32_data_init_copy.o)

.debug_ranges   0x00000000      0x5b8
 .debug_ranges  0x00000000       0x10 build/sam_e51_cnano/production/_ext/7187140/plib_clock.o
 .debug_ranges  0x00000010       0xc8 build/sam_e51_cnano/production/_ext/831021835/plib_dmac.o
 .debug_ranges  0x000000d8       0x30 build/sam_e51_cnano/production/_ext/1220119669/plib_eic.o
 .debug_ranges  0x00000108       0x10 build/sam_e51_cnano/production/_ext/9336626/plib_evsys.o
 .debug_ranges  0x00000118       0x28 build/sam_e51_cnano/production/_ext/830715028/plib_nvic.o
 .debug_ranges  0x00000140       0xc8 build/sam_e51_cnano/production/_ext/226030394/plib_nvmctrl.o
 .debug_ranges  0x00000208       0x60 build/sam_e51_cnano/production/_ext/830661877/plib_port.o
 .debug_ranges  0x00000268       0xa0 build/sam_e51_cnano/production/_ext/1220132503/plib_rtc_timer.o
 .debug_ranges  0x00000308       0x68 build/sam_e51_cnano/production/_ext/314480351/plib_sercom5_usart.o
 .debug_ranges  0x00000370       0x10 build/sam_e51_cnano/production/_ext/570918426/initialization.o
 .debug_ranges  0x00000380       0x10 build/sam_e51_cnano/production/_ext/570918426/interrupts.o
 .debug_ranges  0x00000390       0x38 build/sam_e51_cnano/production/_ext/570918426/exceptions.o
 .debug_ranges  0x000003c8       0x18 build/sam_e51_cnano/production/_ext/570918426/startup_xc32.o
 .debug_ranges  0x000003e0       0x28 build/sam_e51_cnano/production/_ext/1360937237/main_sam_e51_cnano.o
 .debug_ranges  0x00000408       0x18 c:/program files/microchip/xc32/v4.35/bin/bin/../../lib/gcc/pic32c/8.3.1/../../../../pic32c/lib/thumb/v7e-m+fp/hard\libpic32c.a(data_init.o)
 .debug_ranges  0x00000420       0x40 c:/program files/microchip/xc32/v4.35/bin/bin/../../lib/gcc/pic32c/8.3.1/../../../../pic32c/lib/thumb/v7e-m+fp/hard\libc-musl.a(__libc_start_main.o)
 .debug_ranges  0x00000460       0x18 c:/program files/microchip/xc32/v4.35/bin/bin/../../lib/gcc/pic32c/8.3.1/../../../../pic32c/lib/thumb/v7e-m+fp/hard\libc-musl.a(__sio_sprintf_cns.o)
 .debug_ranges  0x00000478       0x10 c:/program files/microchip/xc32/v4.35/bin/bin/../../lib/gcc/pic32c/8.3.1/../../../../pic32c/lib/thumb/v7e-m+fp/hard\libc-musl.a(__fmt_s.o)
 .debug_ranges  0x00000488       0x10 c:/program files/microchip/xc32/v4.35/bin/bin/../../lib/gcc/pic32c/8.3.1/../../../../pic32c/lib/thumb/v7e-m+fp/hard\libc-musl.a(__pop_ptr.o)
 .debug_ranges  0x00000498       0x58 c:/program files/microchip/xc32/v4.35/bin/bin/../../lib/gcc/pic32c/8.3.1/../../../../pic32c/lib/thumb/v7e-m+fp/hard\libc-musl.a(__printf_core.o)
 .debug_ranges  0x000004f0       0x10 c:/program files/microchip/xc32/v4.35/bin/bin/../../lib/gcc/pic32c/8.3.1/../../../../pic32c/lib/thumb/v7e-m+fp/hard\libc-musl.a(atoi.o)
 .debug_ranges  0x00000500       0x10 c:/program files/microchip/xc32/v4.35/bin/bin/../../lib/gcc/pic32c/8.3.1/../../../../pic32c/lib/thumb/v7e-m+fp/hard\libc-musl.a(memcpy.o)
 .debug_ranges  0x00000510       0x10 c:/program files/microchip/xc32/v4.35/bin/bin/../../lib/gcc/pic32c/8.3.1/../../../../pic32c/lib/thumb/v7e-m+fp/hard\libc-musl.a(memset.o)
 .debug_ranges  0x00000520       0x10 c:/program files/microchip/xc32/v4.35/bin/bin/../../lib/gcc/pic32c/8.3.1/../../../../pic32c/lib/thumb/v7e-m+fp/hard\libc-musl.a(strlen.o)
 .debug_ranges  0x00000530       0x18 c:/program files/microchip/xc32/v4.35/bin/bin/../../lib/gcc/pic32c/8.3.1/../../../../pic32c/lib/thumb/v7e-m+fp/hard\libc-musl.a(tolower.o)
 .debug_ranges  0x00000548       0x10 c:/program files/microchip/xc32/v4.35/bin/bin/../../lib/gcc/pic32c/8.3.1/../../../../pic32c/lib/thumb/v7e-m+fp/hard\libc-musl.a(__int_vsprintf.o)
 .debug_ranges  0x00000558       0x10 c:/program files/microchip/xc32/v4.35/bin/bin/../../lib/gcc/pic32c/8.3.1/../../../../pic32c/lib/thumb/v7e-m+fp/hard\libc-musl.a(__pop_float.o)
 .debug_ranges  0x00000568       0x10 c:/program files/microchip/xc32/v4.35/bin/bin/../../lib/gcc/pic32c/8.3.1/../../../../pic32c/lib/thumb/v7e-m+fp/hard\libc-musl.a(__pop_int.o)
 .debug_ranges  0x00000578       0x10 c:/program files/microchip/xc32/v4.35/bin/bin/../../lib/gcc/pic32c/8.3.1/../../../../pic32c/lib/thumb/v7e-m+fp/hard\libc-musl.a(__int_vsnprintf.o)
 .debug_ranges  0x00000588       0x10 c:/program files/microchip/xc32/v4.35/bin/bin/../../lib/gcc/pic32c/8.3.1/../../../../pic32c/lib/thumb/v7e-m+fp/hard\libc-musl.a(__int_vfprintf.o)
 .debug_ranges  0x00000598       0x10 c:/program files/microchip/xc32/v4.35/bin/bin/../../lib/gcc/pic32c/8.3.1/../../../../pic32c/lib/thumb/v7e-m+fp/hard\libpic32c.a(pic32_data_init_clear.o)
 .debug_ranges  0x000005a8       0x10 c:/program files/microchip/xc32/v4.35/bin/bin/../../lib/gcc/pic32c/8.3.1/../../../../pic32c/lib/thumb/v7e-m+fp/hard\libpic32c.a(pic32_data_init_copy.o)

.debug_line     0x00000000     0x4a82
 .debug_line    0x00000000      0x278 build/sam_e51_cnano/production/_ext/7187140/plib_clock.o
 .debug_line    0x00000278      0x645 build/sam_e51_cnano/production/_ext/831021835/plib_dmac.o
 .debug_line    0x000008bd      0x288 build/sam_e51_cnano/production/_ext/1220119669/plib_eic.o
 .debug_line    0x00000b45       0x6c build/sam_e51_cnano/production/_ext/9336626/plib_evsys.o
 .debug_line    0x00000bb1      0x356 build/sam_e51_cnano/production/_ext/830715028/plib_nvic.o
 .debug_line    0x00000f07      0x5bf build/sam_e51_cnano/production/_ext/226030394/plib_nvmctrl.o
 .debug_line    0x000014c6      0x2a7 build/sam_e51_cnano/production/_ext/830661877/plib_port.o
 .debug_line    0x0000176d      0x43a build/sam_e51_cnano/production/_ext/1220132503/plib_rtc_timer.o
 .debug_line    0x00001ba7      0x50a build/sam_e51_cnano/production/_ext/314480351/plib_sercom5_usart.o
 .debug_line    0x000020b1      0x29d build/sam_e51_cnano/production/_ext/570918426/initialization.o
 .debug_line    0x0000234e       0xc0 build/sam_e51_cnano/production/_ext/570918426/interrupts.o
 .debug_line    0x0000240e       0xcc build/sam_e51_cnano/production/_ext/570918426/exceptions.o
 .debug_line    0x000024da      0x24c build/sam_e51_cnano/production/_ext/570918426/startup_xc32.o
 .debug_line    0x00002726      0x339 build/sam_e51_cnano/production/_ext/1360937237/main_sam_e51_cnano.o
 .debug_line    0x00002a5f       0xec c:/program files/microchip/xc32/v4.35/bin/bin/../../lib/gcc/pic32c/8.3.1/../../../../pic32c/lib/thumb/v7e-m+fp/hard\libpic32c.a(data_init.o)
 .debug_line    0x00002b4b      0x1cd c:/program files/microchip/xc32/v4.35/bin/bin/../../lib/gcc/pic32c/8.3.1/../../../../pic32c/lib/thumb/v7e-m+fp/hard\libc-musl.a(__libc_start_main.o)
 .debug_line    0x00002d18       0xb8 c:/program files/microchip/xc32/v4.35/bin/bin/../../lib/gcc/pic32c/8.3.1/../../../../pic32c/lib/thumb/v7e-m+fp/hard\libc-musl.a(libc.o)
 .debug_line    0x00002dd0      0x1a1 c:/program files/microchip/xc32/v4.35/bin/bin/../../lib/gcc/pic32c/8.3.1/../../../../pic32c/lib/thumb/v7e-m+fp/hard\libc-musl.a(__sio_sprintf_cns.o)
 .debug_line    0x00002f71      0x1f4 c:/program files/microchip/xc32/v4.35/bin/bin/../../lib/gcc/pic32c/8.3.1/../../../../pic32c/lib/thumb/v7e-m+fp/hard\libc-musl.a(__fmt_s.o)
 .debug_line    0x00003165      0x1e6 c:/program files/microchip/xc32/v4.35/bin/bin/../../lib/gcc/pic32c/8.3.1/../../../../pic32c/lib/thumb/v7e-m+fp/hard\libc-musl.a(__pop_ptr.o)
 .debug_line    0x0000334b      0x697 c:/program files/microchip/xc32/v4.35/bin/bin/../../lib/gcc/pic32c/8.3.1/../../../../pic32c/lib/thumb/v7e-m+fp/hard\libc-musl.a(__printf_core.o)
 .debug_line    0x000039e2      0x16d c:/program files/microchip/xc32/v4.35/bin/bin/../../lib/gcc/pic32c/8.3.1/../../../../pic32c/lib/thumb/v7e-m+fp/hard\libc-musl.a(atoi.o)
 .debug_line    0x00003b4f       0xfc c:/program files/microchip/xc32/v4.35/bin/bin/../../lib/gcc/pic32c/8.3.1/../../../../pic32c/lib/thumb/v7e-m+fp/hard\libc-musl.a(memcpy.o)
 .debug_line    0x00003c4b       0xe6 c:/program files/microchip/xc32/v4.35/bin/bin/../../lib/gcc/pic32c/8.3.1/../../../../pic32c/lib/thumb/v7e-m+fp/hard\libc-musl.a(memset.o)
 .debug_line    0x00003d31       0xe9 c:/program files/microchip/xc32/v4.35/bin/bin/../../lib/gcc/pic32c/8.3.1/../../../../pic32c/lib/thumb/v7e-m+fp/hard\libc-musl.a(strlen.o)
 .debug_line    0x00003e1a      0x15d c:/program files/microchip/xc32/v4.35/bin/bin/../../lib/gcc/pic32c/8.3.1/../../../../pic32c/lib/thumb/v7e-m+fp/hard\libc-musl.a(tolower.o)
 .debug_line    0x00003f77      0x101 c:/program files/microchip/xc32/v4.35/bin/bin/../../lib/gcc/pic32c/8.3.1/../../../../pic32c/lib/thumb/v7e-m+fp/hard\libc-musl.a(__environ.o)
 .debug_line    0x00004078       0x9d c:/program files/microchip/xc32/v4.35/bin/bin/../../lib/gcc/pic32c/8.3.1/../../../../pic32c/lib/thumb/v7e-m+fp/hard\libc-musl.a(__errno_location.o)
 .debug_line    0x00004115      0x153 c:/program files/microchip/xc32/v4.35/bin/bin/../../lib/gcc/pic32c/8.3.1/../../../../pic32c/lib/thumb/v7e-m+fp/hard\libc-musl.a(__int_vsprintf.o)
 .debug_line    0x00004268      0x16b c:/program files/microchip/xc32/v4.35/bin/bin/../../lib/gcc/pic32c/8.3.1/../../../../pic32c/lib/thumb/v7e-m+fp/hard\libc-musl.a(__pop_float.o)
 .debug_line    0x000043d3      0x206 c:/program files/microchip/xc32/v4.35/bin/bin/../../lib/gcc/pic32c/8.3.1/../../../../pic32c/lib/thumb/v7e-m+fp/hard\libc-musl.a(__pop_int.o)
 .debug_line    0x000045d9      0x1c1 c:/program files/microchip/xc32/v4.35/bin/bin/../../lib/gcc/pic32c/8.3.1/../../../../pic32c/lib/thumb/v7e-m+fp/hard\libc-musl.a(__int_vsnprintf.o)
 .debug_line    0x0000479a      0x16e c:/program files/microchip/xc32/v4.35/bin/bin/../../lib/gcc/pic32c/8.3.1/../../../../pic32c/lib/thumb/v7e-m+fp/hard\libc-musl.a(__int_vfprintf.o)
 .debug_line    0x00004908       0xb9 c:/program files/microchip/xc32/v4.35/bin/bin/../../lib/gcc/pic32c/8.3.1/../../../../pic32c/lib/thumb/v7e-m+fp/hard\libpic32c.a(pic32_data_init_clear.o)
 .debug_line    0x000049c1       0xc1 c:/program files/microchip/xc32/v4.35/bin/bin/../../lib/gcc/pic32c/8.3.1/../../../../pic32c/lib/thumb/v7e-m+fp/hard\libpic32c.a(pic32_data_init_copy.o)

.debug_str      0x00000000      0x61d
 .debug_str     0x00000000       0x1e build/sam_e51_cnano/production/_ext/7187140/plib_clock.o
 .debug_str     0x0000001e       0x5b build/sam_e51_cnano/production/_ext/831021835/plib_dmac.o
 .debug_str     0x00000079       0x11 build/sam_e51_cnano/production/_ext/1220119669/plib_eic.o
 .debug_str     0x0000008a        0x0 build/sam_e51_cnano/production/_ext/9336626/plib_evsys.o
 .debug_str     0x0000008a        0xa build/sam_e51_cnano/production/_ext/830715028/plib_nvic.o
 .debug_str     0x00000094       0x20 build/sam_e51_cnano/production/_ext/226030394/plib_nvmctrl.o
 .debug_str     0x000000b4        0xb build/sam_e51_cnano/production/_ext/830661877/plib_port.o
 .debug_str     0x000000bf      0x12d build/sam_e51_cnano/production/_ext/1220132503/plib_rtc_timer.o
 .debug_str     0x000001ec      0x123 build/sam_e51_cnano/production/_ext/314480351/plib_sercom5_usart.o
 .debug_str     0x0000030f       0x9c build/sam_e51_cnano/production/_ext/570918426/initialization.o
 .debug_str     0x000003ab        0x0 build/sam_e51_cnano/production/_ext/570918426/interrupts.o
 .debug_str     0x000003ab        0x0 build/sam_e51_cnano/production/_ext/570918426/exceptions.o
 .debug_str     0x000003ab       0x2f build/sam_e51_cnano/production/_ext/570918426/startup_xc32.o
 .debug_str     0x000003da      0x1d3 build/sam_e51_cnano/production/_ext/1360937237/main_sam_e51_cnano.o
 .debug_str     0x000005ad        0x0 c:/program files/microchip/xc32/v4.35/bin/bin/../../lib/gcc/pic32c/8.3.1/../../../../pic32c/lib/thumb/v7e-m+fp/hard\libpic32c.a(data_init.o)
 .debug_str     0x000005ad        0x0 c:/program files/microchip/xc32/v4.35/bin/bin/../../lib/gcc/pic32c/8.3.1/../../../../pic32c/lib/thumb/v7e-m+fp/hard\libc-musl.a(__libc_start_main.o)
 .debug_str     0x000005ad        0x0 c:/program files/microchip/xc32/v4.35/bin/bin/../../lib/gcc/pic32c/8.3.1/../../../../pic32c/lib/thumb/v7e-m+fp/hard\libc-musl.a(libc.o)
 .debug_str     0x000005ad       0x2b c:/program files/microchip/xc32/v4.35/bin/bin/../../lib/gcc/pic32c/8.3.1/../../../../pic32c/lib/thumb/v7e-m+fp/hard\libc-musl.a(__sio_sprintf_cns.o)
 .debug_str     0x000005d8        0x0 c:/program files/microchip/xc32/v4.35/bin/bin/../../lib/gcc/pic32c/8.3.1/../../../../pic32c/lib/thumb/v7e-m+fp/hard\libc-musl.a(__fmt_s.o)
 .debug_str     0x000005d8        0x0 c:/program files/microchip/xc32/v4.35/bin/bin/../../lib/gcc/pic32c/8.3.1/../../../../pic32c/lib/thumb/v7e-m+fp/hard\libc-musl.a(__pop_ptr.o)
 .debug_str     0x000005d8       0x20 c:/program files/microchip/xc32/v4.35/bin/bin/../../lib/gcc/pic32c/8.3.1/../../../../pic32c/lib/thumb/v7e-m+fp/hard\libc-musl.a(__printf_core.o)
 .debug_str     0x000005f8        0x0 c:/program files/microchip/xc32/v4.35/bin/bin/../../lib/gcc/pic32c/8.3.1/../../../../pic32c/lib/thumb/v7e-m+fp/hard\libc-musl.a(atoi.o)
 .debug_str     0x000005f8        0x0 c:/program files/microchip/xc32/v4.35/bin/bin/../../lib/gcc/pic32c/8.3.1/../../../../pic32c/lib/thumb/v7e-m+fp/hard\libc-musl.a(memcpy.o)
 .debug_str     0x000005f8        0x0 c:/program files/microchip/xc32/v4.35/bin/bin/../../lib/gcc/pic32c/8.3.1/../../../../pic32c/lib/thumb/v7e-m+fp/hard\libc-musl.a(memset.o)
 .debug_str     0x000005f8        0x0 c:/program files/microchip/xc32/v4.35/bin/bin/../../lib/gcc/pic32c/8.3.1/../../../../pic32c/lib/thumb/v7e-m+fp/hard\libc-musl.a(strlen.o)
 .debug_str     0x000005f8        0x0 c:/program files/microchip/xc32/v4.35/bin/bin/../../lib/gcc/pic32c/8.3.1/../../../../pic32c/lib/thumb/v7e-m+fp/hard\libc-musl.a(tolower.o)
 .debug_str     0x000005f8        0x0 c:/program files/microchip/xc32/v4.35/bin/bin/../../lib/gcc/pic32c/8.3.1/../../../../pic32c/lib/thumb/v7e-m+fp/hard\libc-musl.a(__environ.o)
 .debug_str     0x000005f8        0x0 c:/program files/microchip/xc32/v4.35/bin/bin/../../lib/gcc/pic32c/8.3.1/../../../../pic32c/lib/thumb/v7e-m+fp/hard\libc-musl.a(__errno_location.o)
 .debug_str     0x000005f8        0xc c:/program files/microchip/xc32/v4.35/bin/bin/../../lib/gcc/pic32c/8.3.1/../../../../pic32c/lib/thumb/v7e-m+fp/hard\libc-musl.a(__int_vsprintf.o)
 .debug_str     0x00000604        0x0 c:/program files/microchip/xc32/v4.35/bin/bin/../../lib/gcc/pic32c/8.3.1/../../../../pic32c/lib/thumb/v7e-m+fp/hard\libc-musl.a(__pop_float.o)
 .debug_str     0x00000604        0x0 c:/program files/microchip/xc32/v4.35/bin/bin/../../lib/gcc/pic32c/8.3.1/../../../../pic32c/lib/thumb/v7e-m+fp/hard\libc-musl.a(__pop_int.o)
 .debug_str     0x00000604        0xb c:/program files/microchip/xc32/v4.35/bin/bin/../../lib/gcc/pic32c/8.3.1/../../../../pic32c/lib/thumb/v7e-m+fp/hard\libc-musl.a(__int_vsnprintf.o)
 .debug_str     0x0000060f        0xe c:/program files/microchip/xc32/v4.35/bin/bin/../../lib/gcc/pic32c/8.3.1/../../../../pic32c/lib/thumb/v7e-m+fp/hard\libc-musl.a(__int_vfprintf.o)
 .debug_str     0x0000061d        0x0 c:/program files/microchip/xc32/v4.35/bin/bin/../../lib/gcc/pic32c/8.3.1/../../../../pic32c/lib/thumb/v7e-m+fp/hard\libpic32c.a(pic32_data_init_clear.o)
 .debug_str     0x0000061d        0x0 c:/program files/microchip/xc32/v4.35/bin/bin/../../lib/gcc/pic32c/8.3.1/../../../../pic32c/lib/thumb/v7e-m+fp/hard\libpic32c.a(pic32_data_init_copy.o)

.debug_frame    0x00000000      0xc88
 .debug_frame   0x00000000       0x20 build/sam_e51_cnano/production/_ext/7187140/plib_clock.o
 .debug_frame   0x00000020      0x178 build/sam_e51_cnano/production/_ext/831021835/plib_dmac.o
 .debug_frame   0x00000198       0x78 build/sam_e51_cnano/production/_ext/1220119669/plib_eic.o
 .debug_frame   0x00000210       0x20 build/sam_e51_cnano/production/_ext/9336626/plib_evsys.o
 .debug_frame   0x00000230       0x50 build/sam_e51_cnano/production/_ext/830715028/plib_nvic.o
 .debug_frame   0x00000280      0x1d8 build/sam_e51_cnano/production/_ext/226030394/plib_nvmctrl.o
 .debug_frame   0x00000458       0xcc build/sam_e51_cnano/production/_ext/830661877/plib_port.o
 .debug_frame   0x00000524      0x148 build/sam_e51_cnano/production/_ext/1220132503/plib_rtc_timer.o
 .debug_frame   0x0000066c      0x100 build/sam_e51_cnano/production/_ext/314480351/plib_sercom5_usart.o
 .debug_frame   0x0000076c       0x28 build/sam_e51_cnano/production/_ext/570918426/initialization.o
 .debug_frame   0x00000794       0x20 build/sam_e51_cnano/production/_ext/570918426/interrupts.o
 .debug_frame   0x000007b4       0x70 build/sam_e51_cnano/production/_ext/570918426/exceptions.o
 .debug_frame   0x00000824       0x38 build/sam_e51_cnano/production/_ext/570918426/startup_xc32.o
 .debug_frame   0x0000085c       0x5c build/sam_e51_cnano/production/_ext/1360937237/main_sam_e51_cnano.o
 .debug_frame   0x000008b8       0x3c c:/program files/microchip/xc32/v4.35/bin/bin/../../lib/gcc/pic32c/8.3.1/../../../../pic32c/lib/thumb/v7e-m+fp/hard\libpic32c.a(data_init.o)
 .debug_frame   0x000008f4       0x3c c:/program files/microchip/xc32/v4.35/bin/bin/../../lib/gcc/pic32c/8.3.1/../../../../pic32c/lib/thumb/v7e-m+fp/hard\libc-musl.a(__libc_start_main.o)
 .debug_frame   0x00000930       0x58 c:/program files/microchip/xc32/v4.35/bin/bin/../../lib/gcc/pic32c/8.3.1/../../../../pic32c/lib/thumb/v7e-m+fp/hard\libc-musl.a(__sio_sprintf_cns.o)
 .debug_frame   0x00000988       0x34 c:/program files/microchip/xc32/v4.35/bin/bin/../../lib/gcc/pic32c/8.3.1/../../../../pic32c/lib/thumb/v7e-m+fp/hard\libc-musl.a(__fmt_s.o)
 .debug_frame   0x000009bc       0x28 c:/program files/microchip/xc32/v4.35/bin/bin/../../lib/gcc/pic32c/8.3.1/../../../../pic32c/lib/thumb/v7e-m+fp/hard\libc-musl.a(__pop_ptr.o)
 .debug_frame   0x000009e4       0xd0 c:/program files/microchip/xc32/v4.35/bin/bin/../../lib/gcc/pic32c/8.3.1/../../../../pic32c/lib/thumb/v7e-m+fp/hard\libc-musl.a(__printf_core.o)
 .debug_frame   0x00000ab4       0x28 c:/program files/microchip/xc32/v4.35/bin/bin/../../lib/gcc/pic32c/8.3.1/../../../../pic32c/lib/thumb/v7e-m+fp/hard\libc-musl.a(atoi.o)
 .debug_frame   0x00000adc       0x2c c:/program files/microchip/xc32/v4.35/bin/bin/../../lib/gcc/pic32c/8.3.1/../../../../pic32c/lib/thumb/v7e-m+fp/hard\libc-musl.a(memcpy.o)
 .debug_frame   0x00000b08       0x20 c:/program files/microchip/xc32/v4.35/bin/bin/../../lib/gcc/pic32c/8.3.1/../../../../pic32c/lib/thumb/v7e-m+fp/hard\libc-musl.a(memset.o)
 .debug_frame   0x00000b28       0x20 c:/program files/microchip/xc32/v4.35/bin/bin/../../lib/gcc/pic32c/8.3.1/../../../../pic32c/lib/thumb/v7e-m+fp/hard\libc-musl.a(strlen.o)
 .debug_frame   0x00000b48       0x30 c:/program files/microchip/xc32/v4.35/bin/bin/../../lib/gcc/pic32c/8.3.1/../../../../pic32c/lib/thumb/v7e-m+fp/hard\libc-musl.a(tolower.o)
 .debug_frame   0x00000b78       0x20 c:/program files/microchip/xc32/v4.35/bin/bin/../../lib/gcc/pic32c/8.3.1/../../../../pic32c/lib/thumb/v7e-m+fp/hard\libc-musl.a(__int_vsprintf.o)
 .debug_frame   0x00000b98       0x20 c:/program files/microchip/xc32/v4.35/bin/bin/../../lib/gcc/pic32c/8.3.1/../../../../pic32c/lib/thumb/v7e-m+fp/hard\libc-musl.a(__pop_float.o)
 .debug_frame   0x00000bb8       0x28 c:/program files/microchip/xc32/v4.35/bin/bin/../../lib/gcc/pic32c/8.3.1/../../../../pic32c/lib/thumb/v7e-m+fp/hard\libc-musl.a(__pop_int.o)
 .debug_frame   0x00000be0       0x34 c:/program files/microchip/xc32/v4.35/bin/bin/../../lib/gcc/pic32c/8.3.1/../../../../pic32c/lib/thumb/v7e-m+fp/hard\libc-musl.a(__int_vsnprintf.o)
 .debug_frame   0x00000c14       0x2c c:/program files/microchip/xc32/v4.35/bin/bin/../../lib/gcc/pic32c/8.3.1/../../../../pic32c/lib/thumb/v7e-m+fp/hard\libc-musl.a(__int_vfprintf.o)
 .debug_frame   0x00000c40       0x20 c:/program files/microchip/xc32/v4.35/bin/bin/../../lib/gcc/pic32c/8.3.1/../../../../pic32c/lib/thumb/v7e-m+fp/hard\libpic32c.a(pic32_data_init_clear.o)
 .debug_frame   0x00000c60       0x28 c:/program files/microchip/xc32/v4.35/bin/bin/../../lib/gcc/pic32c/8.3.1/../../../../pic32c/lib/thumb/v7e-m+fp/hard\libpic32c.a(pic32_data_init_copy.o)

.debug_loc      0x00000000     0x303a
 .debug_loc     0x00000000      0x91b build/sam_e51_cnano/production/_ext/831021835/plib_dmac.o
 .debug_loc     0x0000091b       0xf9 build/sam_e51_cnano/production/_ext/1220119669/plib_eic.o
 .debug_loc     0x00000a14      0x139 build/sam_e51_cnano/production/_ext/830715028/plib_nvic.o
 .debug_loc     0x00000b4d      0x83e build/sam_e51_cnano/production/_ext/226030394/plib_nvmctrl.o
 .debug_loc     0x0000138b      0x1bc build/sam_e51_cnano/production/_ext/830661877/plib_port.o
 .debug_loc     0x00001547       0xde build/sam_e51_cnano/production/_ext/1220132503/plib_rtc_timer.o
 .debug_loc     0x00001625      0x649 build/sam_e51_cnano/production/_ext/314480351/plib_sercom5_usart.o
 .debug_loc     0x00001c6e       0x45 build/sam_e51_cnano/production/_ext/570918426/initialization.o
 .debug_loc     0x00001cb3       0x4a build/sam_e51_cnano/production/_ext/570918426/startup_xc32.o
 .debug_loc     0x00001cfd       0x2d build/sam_e51_cnano/production/_ext/1360937237/main_sam_e51_cnano.o
 .debug_loc     0x00001d2a       0x14 c:/program files/microchip/xc32/v4.35/bin/bin/../../lib/gcc/pic32c/8.3.1/../../../../pic32c/lib/thumb/v7e-m+fp/hard\libpic32c.a(data_init.o)
 .debug_loc     0x00001d3e       0x51 c:/program files/microchip/xc32/v4.35/bin/bin/../../lib/gcc/pic32c/8.3.1/../../../../pic32c/lib/thumb/v7e-m+fp/hard\libc-musl.a(__libc_start_main.o)
 .debug_loc     0x00001d8f       0xb6 c:/program files/microchip/xc32/v4.35/bin/bin/../../lib/gcc/pic32c/8.3.1/../../../../pic32c/lib/thumb/v7e-m+fp/hard\libc-musl.a(__sio_sprintf_cns.o)
 .debug_loc     0x00001e45      0x157 c:/program files/microchip/xc32/v4.35/bin/bin/../../lib/gcc/pic32c/8.3.1/../../../../pic32c/lib/thumb/v7e-m+fp/hard\libc-musl.a(__fmt_s.o)
 .debug_loc     0x00001f9c      0x1db c:/program files/microchip/xc32/v4.35/bin/bin/../../lib/gcc/pic32c/8.3.1/../../../../pic32c/lib/thumb/v7e-m+fp/hard\libc-musl.a(__pop_ptr.o)
 .debug_loc     0x00002177      0x5e9 c:/program files/microchip/xc32/v4.35/bin/bin/../../lib/gcc/pic32c/8.3.1/../../../../pic32c/lib/thumb/v7e-m+fp/hard\libc-musl.a(__printf_core.o)
 .debug_loc     0x00002760       0xd8 c:/program files/microchip/xc32/v4.35/bin/bin/../../lib/gcc/pic32c/8.3.1/../../../../pic32c/lib/thumb/v7e-m+fp/hard\libc-musl.a(atoi.o)
 .debug_loc     0x00002838      0x10b c:/program files/microchip/xc32/v4.35/bin/bin/../../lib/gcc/pic32c/8.3.1/../../../../pic32c/lib/thumb/v7e-m+fp/hard\libc-musl.a(memcpy.o)
 .debug_loc     0x00002943       0x7d c:/program files/microchip/xc32/v4.35/bin/bin/../../lib/gcc/pic32c/8.3.1/../../../../pic32c/lib/thumb/v7e-m+fp/hard\libc-musl.a(memset.o)
 .debug_loc     0x000029c0       0x90 c:/program files/microchip/xc32/v4.35/bin/bin/../../lib/gcc/pic32c/8.3.1/../../../../pic32c/lib/thumb/v7e-m+fp/hard\libc-musl.a(strlen.o)
 .debug_loc     0x00002a50       0x4a c:/program files/microchip/xc32/v4.35/bin/bin/../../lib/gcc/pic32c/8.3.1/../../../../pic32c/lib/thumb/v7e-m+fp/hard\libc-musl.a(tolower.o)
 .debug_loc     0x00002a9a       0x6c c:/program files/microchip/xc32/v4.35/bin/bin/../../lib/gcc/pic32c/8.3.1/../../../../pic32c/lib/thumb/v7e-m+fp/hard\libc-musl.a(__int_vsprintf.o)
 .debug_loc     0x00002b06       0xa6 c:/program files/microchip/xc32/v4.35/bin/bin/../../lib/gcc/pic32c/8.3.1/../../../../pic32c/lib/thumb/v7e-m+fp/hard\libc-musl.a(__pop_float.o)
 .debug_loc     0x00002bac      0x2f5 c:/program files/microchip/xc32/v4.35/bin/bin/../../lib/gcc/pic32c/8.3.1/../../../../pic32c/lib/thumb/v7e-m+fp/hard\libc-musl.a(__pop_int.o)
 .debug_loc     0x00002ea1       0xfd c:/program files/microchip/xc32/v4.35/bin/bin/../../lib/gcc/pic32c/8.3.1/../../../../pic32c/lib/thumb/v7e-m+fp/hard\libc-musl.a(__int_vsnprintf.o)
 .debug_loc     0x00002f9e       0x88 c:/program files/microchip/xc32/v4.35/bin/bin/../../lib/gcc/pic32c/8.3.1/../../../../pic32c/lib/thumb/v7e-m+fp/hard\libc-musl.a(__int_vfprintf.o)
 .debug_loc     0x00003026       0x14 c:/program files/microchip/xc32/v4.35/bin/bin/../../lib/gcc/pic32c/8.3.1/../../../../pic32c/lib/thumb/v7e-m+fp/hard\libpic32c.a(pic32_data_init_copy.o)

.note.GNU-stack
                0x00000000        0x0
 .note.GNU-stack
                0x00000000        0x0 c:/program files/microchip/xc32/v4.35/bin/bin/../../lib/gcc/pic32c/8.3.1/../../../../pic32c/lib/thumb/v7e-m+fp/hard\libc-musl.a(__libc_start_main.o)
 .note.GNU-stack
                0x00000000        0x0 c:/program files/microchip/xc32/v4.35/bin/bin/../../lib/gcc/pic32c/8.3.1/../../../../pic32c/lib/thumb/v7e-m+fp/hard\libc-musl.a(libc.o)
 .note.GNU-stack
                0x00000000        0x0 c:/program files/microchip/xc32/v4.35/bin/bin/../../lib/gcc/pic32c/8.3.1/../../../../pic32c/lib/thumb/v7e-m+fp/hard\libc-musl.a(__sio_sprintf_cns.o)
 .note.GNU-stack
                0x00000000        0x0 c:/program files/microchip/xc32/v4.35/bin/bin/../../lib/gcc/pic32c/8.3.1/../../../../pic32c/lib/thumb/v7e-m+fp/hard\libc-musl.a(__fmt_s.o)
 .note.GNU-stack
                0x00000000        0x0 c:/program files/microchip/xc32/v4.35/bin/bin/../../lib/gcc/pic32c/8.3.1/../../../../pic32c/lib/thumb/v7e-m+fp/hard\libc-musl.a(__pop_ptr.o)
 .note.GNU-stack
                0x00000000        0x0 c:/program files/microchip/xc32/v4.35/bin/bin/../../lib/gcc/pic32c/8.3.1/../../../../pic32c/lib/thumb/v7e-m+fp/hard\libc-musl.a(__printf_core.o)
 .note.GNU-stack
                0x00000000        0x0 c:/program files/microchip/xc32/v4.35/bin/bin/../../lib/gcc/pic32c/8.3.1/../../../../pic32c/lib/thumb/v7e-m+fp/hard\libc-musl.a(atoi.o)
 .note.GNU-stack
                0x00000000        0x0 c:/program files/microchip/xc32/v4.35/bin/bin/../../lib/gcc/pic32c/8.3.1/../../../../pic32c/lib/thumb/v7e-m+fp/hard\libc-musl.a(memcpy.o)
 .note.GNU-stack
                0x00000000        0x0 c:/program files/microchip/xc32/v4.35/bin/bin/../../lib/gcc/pic32c/8.3.1/../../../../pic32c/lib/thumb/v7e-m+fp/hard\libc-musl.a(memset.o)
 .note.GNU-stack
                0x00000000        0x0 c:/program files/microchip/xc32/v4.35/bin/bin/../../lib/gcc/pic32c/8.3.1/../../../../pic32c/lib/thumb/v7e-m+fp/hard\libc-musl.a(strlen.o)
 .note.GNU-stack
                0x00000000        0x0 c:/program files/microchip/xc32/v4.35/bin/bin/../../lib/gcc/pic32c/8.3.1/../../../../pic32c/lib/thumb/v7e-m+fp/hard\libc-musl.a(tolower.o)
 .note.GNU-stack
                0x00000000        0x0 c:/program files/microchip/xc32/v4.35/bin/bin/../../lib/gcc/pic32c/8.3.1/../../../../pic32c/lib/thumb/v7e-m+fp/hard\libc-musl.a(__environ.o)
 .note.GNU-stack
                0x00000000        0x0 c:/program files/microchip/xc32/v4.35/bin/bin/../../lib/gcc/pic32c/8.3.1/../../../../pic32c/lib/thumb/v7e-m+fp/hard\libc-musl.a(__errno_location.o)
 .note.GNU-stack
                0x00000000        0x0 c:/program files/microchip/xc32/v4.35/bin/bin/../../lib/gcc/pic32c/8.3.1/../../../../pic32c/lib/thumb/v7e-m+fp/hard\libc-musl.a(__int_vsprintf.o)
 .note.GNU-stack
                0x00000000        0x0 c:/program files/microchip/xc32/v4.35/bin/bin/../../lib/gcc/pic32c/8.3.1/../../../../pic32c/lib/thumb/v7e-m+fp/hard\libc-musl.a(__pop_float.o)
 .note.GNU-stack
                0x00000000        0x0 c:/program files/microchip/xc32/v4.35/bin/bin/../../lib/gcc/pic32c/8.3.1/../../../../pic32c/lib/thumb/v7e-m+fp/hard\libc-musl.a(__pop_int.o)
 .note.GNU-stack
                0x00000000        0x0 c:/program files/microchip/xc32/v4.35/bin/bin/../../lib/gcc/pic32c/8.3.1/../../../../pic32c/lib/thumb/v7e-m+fp/hard\libc-musl.a(__int_vsnprintf.o)
 .note.GNU-stack
                0x00000000        0x0 c:/program files/microchip/xc32/v4.35/bin/bin/../../lib/gcc/pic32c/8.3.1/../../../../pic32c/lib/thumb/v7e-m+fp/hard\libc-musl.a(__int_vfprintf.o)

.stack          0x200003f8      0x100
 .stack         0x200003f8      0x100 stack

.bss.eicCallbackObject%1
                0x20000000       0xc0
 .bss.eicCallbackObject
                0x20000000       0xc0 build/sam_e51_cnano/production/_ext/1220119669/plib_eic.o

.bss.uartTxBuffer%2
                0x200000c0       0x64
 .bss.uartTxBuffer
                0x200000c0       0x64 build/sam_e51_cnano/production/_ext/1360937237/main_sam_e51_cnano.o

.bss%3          0x20000124       0x50
 .bss           0x20000124       0x50 c:/program files/microchip/xc32/v4.35/bin/bin/../../lib/gcc/pic32c/8.3.1/../../../../pic32c/lib/thumb/v7e-m+fp/hard\libc-musl.a(libc.o)
                0x20000124                __progname_full
                0x20000124                program_invocation_name
                0x20000128                program_invocation_short_name
                0x20000128                __progname
                0x2000012c                __sysinfo
                0x20000130                __hwcap
                0x20000134                __libc

.bss%4          0x20000174       0x1c
 .bss           0x20000174       0x1c c:/program files/microchip/xc32/v4.35/bin/bin/../../lib/gcc/pic32c/8.3.1/thumb/v7e-m+fp/hard/crtbegin.o

.bss.descriptor_section%5
                0x20000190       0x10
 .bss.descriptor_section
                0x20000190       0x10 build/sam_e51_cnano/production/_ext/831021835/plib_dmac.o

.bss.dmacChannelObj%6
                0x200001a0       0x10
 .bss.dmacChannelObj
                0x200001a0       0x10 build/sam_e51_cnano/production/_ext/831021835/plib_dmac.o

.bss.write_back_section%7
                0x200001b0       0x10
 .bss.write_back_section
                0x200001b0       0x10 build/sam_e51_cnano/production/_ext/831021835/plib_dmac.o

.bss.rtcObj%8   0x200001c0        0xc
 .bss.rtcObj    0x200001c0        0xc build/sam_e51_cnano/production/_ext/1220132503/plib_rtc_timer.o

.bss%9          0x200001cc        0x4
 .bss           0x200001cc        0x4 c:/program files/microchip/xc32/v4.35/bin/bin/../../lib/gcc/pic32c/8.3.1/../../../../pic32c/lib/thumb/v7e-m+fp/hard\libpic32c.a(data_init.o)

.bss%10         0x200001d0        0x4
 .bss           0x200001d0        0x4 c:/program files/microchip/xc32/v4.35/bin/bin/../../lib/gcc/pic32c/8.3.1/../../../../pic32c/lib/thumb/v7e-m+fp/hard\libc-musl.a(__environ.o)
                0x200001d0                __environ
                0x200001d0                environ
                0x200001d0                ___environ
                0x200001d0                _environ

.bss%11         0x200001d4        0x4
 .bss           0x200001d4        0x4 c:/program files/microchip/xc32/v4.35/bin/bin/../../lib/gcc/pic32c/8.3.1/../../../../pic32c/lib/thumb/v7e-m+fp/hard\libc-musl.a(__errno_location.o)
                0x200001d4                __errno_val

.bss.changeTempSamplingRate%12
                0x200001d8        0x1
 .bss.changeTempSamplingRate
                0x200001d8        0x1 build/sam_e51_cnano/production/_ext/1360937237/main_sam_e51_cnano.o

.bss.isRTCExpired%13
                0x200001d9        0x1
 .bss.isRTCExpired
                0x200001d9        0x1 build/sam_e51_cnano/production/_ext/1360937237/main_sam_e51_cnano.o

.bss.tempSampleRate%14
                0x200001da        0x1
 .bss.tempSampleRate
                0x200001da        0x1 build/sam_e51_cnano/production/_ext/1360937237/main_sam_e51_cnano.o

.data.isUSARTTxComplete%15
                0x200001db        0x1
 .data.isUSARTTxComplete
                0x200001db        0x1 build/sam_e51_cnano/production/_ext/1360937237/main_sam_e51_cnano.o

.eh_frame%z1    0x00000000        0x0
 .eh_frame      0x00000000        0x0 c:/program files/microchip/xc32/v4.35/bin/bin/../../lib/gcc/pic32c/8.3.1/thumb/v7e-m+fp/hard/crtbegin.o

.config_00804000.__config_00804000%16
                0x00804000        0x4
 .config_00804000.__config_00804000
                0x00804000        0x4 build/sam_e51_cnano/production/_ext/570918426/initialization.o
                0x00804000                __config_00804000

.config_00804004.__config_00804004%17
                0x00804004        0x4
 .config_00804004.__config_00804004
                0x00804004        0x4 build/sam_e51_cnano/production/_ext/570918426/initialization.o
                0x00804004                __config_00804004

.config_00804008.__config_00804008%18
                0x00804008        0x4
 .config_00804008.__config_00804008
                0x00804008        0x4 build/sam_e51_cnano/production/_ext/570918426/initialization.o
                0x00804008                __config_00804008

.text.__printf_core%19
                0x00000280      0x308
 .text.__printf_core
                0x00000280      0x308 c:/program files/microchip/xc32/v4.35/bin/bin/../../lib/gcc/pic32c/8.3.1/../../../../pic32c/lib/thumb/v7e-m+fp/hard\libc-musl.a(__printf_core.o)
                0x00000280                __printf_core

.text.main%20   0x00000588      0x160
 .text.main     0x00000588      0x160 build/sam_e51_cnano/production/_ext/1360937237/main_sam_e51_cnano.o
                0x00000588                main

.text.DMAC_ChannelTransfer%21
                0x000006e8       0xec
 .text.DMAC_ChannelTransfer
                0x000006e8       0xec build/sam_e51_cnano/production/_ext/831021835/plib_dmac.o
                0x000006e8                DMAC_ChannelTransfer

.text.CLOCK_Initialize%22
                0x000007d4       0xe8
 .text.CLOCK_Initialize
                0x000007d4       0xe8 build/sam_e51_cnano/production/_ext/7187140/plib_clock.o
                0x000007d4                CLOCK_Initialize

.text.__pop_int%23
                0x000008bc       0xac
 .text.__pop_int
                0x000008bc       0xac c:/program files/microchip/xc32/v4.35/bin/bin/../../lib/gcc/pic32c/8.3.1/../../../../pic32c/lib/thumb/v7e-m+fp/hard\libc-musl.a(__pop_int.o)
                0x000008bc                __pop_int_needed
                0x000008bc                __pop_int

.text.EIC_Initialize%24
                0x00000968       0x88
 .text.EIC_Initialize
                0x00000968       0x88 build/sam_e51_cnano/production/_ext/1220119669/plib_eic.o
                0x00000968                EIC_Initialize

.text.Reset_Handler%25
                0x000009f0       0x88
 .text.Reset_Handler
                0x000009f0       0x88 build/sam_e51_cnano/production/_ext/570918426/startup_xc32.o
                0x000009f0                Reset_Handler

.text.DMAC_channel_interruptHandler%26
                0x00000a78       0x84
 .text.DMAC_channel_interruptHandler
                0x00000a78       0x84 build/sam_e51_cnano/production/_ext/831021835/plib_dmac.o

.text.__pad%27  0x00000afc       0x80
 .text.__pad    0x00000afc       0x80 c:/program files/microchip/xc32/v4.35/bin/bin/../../lib/gcc/pic32c/8.3.1/../../../../pic32c/lib/thumb/v7e-m+fp/hard\libc-musl.a(__printf_core.o)
                0x00000afc                __pad

.dinit%28       0x00000b7c       0x80
 .dinit         0x00000b7c       0x80 data_init

.text.__pop_ptr%29
                0x00000bfc       0x7c
 .text.__pop_ptr
                0x00000bfc       0x7c c:/program files/microchip/xc32/v4.35/bin/bin/../../lib/gcc/pic32c/8.3.1/../../../../pic32c/lib/thumb/v7e-m+fp/hard\libc-musl.a(__pop_ptr.o)
                0x00000bfc                __pop_ptr
                0x00000bfc                __pop_ptr_needed

.rodata%30      0x00000c78       0x70
 .rodata        0x00000c78       0x70 build/sam_e51_cnano/production/_ext/1360937237/main_sam_e51_cnano.o

.text.NVIC_Initialize%31
                0x00000ce8       0x68
 .text.NVIC_Initialize
                0x00000ce8       0x68 build/sam_e51_cnano/production/_ext/830715028/plib_nvic.o
                0x00000ce8                NVIC_Initialize

.text.__libc_start_init%32
                0x00000d50       0x5c
 .text.__libc_start_init
                0x00000d50       0x5c c:/program files/microchip/xc32/v4.35/bin/bin/../../lib/gcc/pic32c/8.3.1/../../../../pic32c/lib/thumb/v7e-m+fp/hard\libc-musl.a(__libc_start_main.o)
                0x00000d50                __libc_init_array

.text.DMAC_Initialize%33
                0x00000dac       0x58
 .text.DMAC_Initialize
                0x00000dac       0x58 build/sam_e51_cnano/production/_ext/831021835/plib_dmac.o
                0x00000dac                DMAC_Initialize

.text.__fmt_s%34
                0x00000e04       0x58
 .text.__fmt_s  0x00000e04       0x58 c:/program files/microchip/xc32/v4.35/bin/bin/../../lib/gcc/pic32c/8.3.1/../../../../pic32c/lib/thumb/v7e-m+fp/hard\libc-musl.a(__fmt_s.o)
                0x00000e04                __fmt_s
                0x00000e04                __fmt_0_needed
                0x00000e04                __fmt_s_needed

.text.RTC_Initialize%35
                0x00000e5c       0x54
 .text.RTC_Initialize
                0x00000e5c       0x54 build/sam_e51_cnano/production/_ext/1220132503/plib_rtc_timer.o
                0x00000e5c                RTC_Initialize

.rodata.timeouts%36
                0x00000eb0       0x50
 .rodata.timeouts
                0x00000eb0       0x50 build/sam_e51_cnano/production/_ext/1360937237/main_sam_e51_cnano.o

.text.__vsnprintf%37
                0x00000f00       0x50
 .text.__vsnprintf
                0x00000f00       0x50 c:/program files/microchip/xc32/v4.35/bin/bin/../../lib/gcc/pic32c/8.3.1/../../../../pic32c/lib/thumb/v7e-m+fp/hard\libc-musl.a(__int_vsnprintf.o)
                0x00000f00                __vsnprintf

.text.__pic32c_data_initialization%38
                0x00000f50       0x4c
 .text.__pic32c_data_initialization
                0x00000f50       0x4c c:/program files/microchip/xc32/v4.35/bin/bin/../../lib/gcc/pic32c/8.3.1/../../../../pic32c/lib/thumb/v7e-m+fp/hard\libpic32c.a(data_init.o)
                0x00000f50                __pic32c_data_initialization

.text.atoi%39   0x00000f9c       0x46
 .text.atoi     0x00000f9c       0x46 c:/program files/microchip/xc32/v4.35/bin/bin/../../lib/gcc/pic32c/8.3.1/../../../../pic32c/lib/thumb/v7e-m+fp/hard\libc-musl.a(atoi.o)
                0x00000f9c                atoi

.text%40        0x00000fe4       0x40
 .text          0x00000fe4       0x40 c:/program files/microchip/xc32/v4.35/bin/bin/../../lib/gcc/pic32c/8.3.1/thumb/v7e-m+fp/hard/crtbegin.o

.text.__fmt_state%41
                0x00001024       0x38
 .text.__fmt_state
                0x00001024       0x38 c:/program files/microchip/xc32/v4.35/bin/bin/../../lib/gcc/pic32c/8.3.1/../../../../pic32c/lib/thumb/v7e-m+fp/hard\libc-musl.a(__printf_core.o)
                0x00001024                __fmt_state

.text.SERCOM5_USART_Initialize%42
                0x0000105c       0x34
 .text.SERCOM5_USART_Initialize
                0x0000105c       0x34 build/sam_e51_cnano/production/_ext/314480351/plib_sercom5_usart.o
                0x0000105c                SERCOM5_USART_Initialize

.text.EIC_CallbackRegister%43
                0x00001090       0x30
 .text.EIC_CallbackRegister
                0x00001090       0x30 build/sam_e51_cnano/production/_ext/1220119669/plib_eic.o
                0x00001090                EIC_CallbackRegister

.text.PORT_Initialize%44
                0x000010c0       0x30
 .text.PORT_Initialize
                0x000010c0       0x30 build/sam_e51_cnano/production/_ext/830661877/plib_port.o
                0x000010c0                PORT_Initialize

.text.RTC_InterruptHandler%45
                0x000010f0       0x2c
 .text.RTC_InterruptHandler
                0x000010f0       0x2c build/sam_e51_cnano/production/_ext/1220132503/plib_rtc_timer.o
                0x000010f0                RTC_InterruptHandler

.text.__pop_float%46
                0x0000111c       0x2a
 .text.__pop_float
                0x0000111c       0x2a c:/program files/microchip/xc32/v4.35/bin/bin/../../lib/gcc/pic32c/8.3.1/../../../../pic32c/lib/thumb/v7e-m+fp/hard\libc-musl.a(__pop_float.o)
                0x0000111c                __pop_float_needed
                0x0000111c                __pop_float

.text.EIC_EXTINT_15_InterruptHandler%47
                0x00001148       0x28
 .text.EIC_EXTINT_15_InterruptHandler
                0x00001148       0x28 build/sam_e51_cnano/production/_ext/1220119669/plib_eic.o
                0x00001148                EIC_EXTINT_15_InterruptHandler

.text.SYS_Initialize%48
                0x00001170       0x28
 .text.SYS_Initialize
                0x00001170       0x28 build/sam_e51_cnano/production/_ext/570918426/initialization.o
                0x00001170                SYS_Initialize

.text.__string_out%49
                0x00001198       0x26
 .text.__string_out
                0x00001198       0x26 c:/program files/microchip/xc32/v4.35/bin/bin/../../lib/gcc/pic32c/8.3.1/../../../../pic32c/lib/thumb/v7e-m+fp/hard\libc-musl.a(__printf_core.o)
                0x00001198                __out

.rodata%50      0x000011be       0x1e
 .rodata        0x000011be       0x1e c:/program files/microchip/xc32/v4.35/bin/bin/../../lib/gcc/pic32c/8.3.1/../../../../pic32c/lib/thumb/v7e-m+fp/hard\libc-musl.a(__printf_core.o)

.text.__dinit_copy%51
                0x000011dc       0x1e
 .text.__dinit_copy
                0x000011dc       0x1e c:/program files/microchip/xc32/v4.35/bin/bin/../../lib/gcc/pic32c/8.3.1/../../../../pic32c/lib/thumb/v7e-m+fp/hard\libpic32c.a(pic32_data_init_copy.o)
                0x000011dc                __dinit_copy_needed
                0x000011dc                __dinit_copy

.text.memcpy%52
                0x000011fc       0x1c
 .text.memcpy   0x000011fc       0x1c c:/program files/microchip/xc32/v4.35/bin/bin/../../lib/gcc/pic32c/8.3.1/../../../../pic32c/lib/thumb/v7e-m+fp/hard\libc-musl.a(memcpy.o)
                0x000011fc                memcpy

.text.__vfprintf%53
                0x00001218       0x1c
 .text.__vfprintf
                0x00001218       0x1c c:/program files/microchip/xc32/v4.35/bin/bin/../../lib/gcc/pic32c/8.3.1/../../../../pic32c/lib/thumb/v7e-m+fp/hard\libc-musl.a(__int_vfprintf.o)
                0x00001218                __vfprintf

.text.__wrap_sprintf%54
                0x00001234       0x1a
 .text.__wrap_sprintf
                0x00001234       0x1a c:/program files/microchip/xc32/v4.35/bin/bin/../../lib/gcc/pic32c/8.3.1/../../../../pic32c/lib/thumb/v7e-m+fp/hard\libc-musl.a(__sio_sprintf_cns.o)
                0x00001234                _sprintf_cns
                0x00001234                _dsprintf_cns

.text.RTC_Timer32Start%55
                0x00001250       0x18
 .text.RTC_Timer32Start
                0x00001250       0x18 build/sam_e51_cnano/production/_ext/1220132503/plib_rtc_timer.o
                0x00001250                RTC_Timer32Start

.text.strlen%56
                0x00001268       0x18
 .text.strlen   0x00001268       0x18 c:/program files/microchip/xc32/v4.35/bin/bin/../../lib/gcc/pic32c/8.3.1/../../../../pic32c/lib/thumb/v7e-m+fp/hard\libc-musl.a(strlen.o)
                0x00001268                strlen

.text.RTC_Timer32CounterSet%57
                0x00001280       0x14
 .text.RTC_Timer32CounterSet
                0x00001280       0x14 build/sam_e51_cnano/production/_ext/1220132503/plib_rtc_timer.o
                0x00001280                RTC_Timer32CounterSet

.text.RTC_Timer32Compare0Set%58
                0x00001294       0x14
 .text.RTC_Timer32Compare0Set
                0x00001294       0x14 build/sam_e51_cnano/production/_ext/1220132503/plib_rtc_timer.o
                0x00001294                RTC_Timer32Compare0Set

.text.rtcEventHandler%59
                0x000012a8       0x14
 .text.rtcEventHandler
                0x000012a8       0x14 build/sam_e51_cnano/production/_ext/1360937237/main_sam_e51_cnano.o

.text.usartDmaChannelHandler%60
                0x000012bc       0x14
 .text.usartDmaChannelHandler
                0x000012bc       0x14 build/sam_e51_cnano/production/_ext/1360937237/main_sam_e51_cnano.o

.rodata%61      0x000012d0       0x14
 .rodata        0x000012d0       0x14 c:/program files/microchip/xc32/v4.35/bin/bin/../../lib/gcc/pic32c/8.3.1/../../../../pic32c/lib/thumb/v7e-m+fp/hard\libpic32c.a(data_init.o)

.text.memset%62
                0x000012e4       0x14
 .text.memset   0x000012e4       0x14 c:/program files/microchip/xc32/v4.35/bin/bin/../../lib/gcc/pic32c/8.3.1/../../../../pic32c/lib/thumb/v7e-m+fp/hard\libc-musl.a(memset.o)
                0x000012e4                memset

.text.__dinit_clear%63
                0x000012f8       0x12
 .text.__dinit_clear
                0x000012f8       0x12 c:/program files/microchip/xc32/v4.35/bin/bin/../../lib/gcc/pic32c/8.3.1/../../../../pic32c/lib/thumb/v7e-m+fp/hard\libpic32c.a(pic32_data_init_clear.o)
                0x000012f8                __dinit_clear
                0x000012f8                __dinit_clear_needed

.text.DMAC_ChannelCallbackRegister%64
                0x0000130c       0x10
 .text.DMAC_ChannelCallbackRegister
                0x0000130c       0x10 build/sam_e51_cnano/production/_ext/831021835/plib_dmac.o
                0x0000130c                DMAC_ChannelCallbackRegister

.text.NVMCTRL_Initialize%65
                0x0000131c       0x10
 .text.NVMCTRL_Initialize
                0x0000131c       0x10 build/sam_e51_cnano/production/_ext/226030394/plib_nvmctrl.o
                0x0000131c                NVMCTRL_Initialize

.text.tolower%66
                0x0000132c        0xe
 .text.tolower  0x0000132c        0xe c:/program files/microchip/xc32/v4.35/bin/bin/../../lib/gcc/pic32c/8.3.1/../../../../pic32c/lib/thumb/v7e-m+fp/hard\libc-musl.a(tolower.o)
                0x0000132c                tolower

.text.RTC_Timer32CallbackRegister%67
                0x0000133c        0xc
 .text.RTC_Timer32CallbackRegister
                0x0000133c        0xc build/sam_e51_cnano/production/_ext/1220132503/plib_rtc_timer.o
                0x0000133c                RTC_Timer32CallbackRegister

.text.EIC_User_Handler%68
                0x00001348        0xc
 .text.EIC_User_Handler
                0x00001348        0xc build/sam_e51_cnano/production/_ext/1360937237/main_sam_e51_cnano.o

.text.__vsprintf%69
                0x00001354        0xc
 .text.__vsprintf
                0x00001354        0xc c:/program files/microchip/xc32/v4.35/bin/bin/../../lib/gcc/pic32c/8.3.1/../../../../pic32c/lib/thumb/v7e-m+fp/hard\libc-musl.a(__int_vsprintf.o)
                0x00001354                __vsprintf

.text.DMAC_0_InterruptHandler%70
                0x00001360        0xa
 .text.DMAC_0_InterruptHandler
                0x00001360        0xa build/sam_e51_cnano/production/_ext/831021835/plib_dmac.o
                0x00001360                DMAC_0_InterruptHandler

.rodata%71      0x0000136a        0x7
 .rodata        0x0000136a        0x7 c:/program files/microchip/xc32/v4.35/bin/bin/../../lib/gcc/pic32c/8.3.1/../../../../pic32c/lib/thumb/v7e-m+fp/hard\libc-musl.a(__fmt_s.o)

.text.__dummy_decompress%72
                0x00001372        0x4
 .text.__dummy_decompress
                0x00001372        0x4 c:/program files/microchip/xc32/v4.35/bin/bin/../../lib/gcc/pic32c/8.3.1/../../../../pic32c/lib/thumb/v7e-m+fp/hard\libpic32c.a(data_init.o)
                0x00001372                __dinit_decompress
                0x00001372                __dinit_copy_val_data
                0x00001372                __dinit_copy_emb

.text.__dummy_fmt3%73
                0x00001376        0x4
 .text.__dummy_fmt3
                0x00001376        0x4 c:/program files/microchip/xc32/v4.35/bin/bin/../../lib/gcc/pic32c/8.3.1/../../../../pic32c/lib/thumb/v7e-m+fp/hard\libc-musl.a(__printf_core.o)
                0x00001376                __fmt_o
                0x00001376                __fmt_d
                0x00001376                __fmt_u

.text.__dummy_fmt4%74
                0x0000137a        0x4
 .text.__dummy_fmt4
                0x0000137a        0x4 c:/program files/microchip/xc32/v4.35/bin/bin/../../lib/gcc/pic32c/8.3.1/../../../../pic32c/lib/thumb/v7e-m+fp/hard\libc-musl.a(__printf_core.o)
                0x0000137a                __fmt_fp
                0x0000137a                __fmt_x
                0x0000137a                __fmt_a

.text.EVSYS_Initialize%75
                0x00000fe2        0x2
 .text.EVSYS_Initialize
                0x00000fe2        0x2 build/sam_e51_cnano/production/_ext/9336626/plib_evsys.o
                0x00000fe2                EVSYS_Initialize

.text.Dummy_Handler%76
                0x00001146        0x2
 .text.Dummy_Handler
                0x00001146        0x2 build/sam_e51_cnano/production/_ext/570918426/interrupts.o
                0x00001146                EIC_EXTINT_9_Handler
                0x00001146                TCC0_MC5_Handler
                0x00001146                SVCall_Handler
                0x00001146                SERCOM0_2_Handler
                0x00001146                USB_SOF_HSOF_Handler
                0x00001146                TCC4_OTHER_Handler
                0x00001146                TCC2_MC2_Handler
                0x00001146                EVSYS_0_Handler
                0x00001146                TRNG_Handler
                0x00001146                TC2_Handler
                0x00001146                USB_TRCPT0_Handler
                0x00001146                DAC_OTHER_Handler
                0x00001146                AC_Handler
                0x00001146                DAC_EMPTY_0_Handler
                0x00001146                DMAC_OTHER_Handler
                0x00001146                EIC_EXTINT_5_Handler
                0x00001146                SERCOM3_1_Handler
                0x00001146                SysTick_Handler
                0x00001146                SERCOM4_OTHER_Handler
                0x00001146                SERCOM3_2_Handler
                0x00001146                EIC_EXTINT_6_Handler
                0x00001146                PendSV_Handler
                0x00001146                TCC4_MC0_Handler
                0x00001146                EVSYS_3_Handler
                0x00001146                QSPI_Handler
                0x00001146                TCC2_MC0_Handler
                0x00001146                PDEC_OTHER_Handler
                0x00001146                TCC3_MC0_Handler
                0x00001146                PDEC_MC1_Handler
                0x00001146                TCC2_MC1_Handler
                0x00001146                OSCCTRL_XOSC1_Handler
                0x00001146                PDEC_MC0_Handler
                0x00001146                EIC_EXTINT_4_Handler
                0x00001146                EIC_EXTINT_7_Handler
                0x00001146                SERCOM0_OTHER_Handler
                0x00001146                EVSYS_OTHER_Handler
                0x00001146                SERCOM0_0_Handler
                0x00001146                SERCOM4_0_Handler
                0x00001146                TCC1_MC0_Handler
                0x00001146                SERCOM1_OTHER_Handler
                0x00001146                TCC2_OTHER_Handler
                0x00001146                EIC_EXTINT_11_Handler
                0x00001146                SUPC_BODDET_Handler
                0x00001146                EIC_EXTINT_14_Handler
                0x00001146                OSC32KCTRL_Handler
                0x00001146                EVSYS_1_Handler
                0x00001146                TCC4_MC1_Handler
                0x00001146                SUPC_OTHER_Handler
                0x00001146                WDT_Handler
                0x00001146                CAN0_Handler
                0x00001146                EIC_EXTINT_1_Handler
                0x00001146                TCC3_MC1_Handler
                0x00001146                SERCOM5_0_Handler
                0x00001146                TC4_Handler
                0x00001146                TC1_Handler
                0x00001146                TCC1_MC1_Handler
                0x00001146                EIC_EXTINT_0_Handler
                0x00001146                TCC1_OTHER_Handler
                0x00001146                PAC_Handler
                0x00001146                SERCOM4_1_Handler
                0x00001146                TC3_Handler
                0x00001146                Dummy_Handler
                0x00001146                DAC_RESRDY_0_Handler
                0x00001146                SERCOM5_1_Handler
                0x00001146                DMAC_2_Handler
                0x00001146                TCC0_MC4_Handler
                0x00001146                USB_TRCPT1_Handler
                0x00001146                SERCOM0_1_Handler
                0x00001146                TCC0_MC3_Handler
                0x00001146                EIC_EXTINT_12_Handler
                0x00001146                OSCCTRL_DPLL0_Handler
                0x00001146                SERCOM5_OTHER_Handler
                0x00001146                PM_Handler
                0x00001146                OSCCTRL_DFLL_Handler
                0x00001146                DAC_RESRDY_1_Handler
                0x00001146                DMAC_1_Handler
                0x00001146                USB_OTHER_Handler
                0x00001146                CAN1_Handler
                0x00001146                TCC0_OTHER_Handler
                0x00001146                EIC_EXTINT_10_Handler
                0x00001146                TCC1_MC3_Handler
                0x00001146                OSCCTRL_XOSC0_Handler
                0x00001146                TCC0_MC0_Handler
                0x00001146                EIC_EXTINT_2_Handler
                0x00001146                SDHC0_Handler
                0x00001146                SERCOM1_1_Handler
                0x00001146                I2S_Handler
                0x00001146                PCC_Handler
                0x00001146                TCC3_OTHER_Handler
                0x00001146                EIC_EXTINT_13_Handler
                0x00001146                SERCOM1_0_Handler
                0x00001146                PUKCC_Handler
                0x00001146                SERCOM2_1_Handler
                0x00001146                SERCOM1_2_Handler
                0x00001146                SERCOM3_0_Handler
                0x00001146                SERCOM4_2_Handler
                0x00001146                TCC1_MC2_Handler
                0x00001146                ADC1_RESRDY_Handler
                0x00001146                NVMCTRL_1_Handler
                0x00001146                SERCOM5_2_Handler
                0x00001146                SERCOM2_2_Handler
                0x00001146                DAC_EMPTY_1_Handler
                0x00001146                ADC1_OTHER_Handler
                0x00001146                OSCCTRL_DPLL1_Handler
                0x00001146                EIC_EXTINT_3_Handler
                0x00001146                SERCOM3_OTHER_Handler
                0x00001146                EIC_EXTINT_8_Handler
                0x00001146                NVMCTRL_0_Handler
                0x00001146                ADC0_RESRDY_Handler
                0x00001146                ADC0_OTHER_Handler
                0x00001146                MCLK_Handler
                0x00001146                EVSYS_2_Handler
                0x00001146                SERCOM2_OTHER_Handler
                0x00001146                FREQM_Handler
                0x00001146                TC0_Handler
                0x00001146                TCC0_MC1_Handler
                0x00001146                DMAC_3_Handler
                0x00001146                RAMECC_Handler
                0x00001146                TC5_Handler
                0x00001146                SERCOM2_0_Handler
                0x00001146                AES_Handler
                0x00001146                ICM_Handler
                0x00001146                TCC0_MC2_Handler

.text.NonMaskableInt_Handler%77
                0x000011fa        0x2
 .text.NonMaskableInt_Handler
                0x000011fa        0x2 build/sam_e51_cnano/production/_ext/570918426/exceptions.o
                0x000011fa                NonMaskableInt_Handler

.text.HardFault_Handler%78
                0x0000124e        0x2
 .text.HardFault_Handler
                0x0000124e        0x2 build/sam_e51_cnano/production/_ext/570918426/exceptions.o
                0x0000124e                HardFault_Handler

.text.DebugMonitor_Handler%79
                0x0000130a        0x2
 .text.DebugMonitor_Handler
                0x0000130a        0x2 build/sam_e51_cnano/production/_ext/570918426/exceptions.o
                0x0000130a                DebugMonitor_Handler

.text.MemoryManagement_Handler%80
                0x0000133a        0x2
 .text.MemoryManagement_Handler
                0x0000133a        0x2 build/sam_e51_cnano/production/_ext/570918426/exceptions.o
                0x0000133a                MemoryManagement_Handler

.text.BusFault_Handler%81
                0x0000137e        0x2
 .text.BusFault_Handler
                0x0000137e        0x2 build/sam_e51_cnano/production/_ext/570918426/exceptions.o
                0x0000137e                BusFault_Handler

.text.UsageFault_Handler%82
                0x00001380        0x2
 .text.UsageFault_Handler
                0x00001380        0x2 build/sam_e51_cnano/production/_ext/570918426/exceptions.o
                0x00001380                UsageFault_Handler

.text.Dummy_App_Func%83
                0x00001382        0x2
 .text.Dummy_App_Func
                0x00001382        0x2 build/sam_e51_cnano/production/_ext/570918426/startup_xc32.o
                0x00001382                _on_reset
                0x00001382                _on_bootstrap
                0x00001382                __xc32_on_reset
                0x00001382                Dummy_App_Func
                0x00001382                __xc32_on_bootstrap

.text.__dummy%84
                0x00001384        0x2
 .text.__dummy  0x00001384        0x2 c:/program files/microchip/xc32/v4.35/bin/bin/../../lib/gcc/pic32c/8.3.1/../../../../pic32c/lib/thumb/v7e-m+fp/hard\libc-musl.a(__libc_start_main.o)
                0x00001384                __init_stdio
                0x00001384                __init_host
